
Allocating common symbols
Common symbol       size              file

netbufpool          0x4               binaries/net.o
readylist           0x2               binaries/ready.o
rfltab              0x5a0             binaries/rflinit.o
netportseed         0x8               binaries/net.o
sleepq              0x2               binaries/clkinit.o
nnames              0x4               binaries/naminit.o
udptab              0x168             binaries/udp.o
minheap             0x4               binaries/meminit.o
marks               0x50              binaries/mark.o
currpid             0x4               binaries/initialize.o
Lf_data             0x20c             binaries/lfsinit.o
porttab             0x2d0             binaries/ptinit.o
girmask             0x2               binaries/evec.o
ttytab              0x110             binaries/ttyinit.o
proctab             0x23f0            binaries/initialize.o
prcount             0x4               binaries/initialize.o
lfltab              0xf00             binaries/lflinit.o
rdstab              0x8c              binaries/rdsinit.o
ethertab            0x130             binaries/ethinit.o
NetData             0xb0              binaries/net.o
nmarks              0x4               binaries/mark.o
initsp              0x4               binaries/i386.o
Defer               0x8               binaries/resched.o
semtab              0x4b0             binaries/initialize.o
maxheap             0x4               binaries/meminit.o
preempt             0x4               binaries/clkinit.o
buftab              0xf0              binaries/bufinit.o
Rf_data             0x18              binaries/rfsinit.o
mkmutex             0x4               binaries/mark.o
clktime             0x4               binaries/clkinit.o
arpcache            0x140             binaries/arp.o
icmptab             0x230             binaries/icmp.o
nbpools             0x4               binaries/bufinit.o
queuetab            0x980             binaries/queue.o
ptnextid            0x4               binaries/ptinit.o
Ram                 0x19000           binaries/raminit.o
ipoqueue            0x2c              binaries/ip.o
memlist             0x8               binaries/initialize.o
nametab             0x19a0            binaries/naminit.o
ptfree              0x4               binaries/ptinit.o

Memory Configuration

Name             Origin             Length             Attributes
*default*        0x0000000000000000 0xffffffffffffffff

Linker script and memory map

                0x0000000000100000                physbase = 0x100000
                0x0000000000100000                . = physbase
                0x0000000000100000                . = ALIGN (0x1000)

.text           0x0000000000100000    0x1b000
                0x0000000000100000                text = ABSOLUTE (.)
 *(.text .text.*)
 .text          0x0000000000100000      0x165 binaries/start.o
                0x0000000000100020                entry
                0x000000000010003d                start
                0x00000000001000a5                inb
                0x00000000001000ad                inw
                0x00000000001000b6                inl
                0x00000000001000be                outb
                0x00000000001000c8                outw
                0x00000000001000d3                outl
                0x00000000001000dd                _rtcin
                0x00000000001000e8                ___udivsi3
                0x00000000001000f3                ___divsi3
                0x00000000001000ff                sbzero
                0x000000000010010f                bcopy
                0x0000000000100123                insw
                0x0000000000100139                outsw
                0x000000000010014f                lidt
                0x0000000000100157                jumptocode
                0x000000000010015e                jumptobootcode
 .text          0x0000000000100165      0x3e3 binaries/ascdate.o
                0x0000000000100165                ascdate
 .text          0x0000000000100548       0x14 binaries/bufinit.o
                0x0000000000100548                bufinit
 .text          0x000000000010055c       0x95 binaries/burst_execution.o
                0x000000000010055c                burst_execution
 .text          0x00000000001005f1       0x95 binaries/chprio.o
                0x00000000001005f1                chprio
 .text          0x0000000000100686      0x196 binaries/clkhandler.o
                0x0000000000100686                clkhandler
 .text          0x000000000010081c       0x7e binaries/clkinit.o
                0x000000000010081c                clkinit
 .text          0x000000000010089a       0x75 binaries/close.o
                0x000000000010089a                close
 .text          0x000000000010090f        0x0 binaries/conf.o
 .text          0x000000000010090f       0x7b binaries/control.o
                0x000000000010090f                control
 .text          0x000000000010098a      0x31b binaries/create.o
                0x000000000010098a                create
 .text          0x0000000000100ca5      0x314 binaries/create_user_process.o
                0x0000000000100ca5                create_user_process
 .text          0x0000000000100fb9      0x35f binaries/evec.o
                0x0000000000100fb9                initevec
                0x0000000000101010                set_evec
                0x00000000001010b2                trap
 .text          0x0000000000101318       0x19 binaries/exit.o
                0x0000000000101318                exit
 .text          0x0000000000101331       0x8c binaries/freebuf.o
                0x0000000000101331                freebuf
 .text          0x00000000001013bd      0x172 binaries/freemem.o
                0x00000000001013bd                freemem
 .text          0x000000000010152f       0x8a binaries/getbuf.o
                0x000000000010152f                getbuf
 .text          0x00000000001015b9       0x75 binaries/getc.o
                0x00000000001015b9                getc
 .text          0x000000000010162e       0x74 binaries/getdev.o
                0x000000000010162e                getdev
 .text          0x00000000001016a2       0xd0 binaries/getitem.o
                0x00000000001016a2                getfirst
                0x00000000001016e7                getlast
                0x000000000010172e                getitem
 .text          0x0000000000101772      0x10a binaries/getmem.o
                0x0000000000101772                getmem
 .text          0x000000000010187c        0xa binaries/getpid.o
                0x000000000010187c                getpid
 .text          0x0000000000101886       0x7d binaries/getprio.o
                0x0000000000101886                getprio
 .text          0x0000000000101903       0xfb binaries/getstk.o
                0x0000000000101903                getstk
 .text          0x00000000001019fe       0x16 binaries/getticks.o
                0x00000000001019fe                getticks
 .text          0x0000000000101a14       0x3a binaries/gettime.o
                0x0000000000101a14                gettime
 .text          0x0000000000101a4e      0x1ea binaries/getutime.o
                0x0000000000101a4e                getutime
 .text          0x0000000000101c38      0x3c5 binaries/i386.o
                0x0000000000101c38                setsegs
                0x0000000000101d4a                init8259
                0x0000000000101dfc                pseg
                0x0000000000101fa4                setirmask
 .text          0x0000000000101ffd       0x75 binaries/init.o
                0x0000000000101ffd                init
 .text          0x0000000000102072      0x476 binaries/initialize.o
                0x0000000000102072                nulluser
                0x000000000010248f                stop
                0x00000000001024ba                delay
 .text          0x00000000001024e8       0xde binaries/insert.o
                0x00000000001024e8                insert
 .text          0x00000000001025c6      0x110 binaries/insertd.o
                0x00000000001025c6                insertd
 .text          0x00000000001026d6        0xa binaries/ioerr.o
                0x00000000001026d6                ioerr
 .text          0x00000000001026e0        0xa binaries/ionull.o
                0x00000000001026e0                ionull
 .text          0x00000000001026ea      0x19e binaries/kill.o
                0x00000000001026ea                kill
 .text          0x0000000000102888      0x14e binaries/kprintf.o
                0x0000000000102888                kputc
                0x000000000010291b                kgetc
                0x00000000001029ac                kprintf
 .text          0x00000000001029d6      0x1c3 binaries/main.o
                0x00000000001029d6                sync_printf
                0x0000000000102a86                main
 .text          0x0000000000102b99       0xb5 binaries/mark.o
                0x0000000000102b99                markinit
                0x0000000000102bbd                mark
 .text          0x0000000000102c4e       0xcc binaries/meminit.o
                0x0000000000102c4e                meminit
 .text          0x0000000000102d1a      0x174 binaries/mkbufpool.o
                0x0000000000102d1a                mkbufpool
 .text          0x0000000000102e8e       0x94 binaries/newqueue.o
                0x0000000000102e8e                newqueue
 .text          0x0000000000102f22       0x7b binaries/open.o
                0x0000000000102f22                open
 .text          0x0000000000102f9d       0x20 binaries/panic.o
                0x0000000000102f9d                panic
 .text          0x0000000000102fbd      0x489 binaries/pci.o
                0x0000000000102fbd                pci_init
                0x000000000010327a                find_pci_device
                0x00000000001032c8                pci_bios_read_config_byte
                0x0000000000103307                pci_bios_read_config_word
                0x0000000000103349                pci_bios_read_config_dword
                0x0000000000103388                pci_bios_write_config_byte
                0x00000000001033c9                pci_bios_write_config_word
                0x000000000010340b                pci_bios_write_config_dword
 .text          0x0000000000103446       0x77 binaries/print_ready_list.o
                0x0000000000103446                print_ready_list
 .text          0x00000000001034bd       0xf1 binaries/ptclear.o
                0x00000000001034bd                _ptclear
 .text          0x00000000001035ae       0x9d binaries/ptcount.o
                0x00000000001035ae                ptcount
 .text          0x000000000010364b      0x116 binaries/ptcreate.o
                0x000000000010364b                ptcreate
 .text          0x0000000000103761       0x7f binaries/ptdelete.o
                0x0000000000103761                ptdelete
 .text          0x00000000001037e0       0xbf binaries/ptinit.o
                0x00000000001037e0                ptinit
 .text          0x000000000010389f      0x11b binaries/ptrecv.o
                0x000000000010389f                ptrecv
 .text          0x00000000001039ba       0x77 binaries/ptreset.o
                0x00000000001039ba                ptreset
 .text          0x0000000000103a31      0x13d binaries/ptsend.o
                0x0000000000103a31                ptsend
 .text          0x0000000000103b6e       0x80 binaries/putc.o
                0x0000000000103b6e                putc
 .text          0x0000000000103bee      0x111 binaries/queue.o
                0x0000000000103bee                enqueue
                0x0000000000103c92                dequeue
 .text          0x0000000000103cff       0x7b binaries/read.o
                0x0000000000103cff                read
 .text          0x0000000000103d7a       0x80 binaries/ready.o
                0x0000000000103d7a                ready
 .text          0x0000000000103dfa       0x64 binaries/receive.o
                0x0000000000103dfa                receive
 .text          0x0000000000103e5e       0x60 binaries/recvclr.o
                0x0000000000103e5e                recvclr
 .text          0x0000000000103ebe       0xbf binaries/recvtime.o
                0x0000000000103ebe                recvtime
 .text          0x0000000000103f7d      0x191 binaries/resched.o
                0x0000000000103f7d                resched
                0x0000000000104099                resched_cntl
 .text          0x000000000010410e       0xb2 binaries/resume.o
                0x000000000010410e                resume
 .text          0x00000000001041c0       0x79 binaries/seek.o
                0x00000000001041c0                seek
 .text          0x0000000000104239       0x70 binaries/semcount.o
                0x0000000000104239                semcount
 .text          0x00000000001042a9       0xd6 binaries/semcreate.o
                0x00000000001042a9                semcreate
 .text          0x000000000010437f       0xcd binaries/semdelete.o
                0x000000000010437f                semdelete
 .text          0x000000000010444c       0xcb binaries/semreset.o
                0x000000000010444c                semreset
 .text          0x0000000000104517       0xee binaries/send.o
                0x0000000000104517                send
 .text          0x0000000000104605       0xa8 binaries/signal.o
                0x0000000000104605                signal
 .text          0x00000000001046ad       0xd6 binaries/signaln.o
                0x00000000001046ad                signaln
 .text          0x0000000000104783       0xee binaries/sleep.o
                0x0000000000104783                sleep
                0x00000000001047d1                sleepms
 .text          0x0000000000104871      0x193 binaries/stacktrace.o
                0x0000000000104871                stacktrace
 .text          0x0000000000104a04       0xe8 binaries/suspend.o
                0x0000000000104a04                suspend
 .text          0x0000000000104aec       0xea binaries/unsleep.o
                0x0000000000104aec                unsleep
 .text          0x0000000000104bd6       0x19 binaries/userret.o
                0x0000000000104bd6                userret
 .text          0x0000000000104bef       0xdf binaries/wait.o
                0x0000000000104bef                wait
 .text          0x0000000000104cce       0x72 binaries/wakeup.o
                0x0000000000104cce                wakeup
 .text          0x0000000000104d40       0x7b binaries/write.o
                0x0000000000104d40                write
 .text          0x0000000000104dbb       0x1d binaries/xdone.o
                0x0000000000104dbb                xdone
 .text          0x0000000000104dd8       0x28 binaries/yield.o
                0x0000000000104dd8                yield
 .text          0x0000000000104e00       0x11 binaries/abs.o
                0x0000000000104e00                abs
 .text          0x0000000000104e11       0x8f binaries/atoi.o
                0x0000000000104e11                atoi
 .text          0x0000000000104ea0       0x8f binaries/atol.o
                0x0000000000104ea0                atol
 .text          0x0000000000104f2f       0x31 binaries/bzero.o
                0x0000000000104f2f                bzero
 .text          0x0000000000104f60        0x0 binaries/ctype_.o
 .text          0x0000000000104f60      0x8ed binaries/doprnt.o
                0x0000000000104f60                _doprnt
 .text          0x000000000010584d      0x65c binaries/doscan.o
                0x000000000010584d                _doscan
 .text          0x0000000000105ea9      0x711 binaries/fdoprnt.o
                0x0000000000105ea9                _fdoprnt
 .text          0x00000000001065ba       0x29 binaries/fgetc.o
                0x00000000001065ba                fgetc
 .text          0x00000000001065e3       0x75 binaries/fgets.o
                0x00000000001065e3                fgets
 .text          0x0000000000106658       0x2a binaries/fprintf.o
                0x0000000000106658                fprintf
 .text          0x0000000000106682       0x2c binaries/fputc.o
                0x0000000000106682                fputc
 .text          0x00000000001066ae       0x43 binaries/fputs.o
                0x00000000001066ae                fputs
 .text          0x00000000001066f1       0x8a binaries/fscanf.o
                0x00000000001066f1                fscanf
 .text          0x000000000010677b       0x35 binaries/getchar.o
                0x000000000010677b                getchar
 .text          0x00000000001067b0       0x11 binaries/labs.o
                0x00000000001067b0                labs
 .text          0x00000000001067c1        0x0 binaries/memchr.o
 .text          0x00000000001067c1       0x51 binaries/memcmp.o
                0x00000000001067c1                memcmp
 .text          0x0000000000106812       0x3f binaries/memcpy.o
                0x0000000000106812                memcpy
 .text          0x0000000000106851       0x30 binaries/memset.o
                0x0000000000106851                memset
 .text          0x0000000000106881       0x4b binaries/printf.o
                0x0000000000106881                printf
 .text          0x00000000001068cc       0x38 binaries/putchar.o
                0x00000000001068cc                putchar
 .text          0x0000000000106904      0x27e binaries/qsort.o
                0x0000000000106904                qsort
 .text          0x0000000000106b82       0x63 binaries/rand.o
                0x0000000000106b82                rand
                0x0000000000106b9a                rand_r
                0x0000000000106bd8                srand
 .text          0x0000000000106be5       0x66 binaries/sprintf.o
                0x0000000000106be5                sprintf
 .text          0x0000000000106c4b       0x70 binaries/sscanf.o
                0x0000000000106c4b                sscanf
 .text          0x0000000000106cbb       0x3c binaries/strchr.o
                0x0000000000106cbb                strchr
 .text          0x0000000000106cf7       0x45 binaries/strcmp.o
                0x0000000000106cf7                strcmp
 .text          0x0000000000106d3c       0x27 binaries/strcpy.o
                0x0000000000106d3c                strcpy
 .text          0x0000000000106d63       0x26 binaries/strlen.o
                0x0000000000106d63                strlen
 .text          0x0000000000106d89       0x56 binaries/strncat.o
                0x0000000000106d89                strncat
 .text          0x0000000000106ddf       0x5f binaries/strncmp.o
                0x0000000000106ddf                strncmp
 .text          0x0000000000106e3e       0x4f binaries/strncpy.o
                0x0000000000106e3e                strncpy
 .text          0x0000000000106e8d       0x2e binaries/strnlen.o
                0x0000000000106e8d                strnlen
 .text          0x0000000000106ebb       0x45 binaries/strrchr.o
                0x0000000000106ebb                strrchr
 .text          0x0000000000106f00       0x6d binaries/strstr.o
                0x0000000000106f00                strstr
 .text          0x0000000000106f6d       0xe4 binaries/ttycontrol.o
                0x0000000000106f6d                ttycontrol
 .text          0x0000000000107051       0x97 binaries/ttygetc.o
                0x0000000000107051                ttygetc
 .text          0x00000000001070e8      0x6ee binaries/ttyhandle_in.o
                0x00000000001070e8                ttyhandle_in
 .text          0x00000000001077d6      0x1ae binaries/ttyhandle_out.o
                0x00000000001077d6                ttyhandle_out
 .text          0x0000000000107984       0xce binaries/ttyhandler.o
                0x0000000000107984                ttyhandler
 .text          0x0000000000107a52      0x22f binaries/ttyinit.o
                0x0000000000107a52                ttyinit
 .text          0x0000000000107c81       0x1b binaries/ttykickout.o
                0x0000000000107c81                ttykickout
 .text          0x0000000000107c9c       0xb7 binaries/ttyputc.o
                0x0000000000107c9c                ttyputc
 .text          0x0000000000107d53      0x11b binaries/ttyread.o
                0x0000000000107d53                ttyread
 .text          0x0000000000107e6e       0x4f binaries/ttywrite.o
                0x0000000000107e6e                ttywrite
 .text          0x0000000000107ebd      0x14b binaries/mount.o
                0x0000000000107ebd                mount
                0x0000000000107fd2                namlen
 .text          0x0000000000108008      0x1ea binaries/naminit.o
                0x0000000000108008                naminit
 .text          0x00000000001081f2      0x211 binaries/nammap.o
                0x00000000001081f2                nammap
                0x000000000010827d                namrepl
                0x00000000001083b3                namcpy
 .text          0x0000000000108403       0x4e binaries/namopen.o
                0x0000000000108403                namopen
 .text          0x0000000000108451      0xec3 binaries/82545EMInit.o
                0x00000000001084af                _82545EMInit
                0x0000000000109180                _82545EM_read_phy_reg
                0x0000000000109246                _82545EM_write_phy_reg
 .text          0x0000000000109314      0x241 binaries/ethcontrol.o
                0x0000000000109372                ethcontrol
                0x00000000001094e8                ethIrqDisable
                0x000000000010951d                ethIrqEnable
 .text          0x0000000000109555      0x252 binaries/ethhandler.o
                0x00000000001096c5                ethhandler
 .text          0x00000000001097a7      0x126 binaries/ethinit.o
                0x00000000001097a7                ethinit
 .text          0x00000000001098cd      0x1f4 binaries/ethread.o
                0x000000000010992b                ethread
 .text          0x0000000000109ac1      0x19f binaries/ethwrite.o
                0x0000000000109b1f                ethwrite
 .text          0x0000000000109c60       0x9e binaries/rdsbufalloc.o
                0x0000000000109c60                rdsbufalloc
 .text          0x0000000000109cfe       0xcc binaries/rdsclose.o
                0x0000000000109cfe                rdsclose
 .text          0x0000000000109dca      0x2e8 binaries/rdscomm.o
                0x0000000000109dca                rdscomm
 .text          0x000000000010a0b2      0x233 binaries/rdscontrol.o
                0x000000000010a0b2                rdscontrol
 .text          0x000000000010a2e5      0x1f3 binaries/rdsinit.o
                0x000000000010a2e5                rdsinit
 .text          0x000000000010a4d8      0x19b binaries/rdsopen.o
                0x000000000010a4d8                rdsopen
 .text          0x000000000010a673      0x461 binaries/rdsprocess.o
                0x000000000010a673                rdsprocess
 .text          0x000000000010aad4      0x259 binaries/rdsread.o
                0x000000000010aad4                rdsread
 .text          0x000000000010ad2d      0x1fe binaries/rdswrite.o
                0x000000000010ad2d                rdswrite
 .text          0x000000000010af2b        0xa binaries/ramclose.o
                0x000000000010af2b                ramclose
 .text          0x000000000010af35       0x3e binaries/raminit.o
                0x000000000010af35                raminit
 .text          0x000000000010af73        0xa binaries/ramopen.o
                0x000000000010af73                ramopen
 .text          0x000000000010af7d       0x32 binaries/ramread.o
                0x000000000010af7d                ramread
 .text          0x000000000010afaf       0x32 binaries/ramwrite.o
                0x000000000010afaf                ramwrite
 .text          0x000000000010afe1       0x98 binaries/lfdballoc.o
                0x000000000010afe1                lfdballoc
 .text          0x000000000010b079       0x58 binaries/lfdbfree.o
                0x000000000010b079                lfdbfree
 .text          0x000000000010b0d1       0xb6 binaries/lfflush.o
                0x000000000010b0d1                lfflush
 .text          0x000000000010b187       0xd8 binaries/lfgetmode.o
                0x000000000010b187                lfgetmode
 .text          0x000000000010b25f       0x68 binaries/lfiballoc.o
                0x000000000010b25f                lfiballoc
 .text          0x000000000010b2c7       0x3b binaries/lfibclear.o
                0x000000000010b2c7                lfibclear
 .text          0x000000000010b302       0xad binaries/lfibget.o
                0x000000000010b302                lfibget
 .text          0x000000000010b3af       0xdc binaries/lfibput.o
                0x000000000010b3af                lfibput
 .text          0x000000000010b48b       0xa2 binaries/lflclose.o
                0x000000000010b48b                lflclose
 .text          0x000000000010b52d       0xd0 binaries/lflcontrol.o
                0x000000000010b52d                lflcontrol
 .text          0x000000000010b5fd       0xf2 binaries/lflgetc.o
                0x000000000010b5fd                lflgetc
 .text          0x000000000010b6ef       0xf1 binaries/lflinit.o
                0x000000000010b6ef                lflinit
 .text          0x000000000010b7e0      0x122 binaries/lflputc.o
                0x000000000010b7e0                lflputc
 .text          0x000000000010b902       0x70 binaries/lflread.o
                0x000000000010b902                lflread
 .text          0x000000000010b972       0xac binaries/lflseek.o
                0x000000000010b972                lflseek
 .text          0x000000000010ba1e       0x55 binaries/lflwrite.o
                0x000000000010ba1e                lflwrite
 .text          0x000000000010ba73       0x62 binaries/lfscheck.o
                0x000000000010ba73                lfscheck
 .text          0x000000000010bad5      0x175 binaries/lfsckfmt.o
                0x000000000010bad5                lfsckfmt
 .text          0x000000000010bc4a      0x1ad binaries/lfscreate.o
                0x000000000010bc4a                lfscreate
 .text          0x000000000010bdf7      0x278 binaries/lfsetup.o
                0x000000000010bdf7                lfsetup
 .text          0x000000000010c06f       0x51 binaries/lfsinit.o
                0x000000000010c06f                lfsinit
 .text          0x000000000010c0c0      0x3c0 binaries/lfsopen.o
                0x000000000010c0c0                lfsopen
 .text          0x000000000010c480      0x15e binaries/lftruncate.o
                0x000000000010c480                lftruncate
 .text          0x000000000010c5de       0x71 binaries/rflclose.o
                0x000000000010c5de                rflclose
 .text          0x000000000010c64f       0x32 binaries/rflgetc.o
                0x000000000010c64f                rflgetc
 .text          0x000000000010c681       0x76 binaries/rflinit.o
                0x000000000010c681                rflinit
 .text          0x000000000010c6f7       0x33 binaries/rflputc.o
                0x000000000010c6f7                rflputc
 .text          0x000000000010c72a      0x360 binaries/rflread.o
                0x000000000010c72a                rflread
 .text          0x000000000010ca8a       0x74 binaries/rflseek.o
                0x000000000010ca8a                rflseek
 .text          0x000000000010cafe      0x34d binaries/rflwrite.o
                0x000000000010cafe                rflwrite
 .text          0x000000000010ce4b      0x1e2 binaries/rfscomm.o
                0x000000000010ce4b                rfscomm
 .text          0x000000000010d02d      0x26d binaries/rfscontrol.o
                0x000000000010d02d                rfscontrol
 .text          0x000000000010d29a       0xd8 binaries/rfsgetmode.o
                0x000000000010d29a                rfsgetmode
 .text          0x000000000010d372       0x86 binaries/rfsinit.o
                0x000000000010d372                rfsinit
 .text          0x000000000010d3f8      0x111 binaries/rfsndmsg.o
                0x000000000010d3f8                rfsndmsg
 .text          0x000000000010d509      0x2aa binaries/rfsopen.o
                0x000000000010d509                rfsopen
 .text          0x000000000010d7b3      0x836 binaries/arp.o
                0x000000000010d7b3                arp_init
                0x000000000010d7e5                arp_resolve
                0x000000000010da99                arp_in
                0x000000000010dd51                arp_alloc
                0x000000000010de11                arp_ntoh
                0x000000000010defd                arp_hton
 .text          0x000000000010dfe9      0x8e3 binaries/dhcp.o
                0x000000000010dfe9                dhcp_get_opt_val
                0x000000000010e042                dhcp_bld_bootp_msg
                0x000000000010e14f                dhcp_bld_disc
                0x000000000010e238                dhcp_bld_req
                0x000000000010e3aa                getlocalip
 .text          0x000000000010e8cc      0x59f binaries/dns.o
                0x000000000010e8cc                dnslookup
 .text          0x000000000010ee6b       0xe8 binaries/dot2ip.o
                0x000000000010ee6b                dot2ip
 .text          0x000000000010ef53      0x4c4 binaries/hexdump.o
                0x000000000010ef53                hexdump
                0x000000000010f0fa                hexadump
 .text          0x000000000010f417      0x8af binaries/icmp.o
                0x000000000010f417                icmp_init
                0x000000000010f44e                icmp_in
                0x000000000010f624                icmp_register
                0x000000000010f71f                icmp_recv
                0x000000000010f8ab                icmp_send
                0x000000000010f933                icmp_mkpkt
                0x000000000010fa4d                icmp_release
                0x000000000010fb4b                icmp_cksum
                0x000000000010fbde                icmp_hton
                0x000000000010fc52                icmp_ntoh
 .text          0x000000000010fcc6      0x8a5 binaries/ip.o
                0x000000000010fcc6                ip_in
                0x000000000010fe4a                ip_send
                0x000000000010ffa5                ip_local
                0x000000000010fff1                ip_out
                0x000000000011012a                ipcksum
                0x00000000001101b0                ip_ntoh
                0x000000000011029c                ip_hton
                0x0000000000110388                ipout
                0x00000000001104b7                ip_enqueue
 .text          0x000000000011056b      0x2cd binaries/net.o
                0x000000000011056b                net_init
                0x0000000000110693                netin
                0x0000000000110750                eth_hton
                0x000000000011077a                eth_ntoh
                0x00000000001107a4                getport
 .text          0x0000000000110838     0x147f binaries/pdump.o
                0x0000000000110838                pdump
                0x00000000001115f5                pdumph
 .text          0x0000000000111cb7      0x613 binaries/tftp.o
                0x0000000000111cb7                tftp_send1
                0x0000000000111e2f                tftpget
                0x0000000000111e61                tftpget_mb
 .text          0x00000000001122ca      0xb82 binaries/udp.o
                0x00000000001122ca                udp_init
                0x00000000001122ff                udp_in
                0x0000000000112441                udp_register
                0x000000000011257e                udp_recv
                0x000000000011271a                udp_recvaddr
                0x00000000001128ce                udp_send
                0x0000000000112ab6                udp_sendto
                0x0000000000112c67                udp_release
                0x0000000000112d62                udp_ntoh
                0x0000000000112dd7                udp_hton
 .text          0x0000000000112e4c      0x13c binaries/addargs.o
                0x0000000000112e4c                addargs
 .text          0x0000000000112f88      0x2c9 binaries/lexan.o
                0x0000000000112f88                lexan
 .text          0x0000000000113251      0x66b binaries/shell.o
                0x0000000000113251                shell
 .text          0x00000000001138bc       0x69 binaries/xsh_argecho.o
                0x00000000001138bc                xsh_argecho
 .text          0x0000000000113925      0x275 binaries/xsh_arp.o
                0x0000000000113925                xsh_arp
 .text          0x0000000000113b9a      0x28a binaries/xsh_cat.o
                0x0000000000113b9a                xsh_cat
 .text          0x0000000000113e24       0x62 binaries/xsh_clear.o
                0x0000000000113e24                xsh_clear
 .text          0x0000000000113e86      0x30e binaries/xsh_date.o
                0x0000000000113e86                xsh_date
 .text          0x0000000000114194       0xb2 binaries/xsh_devdump.o
                0x0000000000114194                xsh_devdump
 .text          0x0000000000114246       0x72 binaries/xsh_echo.o
                0x0000000000114246                xsh_echo
 .text          0x00000000001142b8        0xa binaries/xsh_exit.o
                0x00000000001142b8                xsh_exit
 .text          0x00000000001142c2      0x391 binaries/xsh_help.o
                0x00000000001142c2                xsh_help
 .text          0x0000000000114653      0x25d binaries/xsh_kill.o
                0x0000000000114653                xsh_kill
 .text          0x00000000001148b0      0x55d binaries/xsh_memdump.o
                0x00000000001148b0                xsh_memdump
 .text          0x0000000000114e0d      0x2b7 binaries/xsh_memstat.o
                0x0000000000114e0d                xsh_memstat
 .text          0x00000000001150c4      0x51d binaries/xsh_netinfo.o
                0x00000000001150c4                xsh_netinfo
 .text          0x00000000001155e1      0x4b3 binaries/xsh_ping.o
                0x00000000001155e1                xsh_ping
 .text          0x0000000000115a94      0x230 binaries/xsh_ps.o
                0x0000000000115a94                xsh_ps
 .text          0x0000000000115cc4      0x239 binaries/xsh_sleep.o
                0x0000000000115cc4                xsh_sleep
 .text          0x0000000000115efd      0x282 binaries/xsh_udpdump.o
                0x0000000000115efd                xsh_udpdump
 .text          0x000000000011617f      0x4ea binaries/xsh_udpecho.o
                0x000000000011617f                xsh_udpecho
 .text          0x0000000000116669      0x2c8 binaries/xsh_udpserver.o
                0x0000000000116669                xsh_udpeserver
 .text          0x0000000000116931      0x1fb binaries/xsh_uptime.o
                0x0000000000116931                xsh_uptime
 .text          0x0000000000116b2c        0xe binaries/clkdisp.o
                0x0000000000116b2c                clkdisp
 .text          0x0000000000116b3a       0x19 binaries/ctxsw.o
                0x0000000000116b3a                ctxsw
 .text          0x0000000000116b53      0x36b binaries/intr.o
                0x0000000000116b53                disable
                0x0000000000116b5c                restore
                0x0000000000116b6a                enable
                0x0000000000116b6c                pause
                0x0000000000116b73                halt
                0x0000000000116b79                spurious_irq7
                0x0000000000116b7e                spurious_irq15
                0x0000000000116b8d                _Xint0
                0x0000000000116b98                _Xint1
                0x0000000000116ba3                _Xint2
                0x0000000000116bae                _Xint3
                0x0000000000116bb9                _Xint4
                0x0000000000116bc4                _Xint5
                0x0000000000116bcf                _Xint6
                0x0000000000116bda                _Xint7
                0x0000000000116be5                _Xint8
                0x0000000000116bf0                _Xint9
                0x0000000000116bfb                _Xint10
                0x0000000000116c06                _Xint11
                0x0000000000116c14                _Xint12
                0x0000000000116c22                _Xint13
                0x0000000000116c30                _Xint14
                0x0000000000116c3e                _Xint15
                0x0000000000116c4c                _Xint16
                0x0000000000116c5a                _Xint17
                0x0000000000116c68                _Xint18
                0x0000000000116c76                _Xint19
                0x0000000000116c84                _Xint20
                0x0000000000116c92                _Xint21
                0x0000000000116ca0                _Xint22
                0x0000000000116cae                _Xint23
                0x0000000000116cbc                _Xint24
                0x0000000000116cca                _Xint25
                0x0000000000116cd8                _Xint26
                0x0000000000116ce6                _Xint27
                0x0000000000116cf4                _Xint28
                0x0000000000116d02                _Xint29
                0x0000000000116d10                _Xint30
                0x0000000000116d1e                _Xint31
                0x0000000000116d2c                _Xint32
                0x0000000000116d3a                _Xint33
                0x0000000000116d48                _Xint34
                0x0000000000116d56                _Xint35
                0x0000000000116d64                _Xint36
                0x0000000000116d72                _Xint37
                0x0000000000116d80                _Xint38
                0x0000000000116d8e                _Xint39
                0x0000000000116d9c                _Xint40
                0x0000000000116daa                _Xint41
                0x0000000000116db8                _Xint42
                0x0000000000116dc6                _Xint43
                0x0000000000116dd4                _Xint44
                0x0000000000116de2                _Xint45
                0x0000000000116df0                _Xint46
                0x0000000000116dfe                defevec
 .text          0x0000000000116ebe        0xf binaries/ttydispatch.o
                0x0000000000116ebe                ttydispatch
 .text          0x0000000000116ecd       0x13 binaries/ethdispatch.o
                0x0000000000116ecd                ethdispatch
 *(.rodata .rodata.*)
 .rodata        0x0000000000116ee0       0x8e binaries/ascdate.o
 .rodata        0x0000000000116f6e       0xae binaries/conf.o
 .rodata        0x000000000011701c      0x22f binaries/evec.o
 *fill*         0x000000000011724b        0x1 
 .rodata        0x000000000011724c       0x61 binaries/getutime.o
 *fill*         0x00000000001172ad        0x3 
 .rodata        0x00000000001172b0       0x90 binaries/i386.o
 .rodata        0x0000000000117340      0x180 binaries/initialize.o
 .rodata        0x00000000001174c0       0x20 binaries/kill.o
 .rodata        0x00000000001174e0       0xf9 binaries/main.o
 .rodata        0x00000000001175d9        0xf binaries/panic.o
 .rodata        0x00000000001175e8      0x1ec binaries/pci.o
 .rodata        0x00000000001177d4       0x26 binaries/print_ready_list.o
 .rodata        0x00000000001177fa       0x1d binaries/ptinit.o
 *fill*         0x0000000000117817        0x1 
 .rodata        0x0000000000117818       0x25 binaries/ptsend.o
 *fill*         0x000000000011783d        0x3 
 .rodata        0x0000000000117840       0xb7 binaries/stacktrace.o
 *fill*         0x00000000001178f7        0x1 
 .rodata        0x00000000001178f8       0x27 binaries/xdone.o
 *fill*         0x000000000011791f        0x1 
 .rodata        0x0000000000117920       0x81 binaries/ctype_.o
                0x0000000000117920                _ctype_
 *fill*         0x00000000001179a1        0x3 
 .rodata        0x00000000001179a4       0xee binaries/doprnt.o
 *fill*         0x0000000000117a92        0x2 
 .rodata        0x0000000000117a94       0x98 binaries/doscan.o
 .rodata        0x0000000000117b2c       0xae binaries/fdoprnt.o
 *fill*         0x0000000000117bda        0x2 
 .rodata        0x0000000000117bdc       0x20 binaries/ttycontrol.o
 .rodata        0x0000000000117bfc       0x34 binaries/ttyhandler.o
 .rodata        0x0000000000117c30       0x80 binaries/naminit.o
 .rodata        0x0000000000117cb0       0x2e binaries/82545EMInit.o
 *fill*         0x0000000000117cde        0x2 
 .rodata        0x0000000000117ce0       0x78 binaries/ethinit.o
 .rodata        0x0000000000117d58       0x18 binaries/ethread.o
 .rodata        0x0000000000117d70       0x2c binaries/rdsbufalloc.o
 .rodata        0x0000000000117d9c       0x76 binaries/rdscomm.o
 *fill*         0x0000000000117e12        0x2 
 .rodata        0x0000000000117e14       0x48 binaries/rdscontrol.o
 .rodata        0x0000000000117e5c       0x96 binaries/rdsinit.o
 *fill*         0x0000000000117ef2        0x2 
 .rodata        0x0000000000117ef4       0x22 binaries/rdsopen.o
 *fill*         0x0000000000117f16        0x2 
 .rodata        0x0000000000117f18       0x4d binaries/rdsprocess.o
 .rodata        0x0000000000117f65        0x9 binaries/raminit.o
 *fill*         0x0000000000117f6e        0x2 
 .rodata        0x0000000000117f70       0x37 binaries/lfdballoc.o
 .rodata        0x0000000000117fa7       0x14 binaries/lfiballoc.o
 *fill*         0x0000000000117fbb        0x1 
 .rodata        0x0000000000117fbc       0x23 binaries/lflcontrol.o
 *fill*         0x0000000000117fdf        0x1 
 .rodata        0x0000000000117fe0      0x11b binaries/lfsckfmt.o
 *fill*         0x00000000001180fb        0x1 
 .rodata        0x00000000001180fc       0x2a binaries/lfsopen.o
 *fill*         0x0000000000118126        0x2 
 .rodata        0x0000000000118128       0x21 binaries/rflread.o
 *fill*         0x0000000000118149        0x3 
 .rodata        0x000000000011814c       0x21 binaries/rflwrite.o
 *fill*         0x000000000011816d        0x3 
 .rodata        0x0000000000118170       0x75 binaries/rfscomm.o
 *fill*         0x00000000001181e5        0x3 
 .rodata        0x00000000001181e8       0x3c binaries/rfscontrol.o
 .rodata        0x0000000000118224       0x63 binaries/rfsinit.o
 *fill*         0x0000000000118287        0x1 
 .rodata        0x0000000000118288       0x2a binaries/rfsndmsg.o
 *fill*         0x00000000001182b2        0x2 
 .rodata        0x00000000001182b4       0x22 binaries/rfsopen.o
 *fill*         0x00000000001182d6        0x2 
 .rodata        0x00000000001182d8       0x3a binaries/arp.o
 *fill*         0x0000000000118312        0x2 
 .rodata        0x0000000000118314       0xcf binaries/dhcp.o
 .rodata        0x00000000001183e3       0x1a binaries/dns.o
 *fill*         0x00000000001183fd        0x3 
 .rodata        0x0000000000118400       0xc9 binaries/hexdump.o
 *fill*         0x00000000001184c9        0x3 
 .rodata        0x00000000001184cc       0x29 binaries/icmp.o
 *fill*         0x00000000001184f5        0x3 
 .rodata        0x00000000001184f8       0x6e binaries/ip.o
 *fill*         0x0000000000118566        0x2 
 .rodata        0x0000000000118568       0x4f binaries/net.o
 *fill*         0x00000000001185b7        0x1 
 .rodata        0x00000000001185b8      0x26f binaries/pdump.o
 *fill*         0x0000000000118827        0x1 
 .rodata        0x0000000000118828      0x154 binaries/tftp.o
 *fill*         0x000000000011897c        0x4 
 .rodata        0x0000000000118980      0x3c1 binaries/shell.o
                0x0000000000118a00                cmdtab
 .rodata        0x0000000000118d41       0x28 binaries/xsh_argecho.o
 *fill*         0x0000000000118d69        0x3 
 .rodata        0x0000000000118d6c      0x123 binaries/xsh_arp.o
 *fill*         0x0000000000118e8f        0x1 
 .rodata        0x0000000000118e90       0xc9 binaries/xsh_cat.o
 .rodata        0x0000000000118f59       0x19 binaries/xsh_clear.o
 *fill*         0x0000000000118f72        0x2 
 .rodata        0x0000000000118f74      0x1c3 binaries/xsh_date.o
 .rodata        0x0000000000119137       0x5d binaries/xsh_devdump.o
 .rodata        0x0000000000119194        0x9 binaries/xsh_echo.o
 *fill*         0x000000000011919d        0x3 
 .rodata        0x00000000001191a0      0x169 binaries/xsh_help.o
 *fill*         0x0000000000119309        0x3 
 .rodata        0x000000000011930c      0x12e binaries/xsh_kill.o
 *fill*         0x000000000011943a        0x2 
 .rodata        0x000000000011943c      0x266 binaries/xsh_memdump.o
 *fill*         0x00000000001196a2        0x2 
 .rodata        0x00000000001196a4      0x225 binaries/xsh_memstat.o
 *fill*         0x00000000001198c9        0x3 
 .rodata        0x00000000001198cc      0x1b0 binaries/xsh_netinfo.o
 .rodata        0x0000000000119a7c      0x1a1 binaries/xsh_ping.o
 *fill*         0x0000000000119c1d        0x3 
 .rodata        0x0000000000119c20      0x1e0 binaries/xsh_ps.o
 .rodata        0x0000000000119e00       0xeb binaries/xsh_sleep.o
 *fill*         0x0000000000119eeb        0x1 
 .rodata        0x0000000000119eec      0x1b8 binaries/xsh_udpdump.o
 .rodata        0x000000000011a0a4      0x215 binaries/xsh_udpecho.o
 *fill*         0x000000000011a2b9        0x3 
 .rodata        0x000000000011a2bc      0x12b binaries/xsh_udpserver.o
 *fill*         0x000000000011a3e7        0x1 
 .rodata        0x000000000011a3e8      0x105 binaries/xsh_uptime.o
                0x000000000011a4ed                etext = ABSOLUTE (.)
                0x000000000011b000                . = ALIGN (0x1000)
 *fill*         0x000000000011a4ed      0xb13 

.eh_frame       0x000000000011b000     0x2ce4
 .eh_frame      0x000000000011b000       0x38 binaries/ascdate.o
 .eh_frame      0x000000000011b038       0x20 binaries/bufinit.o
                                         0x38 (size before relaxing)
 .eh_frame      0x000000000011b058       0x20 binaries/burst_execution.o
                                         0x38 (size before relaxing)
 .eh_frame      0x000000000011b078       0x20 binaries/chprio.o
                                         0x38 (size before relaxing)
 .eh_frame      0x000000000011b098       0x20 binaries/clkhandler.o
                                         0x38 (size before relaxing)
 .eh_frame      0x000000000011b0b8       0x20 binaries/clkinit.o
                                         0x38 (size before relaxing)
 .eh_frame      0x000000000011b0d8       0x20 binaries/close.o
                                         0x38 (size before relaxing)
 .eh_frame      0x000000000011b0f8       0x20 binaries/control.o
                                         0x38 (size before relaxing)
 .eh_frame      0x000000000011b118       0x40 binaries/create.o
                                         0x58 (size before relaxing)
 .eh_frame      0x000000000011b158       0x40 binaries/create_user_process.o
                                         0x58 (size before relaxing)
 .eh_frame      0x000000000011b198       0x60 binaries/evec.o
                                         0x78 (size before relaxing)
 .eh_frame      0x000000000011b1f8       0x20 binaries/exit.o
                                         0x38 (size before relaxing)
 .eh_frame      0x000000000011b218       0x20 binaries/freebuf.o
                                         0x38 (size before relaxing)
 .eh_frame      0x000000000011b238       0x20 binaries/freemem.o
                                         0x38 (size before relaxing)
 .eh_frame      0x000000000011b258       0x20 binaries/getbuf.o
                                         0x38 (size before relaxing)
 .eh_frame      0x000000000011b278       0x20 binaries/getc.o
                                         0x38 (size before relaxing)
 .eh_frame      0x000000000011b298       0x20 binaries/getdev.o
                                         0x38 (size before relaxing)
 .eh_frame      0x000000000011b2b8       0x60 binaries/getitem.o
                                         0x78 (size before relaxing)
 .eh_frame      0x000000000011b318       0x20 binaries/getmem.o
                                         0x38 (size before relaxing)
 .eh_frame      0x000000000011b338       0x20 binaries/getpid.o
                                         0x38 (size before relaxing)
 .eh_frame      0x000000000011b358       0x20 binaries/getprio.o
                                         0x38 (size before relaxing)
 .eh_frame      0x000000000011b378       0x20 binaries/getstk.o
                                         0x38 (size before relaxing)
 .eh_frame      0x000000000011b398       0x20 binaries/getticks.o
                                         0x38 (size before relaxing)
 .eh_frame      0x000000000011b3b8       0x20 binaries/gettime.o
                                         0x38 (size before relaxing)
 .eh_frame      0x000000000011b3d8       0x20 binaries/getutime.o
                                         0x38 (size before relaxing)
 .eh_frame      0x000000000011b3f8       0x8c binaries/i386.o
                                         0xa4 (size before relaxing)
 .eh_frame      0x000000000011b484       0x20 binaries/init.o
                                         0x38 (size before relaxing)
 .eh_frame      0x000000000011b4a4       0xa0 binaries/initialize.o
                                         0xb8 (size before relaxing)
 .eh_frame      0x000000000011b544       0x20 binaries/insert.o
                                         0x38 (size before relaxing)
 .eh_frame      0x000000000011b564       0x20 binaries/insertd.o
                                         0x38 (size before relaxing)
 .eh_frame      0x000000000011b584       0x20 binaries/ioerr.o
                                         0x38 (size before relaxing)
 .eh_frame      0x000000000011b5a4       0x20 binaries/ionull.o
                                         0x38 (size before relaxing)
 .eh_frame      0x000000000011b5c4       0x20 binaries/kill.o
                                         0x38 (size before relaxing)
 .eh_frame      0x000000000011b5e4       0x60 binaries/kprintf.o
                                         0x78 (size before relaxing)
 .eh_frame      0x000000000011b644       0x60 binaries/main.o
                                         0x78 (size before relaxing)
 .eh_frame      0x000000000011b6a4       0x40 binaries/mark.o
                                         0x58 (size before relaxing)
 .eh_frame      0x000000000011b6e4       0x20 binaries/meminit.o
                                         0x38 (size before relaxing)
 .eh_frame      0x000000000011b704       0x20 binaries/mkbufpool.o
                                         0x38 (size before relaxing)
 .eh_frame      0x000000000011b724       0x20 binaries/newqueue.o
                                         0x38 (size before relaxing)
 .eh_frame      0x000000000011b744       0x20 binaries/open.o
                                         0x38 (size before relaxing)
 .eh_frame      0x000000000011b764       0x1c binaries/panic.o
                                         0x34 (size before relaxing)
 .eh_frame      0x000000000011b780      0x1c8 binaries/pci.o
                                        0x1e0 (size before relaxing)
 .eh_frame      0x000000000011b948       0x20 binaries/print_ready_list.o
                                         0x38 (size before relaxing)
 .eh_frame      0x000000000011b968       0x20 binaries/ptclear.o
                                         0x38 (size before relaxing)
 .eh_frame      0x000000000011b988       0x20 binaries/ptcount.o
                                         0x38 (size before relaxing)
 .eh_frame      0x000000000011b9a8       0x20 binaries/ptcreate.o
                                         0x38 (size before relaxing)
 .eh_frame      0x000000000011b9c8       0x20 binaries/ptdelete.o
                                         0x38 (size before relaxing)
 .eh_frame      0x000000000011b9e8       0x20 binaries/ptinit.o
                                         0x38 (size before relaxing)
 .eh_frame      0x000000000011ba08       0x20 binaries/ptrecv.o
                                         0x38 (size before relaxing)
 .eh_frame      0x000000000011ba28       0x20 binaries/ptreset.o
                                         0x38 (size before relaxing)
 .eh_frame      0x000000000011ba48       0x20 binaries/ptsend.o
                                         0x38 (size before relaxing)
 .eh_frame      0x000000000011ba68       0x20 binaries/putc.o
                                         0x38 (size before relaxing)
 .eh_frame      0x000000000011ba88       0x40 binaries/queue.o
                                         0x58 (size before relaxing)
 .eh_frame      0x000000000011bac8       0x20 binaries/read.o
                                         0x38 (size before relaxing)
 .eh_frame      0x000000000011bae8       0x24 binaries/ready.o
                                         0x3c (size before relaxing)
 .eh_frame      0x000000000011bb0c       0x20 binaries/receive.o
                                         0x38 (size before relaxing)
 .eh_frame      0x000000000011bb2c       0x20 binaries/recvclr.o
                                         0x38 (size before relaxing)
 .eh_frame      0x000000000011bb4c       0x20 binaries/recvtime.o
                                         0x38 (size before relaxing)
 .eh_frame      0x000000000011bb6c       0x40 binaries/resched.o
                                         0x58 (size before relaxing)
 .eh_frame      0x000000000011bbac       0x20 binaries/resume.o
                                         0x38 (size before relaxing)
 .eh_frame      0x000000000011bbcc       0x20 binaries/seek.o
                                         0x38 (size before relaxing)
 .eh_frame      0x000000000011bbec       0x20 binaries/semcount.o
                                         0x38 (size before relaxing)
 .eh_frame      0x000000000011bc0c       0x40 binaries/semcreate.o
                                         0x58 (size before relaxing)
 .eh_frame      0x000000000011bc4c       0x20 binaries/semdelete.o
                                         0x38 (size before relaxing)
 .eh_frame      0x000000000011bc6c       0x20 binaries/semreset.o
                                         0x38 (size before relaxing)
 .eh_frame      0x000000000011bc8c       0x20 binaries/send.o
                                         0x38 (size before relaxing)
 .eh_frame      0x000000000011bcac       0x20 binaries/signal.o
                                         0x38 (size before relaxing)
 .eh_frame      0x000000000011bccc       0x20 binaries/signaln.o
                                         0x38 (size before relaxing)
 .eh_frame      0x000000000011bcec       0x40 binaries/sleep.o
                                         0x58 (size before relaxing)
 .eh_frame      0x000000000011bd2c       0x20 binaries/stacktrace.o
                                         0x38 (size before relaxing)
 .eh_frame      0x000000000011bd4c       0x20 binaries/suspend.o
                                         0x38 (size before relaxing)
 .eh_frame      0x000000000011bd6c       0x20 binaries/unsleep.o
                                         0x38 (size before relaxing)
 .eh_frame      0x000000000011bd8c       0x20 binaries/userret.o
                                         0x38 (size before relaxing)
 .eh_frame      0x000000000011bdac       0x20 binaries/wait.o
                                         0x38 (size before relaxing)
 .eh_frame      0x000000000011bdcc       0x20 binaries/wakeup.o
                                         0x38 (size before relaxing)
 .eh_frame      0x000000000011bdec       0x20 binaries/write.o
                                         0x38 (size before relaxing)
 .eh_frame      0x000000000011be0c       0x20 binaries/xdone.o
                                         0x38 (size before relaxing)
 .eh_frame      0x000000000011be2c       0x20 binaries/yield.o
                                         0x38 (size before relaxing)
 .eh_frame      0x000000000011be4c       0x20 binaries/abs.o
                                         0x38 (size before relaxing)
 .eh_frame      0x000000000011be6c       0x20 binaries/atoi.o
                                         0x38 (size before relaxing)
 .eh_frame      0x000000000011be8c       0x20 binaries/atol.o
                                         0x38 (size before relaxing)
 .eh_frame      0x000000000011beac       0x20 binaries/bzero.o
                                         0x38 (size before relaxing)
 .eh_frame      0x000000000011becc       0xe0 binaries/doprnt.o
                                         0xf8 (size before relaxing)
 .eh_frame      0x000000000011bfac       0xb0 binaries/doscan.o
                                         0xc8 (size before relaxing)
 .eh_frame      0x000000000011c05c       0xc0 binaries/fdoprnt.o
                                         0xd8 (size before relaxing)
 .eh_frame      0x000000000011c11c       0x20 binaries/fgetc.o
                                         0x38 (size before relaxing)
 .eh_frame      0x000000000011c13c       0x20 binaries/fgets.o
                                         0x38 (size before relaxing)
 .eh_frame      0x000000000011c15c       0x20 binaries/fprintf.o
                                         0x38 (size before relaxing)
 .eh_frame      0x000000000011c17c       0x20 binaries/fputc.o
                                         0x38 (size before relaxing)
 .eh_frame      0x000000000011c19c       0x20 binaries/fputs.o
                                         0x38 (size before relaxing)
 .eh_frame      0x000000000011c1bc       0x60 binaries/fscanf.o
                                         0x78 (size before relaxing)
 .eh_frame      0x000000000011c21c       0x20 binaries/getchar.o
                                         0x38 (size before relaxing)
 .eh_frame      0x000000000011c23c       0x20 binaries/labs.o
                                         0x38 (size before relaxing)
 .eh_frame      0x000000000011c25c       0x20 binaries/memcmp.o
                                         0x38 (size before relaxing)
 .eh_frame      0x000000000011c27c       0x24 binaries/memcpy.o
                                         0x3c (size before relaxing)
 .eh_frame      0x000000000011c2a0       0x24 binaries/memset.o
                                         0x3c (size before relaxing)
 .eh_frame      0x000000000011c2c4       0x20 binaries/printf.o
                                         0x38 (size before relaxing)
 .eh_frame      0x000000000011c2e4       0x20 binaries/putchar.o
                                         0x38 (size before relaxing)
 .eh_frame      0x000000000011c304       0xa8 binaries/qsort.o
                                         0xc0 (size before relaxing)
 .eh_frame      0x000000000011c3ac       0x60 binaries/rand.o
                                         0x78 (size before relaxing)
 .eh_frame      0x000000000011c40c       0x40 binaries/sprintf.o
                                         0x58 (size before relaxing)
 .eh_frame      0x000000000011c44c       0x60 binaries/sscanf.o
                                         0x78 (size before relaxing)
 .eh_frame      0x000000000011c4ac       0x20 binaries/strchr.o
                                         0x38 (size before relaxing)
 .eh_frame      0x000000000011c4cc       0x20 binaries/strcmp.o
                                         0x38 (size before relaxing)
 .eh_frame      0x000000000011c4ec       0x20 binaries/strcpy.o
                                         0x38 (size before relaxing)
 .eh_frame      0x000000000011c50c       0x20 binaries/strlen.o
                                         0x38 (size before relaxing)
 .eh_frame      0x000000000011c52c       0x20 binaries/strncat.o
                                         0x38 (size before relaxing)
 .eh_frame      0x000000000011c54c       0x20 binaries/strncmp.o
                                         0x38 (size before relaxing)
 .eh_frame      0x000000000011c56c       0x28 binaries/strncpy.o
                                         0x40 (size before relaxing)
 .eh_frame      0x000000000011c594       0x20 binaries/strnlen.o
                                         0x38 (size before relaxing)
 .eh_frame      0x000000000011c5b4       0x20 binaries/strrchr.o
                                         0x38 (size before relaxing)
 .eh_frame      0x000000000011c5d4       0x20 binaries/strstr.o
                                         0x38 (size before relaxing)
 .eh_frame      0x000000000011c5f4       0x20 binaries/ttycontrol.o
                                         0x38 (size before relaxing)
 .eh_frame      0x000000000011c614       0x20 binaries/ttygetc.o
                                         0x38 (size before relaxing)
 .eh_frame      0x000000000011c634       0x80 binaries/ttyhandle_in.o
                                         0x98 (size before relaxing)
 .eh_frame      0x000000000011c6b4       0x20 binaries/ttyhandle_out.o
                                         0x38 (size before relaxing)
 .eh_frame      0x000000000011c6d4       0x20 binaries/ttyhandler.o
                                         0x38 (size before relaxing)
 .eh_frame      0x000000000011c6f4       0x20 binaries/ttyinit.o
                                         0x38 (size before relaxing)
 .eh_frame      0x000000000011c714       0x20 binaries/ttykickout.o
                                         0x38 (size before relaxing)
 .eh_frame      0x000000000011c734       0x20 binaries/ttyputc.o
                                         0x38 (size before relaxing)
 .eh_frame      0x000000000011c754       0x24 binaries/ttyread.o
                                         0x3c (size before relaxing)
 .eh_frame      0x000000000011c778       0x20 binaries/ttywrite.o
                                         0x38 (size before relaxing)
 .eh_frame      0x000000000011c798       0x40 binaries/mount.o
                                         0x58 (size before relaxing)
 .eh_frame      0x000000000011c7d8       0x20 binaries/naminit.o
                                         0x38 (size before relaxing)
 .eh_frame      0x000000000011c7f8       0x60 binaries/nammap.o
                                         0x78 (size before relaxing)
 .eh_frame      0x000000000011c858       0x20 binaries/namopen.o
                                         0x38 (size before relaxing)
 .eh_frame      0x000000000011c878      0x150 binaries/82545EMInit.o
                                        0x168 (size before relaxing)
 .eh_frame      0x000000000011c9c8       0xa0 binaries/ethcontrol.o
                                         0xb8 (size before relaxing)
 .eh_frame      0x000000000011ca68       0x80 binaries/ethhandler.o
                                         0x98 (size before relaxing)
 .eh_frame      0x000000000011cae8       0x20 binaries/ethinit.o
                                         0x38 (size before relaxing)
 .eh_frame      0x000000000011cb08       0x60 binaries/ethread.o
                                         0x78 (size before relaxing)
 .eh_frame      0x000000000011cb68       0x60 binaries/ethwrite.o
                                         0x78 (size before relaxing)
 .eh_frame      0x000000000011cbc8       0x20 binaries/rdsbufalloc.o
                                         0x38 (size before relaxing)
 .eh_frame      0x000000000011cbe8       0x20 binaries/rdsclose.o
                                         0x38 (size before relaxing)
 .eh_frame      0x000000000011cc08       0x20 binaries/rdscomm.o
                                         0x38 (size before relaxing)
 .eh_frame      0x000000000011cc28       0x20 binaries/rdscontrol.o
                                         0x38 (size before relaxing)
 .eh_frame      0x000000000011cc48       0x20 binaries/rdsinit.o
                                         0x38 (size before relaxing)
 .eh_frame      0x000000000011cc68       0x20 binaries/rdsopen.o
                                         0x38 (size before relaxing)
 .eh_frame      0x000000000011cc88       0x1c binaries/rdsprocess.o
                                         0x34 (size before relaxing)
 .eh_frame      0x000000000011cca4       0x20 binaries/rdsread.o
                                         0x38 (size before relaxing)
 .eh_frame      0x000000000011ccc4       0x20 binaries/rdswrite.o
                                         0x38 (size before relaxing)
 .eh_frame      0x000000000011cce4       0x20 binaries/ramclose.o
                                         0x38 (size before relaxing)
 .eh_frame      0x000000000011cd04       0x20 binaries/raminit.o
                                         0x38 (size before relaxing)
 .eh_frame      0x000000000011cd24       0x20 binaries/ramopen.o
                                         0x38 (size before relaxing)
 .eh_frame      0x000000000011cd44       0x20 binaries/ramread.o
                                         0x38 (size before relaxing)
 .eh_frame      0x000000000011cd64       0x20 binaries/ramwrite.o
                                         0x38 (size before relaxing)
 .eh_frame      0x000000000011cd84       0x20 binaries/lfdballoc.o
                                         0x38 (size before relaxing)
 .eh_frame      0x000000000011cda4       0x20 binaries/lfdbfree.o
                                         0x38 (size before relaxing)
 .eh_frame      0x000000000011cdc4       0x20 binaries/lfflush.o
                                         0x38 (size before relaxing)
 .eh_frame      0x000000000011cde4       0x20 binaries/lfgetmode.o
                                         0x38 (size before relaxing)
 .eh_frame      0x000000000011ce04       0x20 binaries/lfiballoc.o
                                         0x38 (size before relaxing)
 .eh_frame      0x000000000011ce24       0x20 binaries/lfibclear.o
                                         0x38 (size before relaxing)
 .eh_frame      0x000000000011ce44       0x20 binaries/lfibget.o
                                         0x38 (size before relaxing)
 .eh_frame      0x000000000011ce64       0x20 binaries/lfibput.o
                                         0x38 (size before relaxing)
 .eh_frame      0x000000000011ce84       0x20 binaries/lflclose.o
                                         0x38 (size before relaxing)
 .eh_frame      0x000000000011cea4       0x20 binaries/lflcontrol.o
                                         0x38 (size before relaxing)
 .eh_frame      0x000000000011cec4       0x20 binaries/lflgetc.o
                                         0x38 (size before relaxing)
 .eh_frame      0x000000000011cee4       0x20 binaries/lflinit.o
                                         0x38 (size before relaxing)
 .eh_frame      0x000000000011cf04       0x20 binaries/lflputc.o
                                         0x38 (size before relaxing)
 .eh_frame      0x000000000011cf24       0x20 binaries/lflread.o
                                         0x38 (size before relaxing)
 .eh_frame      0x000000000011cf44       0x20 binaries/lflseek.o
                                         0x38 (size before relaxing)
 .eh_frame      0x000000000011cf64       0x20 binaries/lflwrite.o
                                         0x38 (size before relaxing)
 .eh_frame      0x000000000011cf84       0x20 binaries/lfscheck.o
                                         0x38 (size before relaxing)
 .eh_frame      0x000000000011cfa4       0x20 binaries/lfsckfmt.o
                                         0x38 (size before relaxing)
 .eh_frame      0x000000000011cfc4       0x20 binaries/lfscreate.o
                                         0x38 (size before relaxing)
 .eh_frame      0x000000000011cfe4       0x20 binaries/lfsetup.o
                                         0x38 (size before relaxing)
 .eh_frame      0x000000000011d004       0x20 binaries/lfsinit.o
                                         0x38 (size before relaxing)
 .eh_frame      0x000000000011d024       0x20 binaries/lfsopen.o
                                         0x38 (size before relaxing)
 .eh_frame      0x000000000011d044       0x20 binaries/lftruncate.o
                                         0x38 (size before relaxing)
 .eh_frame      0x000000000011d064       0x20 binaries/rflclose.o
                                         0x38 (size before relaxing)
 .eh_frame      0x000000000011d084       0x20 binaries/rflgetc.o
                                         0x38 (size before relaxing)
 .eh_frame      0x000000000011d0a4       0x20 binaries/rflinit.o
                                         0x38 (size before relaxing)
 .eh_frame      0x000000000011d0c4       0x20 binaries/rflputc.o
                                         0x38 (size before relaxing)
 .eh_frame      0x000000000011d0e4       0x20 binaries/rflread.o
                                         0x38 (size before relaxing)
 .eh_frame      0x000000000011d104       0x20 binaries/rflseek.o
                                         0x38 (size before relaxing)
 .eh_frame      0x000000000011d124       0x20 binaries/rflwrite.o
                                         0x38 (size before relaxing)
 .eh_frame      0x000000000011d144       0x20 binaries/rfscomm.o
                                         0x38 (size before relaxing)
 .eh_frame      0x000000000011d164       0x20 binaries/rfscontrol.o
                                         0x38 (size before relaxing)
 .eh_frame      0x000000000011d184       0x20 binaries/rfsgetmode.o
                                         0x38 (size before relaxing)
 .eh_frame      0x000000000011d1a4       0x20 binaries/rfsinit.o
                                         0x38 (size before relaxing)
 .eh_frame      0x000000000011d1c4       0x20 binaries/rfsndmsg.o
                                         0x38 (size before relaxing)
 .eh_frame      0x000000000011d1e4       0x20 binaries/rfsopen.o
                                         0x38 (size before relaxing)
 .eh_frame      0x000000000011d204       0xc0 binaries/arp.o
                                         0xd8 (size before relaxing)
 .eh_frame      0x000000000011d2c4       0xa0 binaries/dhcp.o
                                         0xb8 (size before relaxing)
 .eh_frame      0x000000000011d364       0x80 binaries/dns.o
                                         0x98 (size before relaxing)
 .eh_frame      0x000000000011d3e4       0x20 binaries/dot2ip.o
                                         0x38 (size before relaxing)
 .eh_frame      0x000000000011d404       0x40 binaries/hexdump.o
                                         0x58 (size before relaxing)
 .eh_frame      0x000000000011d444      0x14c binaries/icmp.o
                                        0x164 (size before relaxing)
 .eh_frame      0x000000000011d590      0x11c binaries/ip.o
                                        0x134 (size before relaxing)
 .eh_frame      0x000000000011d6ac       0xa0 binaries/net.o
                                         0xb8 (size before relaxing)
 .eh_frame      0x000000000011d74c       0x60 binaries/pdump.o
                                         0x78 (size before relaxing)
 .eh_frame      0x000000000011d7ac       0x60 binaries/tftp.o
                                         0x78 (size before relaxing)
 .eh_frame      0x000000000011d80c      0x140 binaries/udp.o
                                        0x158 (size before relaxing)
 .eh_frame      0x000000000011d94c       0x20 binaries/addargs.o
                                         0x38 (size before relaxing)
 .eh_frame      0x000000000011d96c       0x20 binaries/lexan.o
                                         0x38 (size before relaxing)
 .eh_frame      0x000000000011d98c       0x20 binaries/shell.o
                                         0x38 (size before relaxing)
 .eh_frame      0x000000000011d9ac       0x20 binaries/xsh_argecho.o
                                         0x38 (size before relaxing)
 .eh_frame      0x000000000011d9cc       0x40 binaries/xsh_arp.o
                                         0x58 (size before relaxing)
 .eh_frame      0x000000000011da0c       0x20 binaries/xsh_cat.o
                                         0x38 (size before relaxing)
 .eh_frame      0x000000000011da2c       0x20 binaries/xsh_clear.o
                                         0x38 (size before relaxing)
 .eh_frame      0x000000000011da4c       0x20 binaries/xsh_date.o
                                         0x38 (size before relaxing)
 .eh_frame      0x000000000011da6c       0x20 binaries/xsh_devdump.o
                                         0x38 (size before relaxing)
 .eh_frame      0x000000000011da8c       0x20 binaries/xsh_echo.o
                                         0x38 (size before relaxing)
 .eh_frame      0x000000000011daac       0x20 binaries/xsh_exit.o
                                         0x38 (size before relaxing)
 .eh_frame      0x000000000011dacc       0x20 binaries/xsh_help.o
                                         0x38 (size before relaxing)
 .eh_frame      0x000000000011daec       0x20 binaries/xsh_kill.o
                                         0x38 (size before relaxing)
 .eh_frame      0x000000000011db0c       0x40 binaries/xsh_memdump.o
                                         0x58 (size before relaxing)
 .eh_frame      0x000000000011db4c       0x60 binaries/xsh_memstat.o
                                         0x78 (size before relaxing)
 .eh_frame      0x000000000011dbac       0x30 binaries/xsh_netinfo.o
                                         0x48 (size before relaxing)
 .eh_frame      0x000000000011dbdc       0x24 binaries/xsh_ping.o
                                         0x3c (size before relaxing)
 .eh_frame      0x000000000011dc00       0x30 binaries/xsh_ps.o
                                         0x48 (size before relaxing)
 .eh_frame      0x000000000011dc30       0x20 binaries/xsh_sleep.o
                                         0x38 (size before relaxing)
 .eh_frame      0x000000000011dc50       0x20 binaries/xsh_udpdump.o
                                         0x38 (size before relaxing)
 .eh_frame      0x000000000011dc70       0x30 binaries/xsh_udpecho.o
                                         0x48 (size before relaxing)
 .eh_frame      0x000000000011dca0       0x24 binaries/xsh_udpserver.o
                                         0x3c (size before relaxing)
 .eh_frame      0x000000000011dcc4       0x20 binaries/xsh_uptime.o
                                         0x38 (size before relaxing)

.iplt           0x000000000011dcf0        0x0
 .iplt          0x000000000011dcf0        0x0 binaries/start.o

.rel.dyn        0x000000000011dce4        0x0
 .rel.iplt      0x000000000011dce4        0x0 binaries/start.o
 .rel.text      0x000000000011dce4        0x0 binaries/start.o
 .rel.data      0x000000000011dce4        0x0 binaries/start.o
 .rel.rodata    0x000000000011dce4        0x0 binaries/start.o

.data           0x000000000011dd00     0x1300
                0x000000000011dd00                data = ABSOLUTE (.)
 *(.data .data.*)
 .data          0x000000000011dd00      0x460 binaries/start.o
                0x000000000011dd00                gdt
                0x000000000011dd40                gdtr
                0x000000000011dd46                idt
                0x000000000011e146                idtr
                0x000000000011e14c                cpudelay
                0x000000000011e150                _bootdev
                0x000000000011e154                _cyloffset
 .data          0x000000000011e160       0x88 binaries/ascdate.o
                0x000000000011e160                Date
 .data          0x000000000011e1e8        0x0 binaries/bufinit.o
 .data          0x000000000011e1e8        0x0 binaries/burst_execution.o
 .data          0x000000000011e1e8        0x0 binaries/chprio.o
 .data          0x000000000011e1e8        0x4 binaries/clkhandler.o
 .data          0x000000000011e1ec        0x0 binaries/clkinit.o
 .data          0x000000000011e1ec        0x0 binaries/close.o
 *fill*         0x000000000011e1ec       0x14 
 .data          0x000000000011e200      0x5a0 binaries/conf.o
                0x000000000011e200                devtab
 .data          0x000000000011e7a0        0x0 binaries/control.o
 .data          0x000000000011e7a0        0x4 binaries/create.o
 .data          0x000000000011e7a4        0x4 binaries/create_user_process.o
 *fill*         0x000000000011e7a8       0x18 
 .data          0x000000000011e7c0       0x40 binaries/evec.o
                0x000000000011e7c0                inames
 .data          0x000000000011e800        0x0 binaries/exit.o
 .data          0x000000000011e800        0x0 binaries/freebuf.o
 .data          0x000000000011e800        0x0 binaries/freemem.o
 .data          0x000000000011e800        0x0 binaries/getbuf.o
 .data          0x000000000011e800        0x0 binaries/getc.o
 .data          0x000000000011e800        0x0 binaries/getdev.o
 .data          0x000000000011e800        0x0 binaries/getitem.o
 .data          0x000000000011e800        0x0 binaries/getmem.o
 .data          0x000000000011e800        0x0 binaries/getpid.o
 .data          0x000000000011e800        0x0 binaries/getprio.o
 .data          0x000000000011e800        0x0 binaries/getstk.o
 .data          0x000000000011e800        0x0 binaries/getticks.o
 .data          0x000000000011e800        0x0 binaries/gettime.o
 .data          0x000000000011e800        0x0 binaries/getutime.o
 .data          0x000000000011e800       0x40 binaries/i386.o
                0x000000000011e800                gdt_copy
 .data          0x000000000011e840        0x0 binaries/init.o
 .data          0x000000000011e840        0x0 binaries/initialize.o
 .data          0x000000000011e840        0x0 binaries/insert.o
 .data          0x000000000011e840        0x0 binaries/insertd.o
 .data          0x000000000011e840        0x0 binaries/ioerr.o
 .data          0x000000000011e840        0x0 binaries/ionull.o
 .data          0x000000000011e840        0x0 binaries/kill.o
 .data          0x000000000011e840        0x0 binaries/kprintf.o
 .data          0x000000000011e840        0x0 binaries/main.o
 .data          0x000000000011e840        0x0 binaries/mark.o
 .data          0x000000000011e840        0x0 binaries/meminit.o
 .data          0x000000000011e840        0x0 binaries/mkbufpool.o
 .data          0x000000000011e840        0x2 binaries/newqueue.o
 .data          0x000000000011e842        0x0 binaries/open.o
 .data          0x000000000011e842        0x0 binaries/panic.o
 *fill*         0x000000000011e842        0x2 
 .data          0x000000000011e844       0x10 binaries/pci.o
 .data          0x000000000011e854        0x0 binaries/print_ready_list.o
 .data          0x000000000011e854        0x0 binaries/ptclear.o
 .data          0x000000000011e854        0x0 binaries/ptcount.o
 .data          0x000000000011e854        0x0 binaries/ptcreate.o
 .data          0x000000000011e854        0x0 binaries/ptdelete.o
 .data          0x000000000011e854        0x0 binaries/ptinit.o
 .data          0x000000000011e854        0x0 binaries/ptrecv.o
 .data          0x000000000011e854        0x0 binaries/ptreset.o
 .data          0x000000000011e854        0x0 binaries/ptsend.o
[...]
 .comment       0x000000000000001d       0x1e binaries/icmp.o
 .comment       0x000000000000001d       0x1e binaries/ip.o
 .comment       0x000000000000001d       0x1e binaries/net.o
 .comment       0x000000000000001d       0x1e binaries/pdump.o
 .comment       0x000000000000001d       0x1e binaries/tftp.o
 .comment       0x000000000000001d       0x1e binaries/udp.o
 .comment       0x000000000000001d       0x1e binaries/addargs.o
 .comment       0x000000000000001d       0x1e binaries/lexan.o
 .comment       0x000000000000001d       0x1e binaries/shell.o
 .comment       0x000000000000001d       0x1e binaries/xsh_argecho.o
 .comment       0x000000000000001d       0x1e binaries/xsh_arp.o
 .comment       0x000000000000001d       0x1e binaries/xsh_cat.o
 .comment       0x000000000000001d       0x1e binaries/xsh_clear.o
 .comment       0x000000000000001d       0x1e binaries/xsh_date.o
 .comment       0x000000000000001d       0x1e binaries/xsh_devdump.o
 .comment       0x000000000000001d       0x1e binaries/xsh_echo.o
 .comment       0x000000000000001d       0x1e binaries/xsh_exit.o
 .comment       0x000000000000001d       0x1e binaries/xsh_help.o
 .comment       0x000000000000001d       0x1e binaries/xsh_kill.o
 .comment       0x000000000000001d       0x1e binaries/xsh_memdump.o
 .comment       0x000000000000001d       0x1e binaries/xsh_memstat.o
 .comment       0x000000000000001d       0x1e binaries/xsh_netinfo.o
 .comment       0x000000000000001d       0x1e binaries/xsh_ping.o
 .comment       0x000000000000001d       0x1e binaries/xsh_ps.o
 .comment       0x000000000000001d       0x1e binaries/xsh_sleep.o
 .comment       0x000000000000001d       0x1e binaries/xsh_udpdump.o
 .comment       0x000000000000001d       0x1e binaries/xsh_udpecho.o
 .comment       0x000000000000001d       0x1e binaries/xsh_udpserver.o
 .comment       0x000000000000001d       0x1e binaries/xsh_uptime.o

.note.GNU-stack
                0x0000000000000000        0x0
 .note.GNU-stack
                0x0000000000000000        0x0 binaries/ascdate.o
 .note.GNU-stack
                0x0000000000000000        0x0 binaries/bufinit.o
 .note.GNU-stack
                0x0000000000000000        0x0 binaries/burst_execution.o
 .note.GNU-stack
                0x0000000000000000        0x0 binaries/chprio.o
 .note.GNU-stack
                0x0000000000000000        0x0 binaries/clkhandler.o
 .note.GNU-stack
                0x0000000000000000        0x0 binaries/clkinit.o
 .note.GNU-stack
                0x0000000000000000        0x0 binaries/close.o
 .note.GNU-stack
                0x0000000000000000        0x0 binaries/conf.o
 .note.GNU-stack
                0x0000000000000000        0x0 binaries/control.o
 .note.GNU-stack
                0x0000000000000000        0x0 binaries/create.o
 .note.GNU-stack
                0x0000000000000000        0x0 binaries/create_user_process.o
 .note.GNU-stack
                0x0000000000000000        0x0 binaries/evec.o
 .note.GNU-stack
                0x0000000000000000        0x0 binaries/exit.o
 .note.GNU-stack
                0x0000000000000000        0x0 binaries/freebuf.o
 .note.GNU-stack
                0x0000000000000000        0x0 binaries/freemem.o
 .note.GNU-stack
                0x0000000000000000        0x0 binaries/getbuf.o
 .note.GNU-stack
                0x0000000000000000        0x0 binaries/getc.o
 .note.GNU-stack
                0x0000000000000000        0x0 binaries/getdev.o
 .note.GNU-stack
                0x0000000000000000        0x0 binaries/getitem.o
 .note.GNU-stack
                0x0000000000000000        0x0 binaries/getmem.o
 .note.GNU-stack
                0x0000000000000000        0x0 binaries/getpid.o
 .note.GNU-stack
                0x0000000000000000        0x0 binaries/getprio.o
 .note.GNU-stack
                0x0000000000000000        0x0 binaries/getstk.o
 .note.GNU-stack
                0x0000000000000000        0x0 binaries/getticks.o
 .note.GNU-stack
                0x0000000000000000        0x0 binaries/gettime.o
 .note.GNU-stack
                0x0000000000000000        0x0 binaries/getutime.o
 .note.GNU-stack
                0x0000000000000000        0x0 binaries/i386.o
 .note.GNU-stack
                0x0000000000000000        0x0 binaries/init.o
 .note.GNU-stack
                0x0000000000000000        0x0 binaries/initialize.o
 .note.GNU-stack
                0x0000000000000000        0x0 binaries/insert.o
 .note.GNU-stack
                0x0000000000000000        0x0 binaries/insertd.o
 .note.GNU-stack
                0x0000000000000000        0x0 binaries/ioerr.o
 .note.GNU-stack
                0x0000000000000000        0x0 binaries/ionull.o
 .note.GNU-stack
                0x0000000000000000        0x0 binaries/kill.o
 .note.GNU-stack
                0x0000000000000000        0x0 binaries/kprintf.o
 .note.GNU-stack
                0x0000000000000000        0x0 binaries/main.o
 .note.GNU-stack
                0x0000000000000000        0x0 binaries/mark.o
 .note.GNU-stack
                0x0000000000000000        0x0 binaries/meminit.o
 .note.GNU-stack
                0x0000000000000000        0x0 binaries/mkbufpool.o
 .note.GNU-stack
                0x0000000000000000        0x0 binaries/newqueue.o
 .note.GNU-stack
                0x0000000000000000        0x0 binaries/open.o
 .note.GNU-stack
                0x0000000000000000        0x0 binaries/panic.o
 .note.GNU-stack
                0x0000000000000000        0x0 binaries/pci.o
 .note.GNU-stack
                0x0000000000000000        0x0 binaries/print_ready_list.o
 .note.GNU-stack
                0x0000000000000000        0x0 binaries/ptclear.o
 .note.GNU-stack
                0x0000000000000000        0x0 binaries/ptcount.o
 .note.GNU-stack
                0x0000000000000000        0x0 binaries/ptcreate.o
 .note.GNU-stack
                0x0000000000000000        0x0 binaries/ptdelete.o
 .note.GNU-stack
                0x0000000000000000        0x0 binaries/ptinit.o
 .note.GNU-stack
                0x0000000000000000        0x0 binaries/ptrecv.o
 .note.GNU-stack
                0x0000000000000000        0x0 binaries/ptreset.o
 .note.GNU-stack
                0x0000000000000000        0x0 binaries/ptsend.o
 .note.GNU-stack
                0x0000000000000000        0x0 binaries/putc.o
 .note.GNU-stack
                0x0000000000000000        0x0 binaries/queue.o
 .note.GNU-stack
                0x0000000000000000        0x0 binaries/read.o
 .note.GNU-stack
                0x0000000000000000        0x0 binaries/ready.o
 .note.GNU-stack
                0x0000000000000000        0x0 binaries/receive.o
 .note.GNU-stack
                0x0000000000000000        0x0 binaries/recvclr.o
 .note.GNU-stack
                0x0000000000000000        0x0 binaries/recvtime.o
 .note.GNU-stack
                0x0000000000000000        0x0 binaries/resched.o
 .note.GNU-stack
                0x0000000000000000        0x0 binaries/resume.o
 .note.GNU-stack
                0x0000000000000000        0x0 binaries/seek.o
 .note.GNU-stack
                0x0000000000000000        0x0 binaries/semcount.o
 .note.GNU-stack
                0x0000000000000000        0x0 binaries/semcreate.o
 .note.GNU-stack
                0x0000000000000000        0x0 binaries/semdelete.o
 .note.GNU-stack
                0x0000000000000000        0x0 binaries/semreset.o
 .note.GNU-stack
                0x0000000000000000        0x0 binaries/send.o
 .note.GNU-stack
                0x0000000000000000        0x0 binaries/signal.o
 .note.GNU-stack
                0x0000000000000000        0x0 binaries/signaln.o
 .note.GNU-stack
                0x0000000000000000        0x0 binaries/sleep.o
 .note.GNU-stack
                0x0000000000000000        0x0 binaries/stacktrace.o
 .note.GNU-stack
                0x0000000000000000        0x0 binaries/suspend.o
 .note.GNU-stack
                0x0000000000000000        0x0 binaries/unsleep.o
 .note.GNU-stack
                0x0000000000000000        0x0 binaries/userret.o
 .note.GNU-stack
                0x0000000000000000        0x0 binaries/wait.o
 .note.GNU-stack
                0x0000000000000000        0x0 binaries/wakeup.o
 .note.GNU-stack
                0x0000000000000000        0x0 binaries/write.o
 .note.GNU-stack
                0x0000000000000000        0x0 binaries/xdone.o
 .note.GNU-stack
                0x0000000000000000        0x0 binaries/yield.o
 .note.GNU-stack
                0x0000000000000000        0x0 binaries/abs.o
 .note.GNU-stack
                0x0000000000000000        0x0 binaries/atoi.o
 .note.GNU-stack
                0x0000000000000000        0x0 binaries/atol.o
 .note.GNU-stack
                0x0000000000000000        0x0 binaries/bzero.o
 .note.GNU-stack
                0x0000000000000000        0x0 binaries/ctype_.o
 .note.GNU-stack
                0x0000000000000000        0x0 binaries/doprnt.o
 .note.GNU-stack
                0x0000000000000000        0x0 binaries/doscan.o
 .note.GNU-stack
                0x0000000000000000        0x0 binaries/fdoprnt.o
 .note.GNU-stack
                0x0000000000000000        0x0 binaries/fgetc.o
 .note.GNU-stack
                0x0000000000000000        0x0 binaries/fgets.o
 .note.GNU-stack
                0x0000000000000000        0x0 binaries/fprintf.o
 .note.GNU-stack
                0x0000000000000000        0x0 binaries/fputc.o
 .note.GNU-stack
                0x0000000000000000        0x0 binaries/fputs.o
 .note.GNU-stack
                0x0000000000000000        0x0 binaries/fscanf.o
 .note.GNU-stack
                0x0000000000000000        0x0 binaries/getchar.o
 .note.GNU-stack
                0x0000000000000000        0x0 binaries/labs.o
 .note.GNU-stack
                0x0000000000000000        0x0 binaries/memchr.o
 .note.GNU-stack
                0x0000000000000000        0x0 binaries/memcmp.o
 .note.GNU-stack
                0x0000000000000000        0x0 binaries/memcpy.o
 .note.GNU-stack
                0x0000000000000000        0x0 binaries/memset.o
 .note.GNU-stack
                0x0000000000000000        0x0 binaries/printf.o
 .note.GNU-stack
                0x0000000000000000        0x0 binaries/putchar.o
 .note.GNU-stack
                0x0000000000000000        0x0 binaries/qsort.o
 .note.GNU-stack
                0x0000000000000000        0x0 binaries/rand.o
 .note.GNU-stack
                0x0000000000000000        0x0 binaries/sprintf.o
 .note.GNU-stack
                0x0000000000000000        0x0 binaries/sscanf.o
 .note.GNU-stack
                0x0000000000000000        0x0 binaries/strchr.o
 .note.GNU-stack
                0x0000000000000000        0x0 binaries/strcmp.o
 .note.GNU-stack
                0x0000000000000000        0x0 binaries/strcpy.o
 .note.GNU-stack
                0x0000000000000000        0x0 binaries/strlen.o
 .note.GNU-stack
                0x0000000000000000        0x0 binaries/strncat.o
 .note.GNU-stack
                0x0000000000000000        0x0 binaries/strncmp.o
 .note.GNU-stack
                0x0000000000000000        0x0 binaries/strncpy.o
 .note.GNU-stack
                0x0000000000000000        0x0 binaries/strnlen.o
 .note.GNU-stack
                0x0000000000000000        0x0 binaries/strrchr.o
 .note.GNU-stack
                0x0000000000000000        0x0 binaries/strstr.o
 .note.GNU-stack
                0x0000000000000000        0x0 binaries/ttycontrol.o
 .note.GNU-stack
                0x0000000000000000        0x0 binaries/ttygetc.o
 .note.GNU-stack
                0x0000000000000000        0x0 binaries/ttyhandle_in.o
 .note.GNU-stack
                0x0000000000000000        0x0 binaries/ttyhandle_out.o
 .note.GNU-stack
                0x0000000000000000        0x0 binaries/ttyhandler.o
 .note.GNU-stack
                0x0000000000000000        0x0 binaries/ttyinit.o
 .note.GNU-stack
                0x0000000000000000        0x0 binaries/ttykickout.o
 .note.GNU-stack
                0x0000000000000000        0x0 binaries/ttyputc.o
 .note.GNU-stack
                0x0000000000000000        0x0 binaries/ttyread.o
 .note.GNU-stack
                0x0000000000000000        0x0 binaries/ttywrite.o
 .note.GNU-stack
                0x0000000000000000        0x0 binaries/mount.o
 .note.GNU-stack
                0x0000000000000000        0x0 binaries/naminit.o
 .note.GNU-stack
                0x0000000000000000        0x0 binaries/nammap.o
 .note.GNU-stack
                0x0000000000000000        0x0 binaries/namopen.o
 .note.GNU-stack
                0x0000000000000000        0x0 binaries/82545EMInit.o
 .note.GNU-stack
                0x0000000000000000        0x0 binaries/ethcontrol.o
 .note.GNU-stack
                0x0000000000000000        0x0 binaries/ethhandler.o
 .note.GNU-stack
                0x0000000000000000        0x0 binaries/ethinit.o
 .note.GNU-stack
                0x0000000000000000        0x0 binaries/ethread.o
 .note.GNU-stack
                0x0000000000000000        0x0 binaries/ethwrite.o
 .note.GNU-stack
                0x0000000000000000        0x0 binaries/rdsbufalloc.o
 .note.GNU-stack
                0x0000000000000000        0x0 binaries/rdsclose.o
 .note.GNU-stack
                0x0000000000000000        0x0 binaries/rdscomm.o
 .note.GNU-stack
                0x0000000000000000        0x0 binaries/rdscontrol.o
 .note.GNU-stack
                0x0000000000000000        0x0 binaries/rdsinit.o
 .note.GNU-stack
                0x0000000000000000        0x0 binaries/rdsopen.o
 .note.GNU-stack
                0x0000000000000000        0x0 binaries/rdsprocess.o
 .note.GNU-stack
                0x0000000000000000        0x0 binaries/rdsread.o
 .note.GNU-stack
                0x0000000000000000        0x0 binaries/rdswrite.o
 .note.GNU-stack
                0x0000000000000000        0x0 binaries/ramclose.o
 .note.GNU-stack
                0x0000000000000000        0x0 binaries/raminit.o
 .note.GNU-stack
                0x0000000000000000        0x0 binaries/ramopen.o
 .note.GNU-stack
                0x0000000000000000        0x0 binaries/ramread.o
 .note.GNU-stack
                0x0000000000000000        0x0 binaries/ramwrite.o
 .note.GNU-stack
                0x0000000000000000        0x0 binaries/lfdballoc.o
 .note.GNU-stack
                0x0000000000000000        0x0 binaries/lfdbfree.o
 .note.GNU-stack
                0x0000000000000000        0x0 binaries/lfflush.o
 .note.GNU-stack
                0x0000000000000000        0x0 binaries/lfgetmode.o
 .note.GNU-stack
                0x0000000000000000        0x0 binaries/lfiballoc.o
 .note.GNU-stack
                0x0000000000000000        0x0 binaries/lfibclear.o
 .note.GNU-stack
                0x0000000000000000        0x0 binaries/lfibget.o
 .note.GNU-stack
                0x0000000000000000        0x0 binaries/lfibput.o
 .note.GNU-stack
                0x0000000000000000        0x0 binaries/lflclose.o
 .note.GNU-stack
                0x0000000000000000        0x0 binaries/lflcontrol.o
 .note.GNU-stack
                0x0000000000000000        0x0 binaries/lflgetc.o
 .note.GNU-stack
                0x0000000000000000        0x0 binaries/lflinit.o
 .note.GNU-stack
                0x0000000000000000        0x0 binaries/lflputc.o
 .note.GNU-stack
                0x0000000000000000        0x0 binaries/lflread.o
 .note.GNU-stack
                0x0000000000000000        0x0 binaries/lflseek.o
 .note.GNU-stack
                0x0000000000000000        0x0 binaries/lflwrite.o
 .note.GNU-stack
                0x0000000000000000        0x0 binaries/lfscheck.o
 .note.GNU-stack
                0x0000000000000000        0x0 binaries/lfsckfmt.o
 .note.GNU-stack
                0x0000000000000000        0x0 binaries/lfscreate.o
 .note.GNU-stack
                0x0000000000000000        0x0 binaries/lfsetup.o
 .note.GNU-stack
                0x0000000000000000        0x0 binaries/lfsinit.o
 .note.GNU-stack
                0x0000000000000000        0x0 binaries/lfsopen.o
 .note.GNU-stack
                0x0000000000000000        0x0 binaries/lftruncate.o
 .note.GNU-stack
                0x0000000000000000        0x0 binaries/rflclose.o
 .note.GNU-stack
                0x0000000000000000        0x0 binaries/rflgetc.o
 .note.GNU-stack
                0x0000000000000000        0x0 binaries/rflinit.o
 .note.GNU-stack
                0x0000000000000000        0x0 binaries/rflputc.o
 .note.GNU-stack
                0x0000000000000000        0x0 binaries/rflread.o
 .note.GNU-stack
                0x0000000000000000        0x0 binaries/rflseek.o
 .note.GNU-stack
                0x0000000000000000        0x0 binaries/rflwrite.o
 .note.GNU-stack
                0x0000000000000000        0x0 binaries/rfscomm.o
 .note.GNU-stack
                0x0000000000000000        0x0 binaries/rfscontrol.o
 .note.GNU-stack
                0x0000000000000000        0x0 binaries/rfsgetmode.o
 .note.GNU-stack
                0x0000000000000000        0x0 binaries/rfsinit.o
 .note.GNU-stack
                0x0000000000000000        0x0 binaries/rfsndmsg.o
 .note.GNU-stack
                0x0000000000000000        0x0 binaries/rfsopen.o
 .note.GNU-stack
                0x0000000000000000        0x0 binaries/arp.o
 .note.GNU-stack
                0x0000000000000000        0x0 binaries/dhcp.o
 .note.GNU-stack
                0x0000000000000000        0x0 binaries/dns.o
 .note.GNU-stack
                0x0000000000000000        0x0 binaries/dot2ip.o
 .note.GNU-stack
                0x0000000000000000        0x0 binaries/hexdump.o
 .note.GNU-stack
                0x0000000000000000        0x0 binaries/icmp.o
 .note.GNU-stack
                0x0000000000000000        0x0 binaries/ip.o
 .note.GNU-stack
                0x0000000000000000        0x0 binaries/net.o
 .note.GNU-stack
                0x0000000000000000        0x0 binaries/pdump.o
 .note.GNU-stack
                0x0000000000000000        0x0 binaries/tftp.o
 .note.GNU-stack
                0x0000000000000000        0x0 binaries/udp.o
 .note.GNU-stack
                0x0000000000000000        0x0 binaries/addargs.o
 .note.GNU-stack
                0x0000000000000000        0x0 binaries/lexan.o
 .note.GNU-stack
                0x0000000000000000        0x0 binaries/shell.o
 .note.GNU-stack
                0x0000000000000000        0x0 binaries/xsh_argecho.o
 .note.GNU-stack
                0x0000000000000000        0x0 binaries/xsh_arp.o
 .note.GNU-stack
                0x0000000000000000        0x0 binaries/xsh_cat.o
 .note.GNU-stack
                0x0000000000000000        0x0 binaries/xsh_clear.o
 .note.GNU-stack
                0x0000000000000000        0x0 binaries/xsh_date.o
 .note.GNU-stack
                0x0000000000000000        0x0 binaries/xsh_devdump.o
 .note.GNU-stack
                0x0000000000000000        0x0 binaries/xsh_echo.o
 .note.GNU-stack
                0x0000000000000000        0x0 binaries/xsh_exit.o
 .note.GNU-stack
                0x0000000000000000        0x0 binaries/xsh_help.o
 .note.GNU-stack
                0x0000000000000000        0x0 binaries/xsh_kill.o
 .note.GNU-stack
                0x0000000000000000        0x0 binaries/xsh_memdump.o
 .note.GNU-stack
                0x0000000000000000        0x0 binaries/xsh_memstat.o
 .note.GNU-stack
                0x0000000000000000        0x0 binaries/xsh_netinfo.o
 .note.GNU-stack
                0x0000000000000000        0x0 binaries/xsh_ping.o
 .note.GNU-stack
                0x0000000000000000        0x0 binaries/xsh_ps.o
 .note.GNU-stack
                0x0000000000000000        0x0 binaries/xsh_sleep.o
 .note.GNU-stack
                0x0000000000000000        0x0 binaries/xsh_udpdump.o
 .note.GNU-stack
                0x0000000000000000        0x0 binaries/xsh_udpecho.o
 .note.GNU-stack
                0x0000000000000000        0x0 binaries/xsh_udpserver.o
 .note.GNU-stack
                0x0000000000000000        0x0 binaries/xsh_uptime.o
