
Allocating common symbols
Common symbol       size              file

netbufpool          0x4               binaries/net.o
readylist           0x2               binaries/ready.o
rfltab              0x5a0             binaries/rflinit.o
netportseed         0x8               binaries/net.o
sleepq              0x2               binaries/clkinit.o
nnames              0x4               binaries/naminit.o
udptab              0x168             binaries/udp.o
minheap             0x4               binaries/meminit.o
marks               0x50              binaries/mark.o
currpid             0x4               binaries/initialize.o
Lf_data             0x20c             binaries/lfsinit.o
porttab             0x2d0             binaries/ptinit.o
girmask             0x2               binaries/evec.o
ttytab              0x110             binaries/ttyinit.o
user_priority_list3
                    0x2               binaries/ready.o
proctab             0x2710            binaries/initialize.o
user_priority_list1
                    0x2               binaries/ready.o
prcount             0x4               binaries/initialize.o
lfltab              0xf00             binaries/lflinit.o
user_priority_list2
                    0x2               binaries/ready.o
rdstab              0x8c              binaries/rdsinit.o
ethertab            0x130             binaries/ethinit.o
NetData             0xb0              binaries/net.o
nmarks              0x4               binaries/mark.o
initsp              0x4               binaries/i386.o
Defer               0x8               binaries/resched.o
semtab              0x4b0             binaries/initialize.o
maxheap             0x4               binaries/meminit.o
preempt             0x4               binaries/clkinit.o
buftab              0xf0              binaries/bufinit.o
Rf_data             0x18              binaries/rfsinit.o
mkmutex             0x4               binaries/mark.o
clktime             0x4               binaries/clkinit.o
arpcache            0x140             binaries/arp.o
icmptab             0x230             binaries/icmp.o
nbpools             0x4               binaries/bufinit.o
queuetab            0x9b0             binaries/queue.o
ptnextid            0x4               binaries/ptinit.o
boost               0x4               binaries/initialize.o
Ram                 0x19000           binaries/raminit.o
ipoqueue            0x2c              binaries/ip.o
memlist             0x8               binaries/initialize.o
nametab             0x19a0            binaries/naminit.o
ptfree              0x4               binaries/ptinit.o

Memory Configuration

Name             Origin             Length             Attributes
*default*        0x0000000000000000 0xffffffffffffffff

Linker script and memory map

                0x0000000000100000                physbase = 0x100000
                0x0000000000100000                . = physbase
                0x0000000000100000                . = ALIGN (0x1000)

.text           0x0000000000100000    0x1d000
                0x0000000000100000                text = ABSOLUTE (.)
 *(.text .text.*)
 .text          0x0000000000100000      0x165 binaries/start.o
                0x0000000000100020                entry
                0x000000000010003d                start
                0x00000000001000a5                inb
                0x00000000001000ad                inw
                0x00000000001000b6                inl
                0x00000000001000be                outb
                0x00000000001000c8                outw
                0x00000000001000d3                outl
                0x00000000001000dd                _rtcin
                0x00000000001000e8                ___udivsi3
                0x00000000001000f3                ___divsi3
                0x00000000001000ff                sbzero
                0x000000000010010f                bcopy
                0x0000000000100123                insw
                0x0000000000100139                outsw
                0x000000000010014f                lidt
                0x0000000000100157                jumptocode
                0x000000000010015e                jumptobootcode
 .text          0x0000000000100165      0x3e3 binaries/ascdate.o
                0x0000000000100165                ascdate
 .text          0x0000000000100548       0x14 binaries/bufinit.o
                0x0000000000100548                bufinit
 .text          0x000000000010055c       0x9a binaries/burst_execution.o
                0x000000000010055c                burst_execution
 .text          0x00000000001005f6       0x9f binaries/chprio.o
                0x00000000001005f6                chprio
 .text          0x0000000000100695      0x39b binaries/clkhandler.o
                0x0000000000100695                priority_boost
                0x000000000010086a                clkhandler
 .text          0x0000000000100a30       0x7e binaries/clkinit.o
                0x0000000000100a30                clkinit
 .text          0x0000000000100aae       0x75 binaries/close.o
                0x0000000000100aae                close
 .text          0x0000000000100b23        0x0 binaries/conf.o
 .text          0x0000000000100b23       0x7b binaries/control.o
                0x0000000000100b23                control
 .text          0x0000000000100b9e      0x339 binaries/create.o
                0x0000000000100b9e                create
 .text          0x0000000000100ed7      0x332 binaries/create_user_process.o
                0x0000000000100ed7                create_user_process
 .text          0x0000000000101209      0x369 binaries/evec.o
                0x0000000000101209                initevec
                0x0000000000101260                set_evec
                0x0000000000101302                trap
 .text          0x0000000000101572       0x19 binaries/exit.o
                0x0000000000101572                exit
 .text          0x000000000010158b       0x8c binaries/freebuf.o
                0x000000000010158b                freebuf
 .text          0x0000000000101617      0x172 binaries/freemem.o
                0x0000000000101617                freemem
 .text          0x0000000000101789       0x8a binaries/getbuf.o
                0x0000000000101789                getbuf
 .text          0x0000000000101813       0x75 binaries/getc.o
                0x0000000000101813                getc
 .text          0x0000000000101888       0x74 binaries/getdev.o
                0x0000000000101888                getdev
 .text          0x00000000001018fc       0xd0 binaries/getitem.o
                0x00000000001018fc                getfirst
                0x0000000000101941                getlast
                0x0000000000101988                getitem
 .text          0x00000000001019cc      0x10a binaries/getmem.o
                0x00000000001019cc                getmem
 .text          0x0000000000101ad6        0xa binaries/getpid.o
                0x0000000000101ad6                getpid
 .text          0x0000000000101ae0       0x87 binaries/getprio.o
                0x0000000000101ae0                getprio
 .text          0x0000000000101b67       0xfb binaries/getstk.o
                0x0000000000101b67                getstk
 .text          0x0000000000101c62       0x16 binaries/getticks.o
                0x0000000000101c62                getticks
 .text          0x0000000000101c78       0x3a binaries/gettime.o
                0x0000000000101c78                gettime
 .text          0x0000000000101cb2      0x1f4 binaries/getutime.o
                0x0000000000101cb2                getutime
 .text          0x0000000000101ea6      0x3c5 binaries/i386.o
                0x0000000000101ea6                setsegs
                0x0000000000101fb8                init8259
                0x000000000010206a                pseg
                0x0000000000102212                setirmask
 .text          0x000000000010226b       0x75 binaries/init.o
                0x000000000010226b                init
 .text          0x00000000001022e0      0x4ce binaries/initialize.o
                0x00000000001022e0                nulluser
                0x0000000000102755                stop
                0x0000000000102780                delay
 .text          0x00000000001027ae       0xe3 binaries/insert.o
                0x00000000001027ae                insert
 .text          0x0000000000102891      0x115 binaries/insertd.o
                0x0000000000102891                insertd
 .text          0x00000000001029a6        0xa binaries/ioerr.o
                0x00000000001029a6                ioerr
 .text          0x00000000001029b0        0xa binaries/ionull.o
                0x00000000001029b0                ionull
 .text          0x00000000001029ba      0x1bc binaries/kill.o
                0x00000000001029ba                kill
 .text          0x0000000000102b76      0x14e binaries/kprintf.o
                0x0000000000102b76                kputc
                0x0000000000102c09                kgetc
                0x0000000000102c9a                kprintf
 .text          0x0000000000102cc4     0x133f binaries/main.o
                0x0000000000102cc4                timed_execution
                0x0000000000102cf3                main
 .text          0x0000000000104003       0xb5 binaries/mark.o
                0x0000000000104003                markinit
                0x0000000000104027                mark
 .text          0x00000000001040b8       0xcc binaries/meminit.o
                0x00000000001040b8                meminit
 .text          0x0000000000104184      0x174 binaries/mkbufpool.o
                0x0000000000104184                mkbufpool
 .text          0x00000000001042f8       0x94 binaries/newqueue.o
                0x00000000001042f8                newqueue
 .text          0x000000000010438c       0x7b binaries/open.o
                0x000000000010438c                open
 .text          0x0000000000104407       0x20 binaries/panic.o
                0x0000000000104407                panic
 .text          0x0000000000104427      0x489 binaries/pci.o
                0x0000000000104427                pci_init
                0x00000000001046e4                find_pci_device
                0x0000000000104732                pci_bios_read_config_byte
                0x0000000000104771                pci_bios_read_config_word
                0x00000000001047b3                pci_bios_read_config_dword
                0x00000000001047f2                pci_bios_write_config_byte
                0x0000000000104833                pci_bios_write_config_word
                0x0000000000104875                pci_bios_write_config_dword
 .text          0x00000000001048b0       0x7c binaries/print_ready_list.o
                0x00000000001048b0                print_ready_list
 .text          0x000000000010492c       0xf1 binaries/ptclear.o
                0x000000000010492c                _ptclear
 .text          0x0000000000104a1d       0x9d binaries/ptcount.o
                0x0000000000104a1d                ptcount
 .text          0x0000000000104aba      0x116 binaries/ptcreate.o
                0x0000000000104aba                ptcreate
 .text          0x0000000000104bd0       0x7f binaries/ptdelete.o
                0x0000000000104bd0                ptdelete
 .text          0x0000000000104c4f       0xbf binaries/ptinit.o
                0x0000000000104c4f                ptinit
 .text          0x0000000000104d0e      0x11b binaries/ptrecv.o
                0x0000000000104d0e                ptrecv
 .text          0x0000000000104e29       0x77 binaries/ptreset.o
                0x0000000000104e29                ptreset
 .text          0x0000000000104ea0      0x13d binaries/ptsend.o
                0x0000000000104ea0                ptsend
 .text          0x0000000000104fdd       0x80 binaries/putc.o
                0x0000000000104fdd                putc
 .text          0x000000000010505d      0x116 binaries/queue.o
                0x000000000010505d                enqueue
                0x0000000000105106                dequeue
 .text          0x0000000000105173       0x7b binaries/read.o
                0x0000000000105173                read
 .text          0x00000000001051ee       0xec binaries/ready.o
                0x00000000001051ee                ready
 .text          0x00000000001052da       0x69 binaries/receive.o
                0x00000000001052da                receive
 .text          0x0000000000105343       0x65 binaries/recvclr.o
                0x0000000000105343                recvclr
 .text          0x00000000001053a8       0xc4 binaries/recvtime.o
                0x00000000001053a8                recvtime
 .text          0x000000000010546c      0xa3f binaries/resched.o
                0x000000000010546c                resched
                0x0000000000105e36                resched_cntl
 .text          0x0000000000105eab       0xbc binaries/resume.o
                0x0000000000105eab                resume
 .text          0x0000000000105f67       0x79 binaries/seek.o
                0x0000000000105f67                seek
 .text          0x0000000000105fe0       0x70 binaries/semcount.o
                0x0000000000105fe0                semcount
 .text          0x0000000000106050       0xd6 binaries/semcreate.o
                0x0000000000106050                semcreate
 .text          0x0000000000106126       0xcd binaries/semdelete.o
                0x0000000000106126                semdelete
 .text          0x00000000001061f3       0xcb binaries/semreset.o
                0x00000000001061f3                semreset
 .text          0x00000000001062be       0xf8 binaries/send.o
                0x00000000001062be                send
 .text          0x00000000001063b6       0xa8 binaries/signal.o
                0x00000000001063b6                signal
 .text          0x000000000010645e       0xd6 binaries/signaln.o
                0x000000000010645e                signaln
 .text          0x0000000000106534       0xf3 binaries/sleep.o
                0x0000000000106534                sleep
                0x0000000000106582                sleepms
 .text          0x0000000000106627      0x19d binaries/stacktrace.o
                0x0000000000106627                stacktrace
 .text          0x00000000001067c4       0xf2 binaries/suspend.o
                0x00000000001067c4                suspend
 .text          0x00000000001068b6       0xf4 binaries/unsleep.o
                0x00000000001068b6                unsleep
 .text          0x00000000001069aa       0x19 binaries/userret.o
                0x00000000001069aa                userret
 .text          0x00000000001069c3       0xe4 binaries/wait.o
                0x00000000001069c3                wait
 .text          0x0000000000106aa7       0x72 binaries/wakeup.o
                0x0000000000106aa7                wakeup
 .text          0x0000000000106b19       0x7b binaries/write.o
                0x0000000000106b19                write
 .text          0x0000000000106b94       0x1d binaries/xdone.o
                0x0000000000106b94                xdone
 .text          0x0000000000106bb1       0x28 binaries/yield.o
                0x0000000000106bb1                yield
 .text          0x0000000000106bd9       0x11 binaries/abs.o
                0x0000000000106bd9                abs
 .text          0x0000000000106bea       0x8f binaries/atoi.o
                0x0000000000106bea                atoi
 .text          0x0000000000106c79       0x8f binaries/atol.o
                0x0000000000106c79                atol
 .text          0x0000000000106d08       0x31 binaries/bzero.o
                0x0000000000106d08                bzero
 .text          0x0000000000106d39        0x0 binaries/ctype_.o
 .text          0x0000000000106d39      0x8ed binaries/doprnt.o
                0x0000000000106d39                _doprnt
 .text          0x0000000000107626      0x65c binaries/doscan.o
                0x0000000000107626                _doscan
 .text          0x0000000000107c82      0x711 binaries/fdoprnt.o
                0x0000000000107c82                _fdoprnt
 .text          0x0000000000108393       0x29 binaries/fgetc.o
                0x0000000000108393                fgetc
 .text          0x00000000001083bc       0x75 binaries/fgets.o
                0x00000000001083bc                fgets
 .text          0x0000000000108431       0x2a binaries/fprintf.o
                0x0000000000108431                fprintf
 .text          0x000000000010845b       0x2c binaries/fputc.o
                0x000000000010845b                fputc
 .text          0x0000000000108487       0x43 binaries/fputs.o
                0x0000000000108487                fputs
 .text          0x00000000001084ca       0x8a binaries/fscanf.o
                0x00000000001084ca                fscanf
 .text          0x0000000000108554       0x3a binaries/getchar.o
                0x0000000000108554                getchar
 .text          0x000000000010858e       0x11 binaries/labs.o
                0x000000000010858e                labs
 .text          0x000000000010859f        0x0 binaries/memchr.o
 .text          0x000000000010859f       0x51 binaries/memcmp.o
                0x000000000010859f                memcmp
 .text          0x00000000001085f0       0x3f binaries/memcpy.o
                0x00000000001085f0                memcpy
 .text          0x000000000010862f       0x30 binaries/memset.o
                0x000000000010862f                memset
 .text          0x000000000010865f       0x50 binaries/printf.o
                0x000000000010865f                printf
 .text          0x00000000001086af       0x3d binaries/putchar.o
                0x00000000001086af                putchar
 .text          0x00000000001086ec      0x27e binaries/qsort.o
                0x00000000001086ec                qsort
 .text          0x000000000010896a       0x63 binaries/rand.o
                0x000000000010896a                rand
                0x0000000000108982                rand_r
                0x00000000001089c0                srand
 .text          0x00000000001089cd       0x66 binaries/sprintf.o
                0x00000000001089cd                sprintf
 .text          0x0000000000108a33       0x70 binaries/sscanf.o
                0x0000000000108a33                sscanf
 .text          0x0000000000108aa3       0x3c binaries/strchr.o
                0x0000000000108aa3                strchr
 .text          0x0000000000108adf       0x45 binaries/strcmp.o
                0x0000000000108adf                strcmp
 .text          0x0000000000108b24       0x27 binaries/strcpy.o
                0x0000000000108b24                strcpy
 .text          0x0000000000108b4b       0x26 binaries/strlen.o
                0x0000000000108b4b                strlen
 .text          0x0000000000108b71       0x56 binaries/strncat.o
                0x0000000000108b71                strncat
 .text          0x0000000000108bc7       0x5f binaries/strncmp.o
                0x0000000000108bc7                strncmp
 .text          0x0000000000108c26       0x4f binaries/strncpy.o
                0x0000000000108c26                strncpy
 .text          0x0000000000108c75       0x2e binaries/strnlen.o
                0x0000000000108c75                strnlen
 .text          0x0000000000108ca3       0x45 binaries/strrchr.o
                0x0000000000108ca3                strrchr
 .text          0x0000000000108ce8       0x6d binaries/strstr.o
                0x0000000000108ce8                strstr
 .text          0x0000000000108d55       0xe4 binaries/ttycontrol.o
                0x0000000000108d55                ttycontrol
 .text          0x0000000000108e39       0x97 binaries/ttygetc.o
                0x0000000000108e39                ttygetc
 .text          0x0000000000108ed0      0x6ee binaries/ttyhandle_in.o
                0x0000000000108ed0                ttyhandle_in
 .text          0x00000000001095be      0x1ae binaries/ttyhandle_out.o
                0x00000000001095be                ttyhandle_out
 .text          0x000000000010976c       0xce binaries/ttyhandler.o
                0x000000000010976c                ttyhandler
 .text          0x000000000010983a      0x22f binaries/ttyinit.o
                0x000000000010983a                ttyinit
 .text          0x0000000000109a69       0x1b binaries/ttykickout.o
                0x0000000000109a69                ttykickout
 .text          0x0000000000109a84       0xb7 binaries/ttyputc.o
                0x0000000000109a84                ttyputc
 .text          0x0000000000109b3b      0x11b binaries/ttyread.o
                0x0000000000109b3b                ttyread
 .text          0x0000000000109c56       0x4f binaries/ttywrite.o
                0x0000000000109c56                ttywrite
 .text          0x0000000000109ca5      0x14b binaries/mount.o
                0x0000000000109ca5                mount
                0x0000000000109dba                namlen
 .text          0x0000000000109df0      0x1ea binaries/naminit.o
                0x0000000000109df0                naminit
 .text          0x0000000000109fda      0x211 binaries/nammap.o
                0x0000000000109fda                nammap
                0x000000000010a065                namrepl
                0x000000000010a19b                namcpy
 .text          0x000000000010a1eb       0x4e binaries/namopen.o
                0x000000000010a1eb                namopen
 .text          0x000000000010a239      0xec3 binaries/82545EMInit.o
                0x000000000010a297                _82545EMInit
                0x000000000010af68                _82545EM_read_phy_reg
                0x000000000010b02e                _82545EM_write_phy_reg
 .text          0x000000000010b0fc      0x241 binaries/ethcontrol.o
                0x000000000010b15a                ethcontrol
                0x000000000010b2d0                ethIrqDisable
                0x000000000010b305                ethIrqEnable
 .text          0x000000000010b33d      0x252 binaries/ethhandler.o
                0x000000000010b4ad                ethhandler
 .text          0x000000000010b58f      0x126 binaries/ethinit.o
                0x000000000010b58f                ethinit
 .text          0x000000000010b6b5      0x1f4 binaries/ethread.o
                0x000000000010b713                ethread
 .text          0x000000000010b8a9      0x19f binaries/ethwrite.o
                0x000000000010b907                ethwrite
 .text          0x000000000010ba48       0x9e binaries/rdsbufalloc.o
                0x000000000010ba48                rdsbufalloc
 .text          0x000000000010bae6       0xcc binaries/rdsclose.o
                0x000000000010bae6                rdsclose
 .text          0x000000000010bbb2      0x2e8 binaries/rdscomm.o
                0x000000000010bbb2                rdscomm
 .text          0x000000000010be9a      0x233 binaries/rdscontrol.o
                0x000000000010be9a                rdscontrol
 .text          0x000000000010c0cd      0x1f3 binaries/rdsinit.o
                0x000000000010c0cd                rdsinit
 .text          0x000000000010c2c0      0x19b binaries/rdsopen.o
                0x000000000010c2c0                rdsopen
 .text          0x000000000010c45b      0x461 binaries/rdsprocess.o
                0x000000000010c45b                rdsprocess
 .text          0x000000000010c8bc      0x259 binaries/rdsread.o
                0x000000000010c8bc                rdsread
 .text          0x000000000010cb15      0x1fe binaries/rdswrite.o
                0x000000000010cb15                rdswrite
 .text          0x000000000010cd13        0xa binaries/ramclose.o
                0x000000000010cd13                ramclose
 .text          0x000000000010cd1d       0x3e binaries/raminit.o
                0x000000000010cd1d                raminit
 .text          0x000000000010cd5b        0xa binaries/ramopen.o
                0x000000000010cd5b                ramopen
 .text          0x000000000010cd65       0x32 binaries/ramread.o
                0x000000000010cd65                ramread
 .text          0x000000000010cd97       0x32 binaries/ramwrite.o
                0x000000000010cd97                ramwrite
 .text          0x000000000010cdc9       0x98 binaries/lfdballoc.o
                0x000000000010cdc9                lfdballoc
 .text          0x000000000010ce61       0x58 binaries/lfdbfree.o
                0x000000000010ce61                lfdbfree
 .text          0x000000000010ceb9       0xb6 binaries/lfflush.o
                0x000000000010ceb9                lfflush
 .text          0x000000000010cf6f       0xd8 binaries/lfgetmode.o
                0x000000000010cf6f                lfgetmode
 .text          0x000000000010d047       0x68 binaries/lfiballoc.o
                0x000000000010d047                lfiballoc
 .text          0x000000000010d0af       0x3b binaries/lfibclear.o
                0x000000000010d0af                lfibclear
 .text          0x000000000010d0ea       0xad binaries/lfibget.o
                0x000000000010d0ea                lfibget
 .text          0x000000000010d197       0xdc binaries/lfibput.o
                0x000000000010d197                lfibput
 .text          0x000000000010d273       0xa2 binaries/lflclose.o
                0x000000000010d273                lflclose
 .text          0x000000000010d315       0xd0 binaries/lflcontrol.o
                0x000000000010d315                lflcontrol
 .text          0x000000000010d3e5       0xf2 binaries/lflgetc.o
                0x000000000010d3e5                lflgetc
 .text          0x000000000010d4d7       0xf1 binaries/lflinit.o
                0x000000000010d4d7                lflinit
 .text          0x000000000010d5c8      0x122 binaries/lflputc.o
                0x000000000010d5c8                lflputc
 .text          0x000000000010d6ea       0x70 binaries/lflread.o
                0x000000000010d6ea                lflread
 .text          0x000000000010d75a       0xac binaries/lflseek.o
                0x000000000010d75a                lflseek
 .text          0x000000000010d806       0x55 binaries/lflwrite.o
                0x000000000010d806                lflwrite
 .text          0x000000000010d85b       0x62 binaries/lfscheck.o
                0x000000000010d85b                lfscheck
 .text          0x000000000010d8bd      0x175 binaries/lfsckfmt.o
                0x000000000010d8bd                lfsckfmt
 .text          0x000000000010da32      0x1ad binaries/lfscreate.o
                0x000000000010da32                lfscreate
 .text          0x000000000010dbdf      0x278 binaries/lfsetup.o
                0x000000000010dbdf                lfsetup
 .text          0x000000000010de57       0x51 binaries/lfsinit.o
                0x000000000010de57                lfsinit
 .text          0x000000000010dea8      0x3c0 binaries/lfsopen.o
                0x000000000010dea8                lfsopen
 .text          0x000000000010e268      0x15e binaries/lftruncate.o
                0x000000000010e268                lftruncate
 .text          0x000000000010e3c6       0x71 binaries/rflclose.o
                0x000000000010e3c6                rflclose
 .text          0x000000000010e437       0x32 binaries/rflgetc.o
                0x000000000010e437                rflgetc
 .text          0x000000000010e469       0x76 binaries/rflinit.o
                0x000000000010e469                rflinit
 .text          0x000000000010e4df       0x33 binaries/rflputc.o
                0x000000000010e4df                rflputc
 .text          0x000000000010e512      0x360 binaries/rflread.o
                0x000000000010e512                rflread
 .text          0x000000000010e872       0x74 binaries/rflseek.o
                0x000000000010e872                rflseek
 .text          0x000000000010e8e6      0x34d binaries/rflwrite.o
                0x000000000010e8e6                rflwrite
 .text          0x000000000010ec33      0x1e2 binaries/rfscomm.o
                0x000000000010ec33                rfscomm
 .text          0x000000000010ee15      0x26d binaries/rfscontrol.o
                0x000000000010ee15                rfscontrol
 .text          0x000000000010f082       0xd8 binaries/rfsgetmode.o
                0x000000000010f082                rfsgetmode
 .text          0x000000000010f15a       0x86 binaries/rfsinit.o
                0x000000000010f15a                rfsinit
 .text          0x000000000010f1e0      0x111 binaries/rfsndmsg.o
                0x000000000010f1e0                rfsndmsg
 .text          0x000000000010f2f1      0x2aa binaries/rfsopen.o
                0x000000000010f2f1                rfsopen
 .text          0x000000000010f59b      0x836 binaries/arp.o
                0x000000000010f59b                arp_init
                0x000000000010f5cd                arp_resolve
                0x000000000010f881                arp_in
                0x000000000010fb39                arp_alloc
                0x000000000010fbf9                arp_ntoh
                0x000000000010fce5                arp_hton
 .text          0x000000000010fdd1      0x8e3 binaries/dhcp.o
                0x000000000010fdd1                dhcp_get_opt_val
                0x000000000010fe2a                dhcp_bld_bootp_msg
                0x000000000010ff37                dhcp_bld_disc
                0x0000000000110020                dhcp_bld_req
                0x0000000000110192                getlocalip
 .text          0x00000000001106b4      0x59f binaries/dns.o
                0x00000000001106b4                dnslookup
 .text          0x0000000000110c53       0xe8 binaries/dot2ip.o
                0x0000000000110c53                dot2ip
 .text          0x0000000000110d3b      0x4c4 binaries/hexdump.o
                0x0000000000110d3b                hexdump
                0x0000000000110ee2                hexadump
 .text          0x00000000001111ff      0x8af binaries/icmp.o
                0x00000000001111ff                icmp_init
                0x0000000000111236                icmp_in
                0x000000000011140c                icmp_register
                0x0000000000111507                icmp_recv
                0x0000000000111693                icmp_send
                0x000000000011171b                icmp_mkpkt
                0x0000000000111835                icmp_release
                0x0000000000111933                icmp_cksum
                0x00000000001119c6                icmp_hton
                0x0000000000111a3a                icmp_ntoh
 .text          0x0000000000111aae      0x8a5 binaries/ip.o
                0x0000000000111aae                ip_in
                0x0000000000111c32                ip_send
                0x0000000000111d8d                ip_local
                0x0000000000111dd9                ip_out
                0x0000000000111f12                ipcksum
                0x0000000000111f98                ip_ntoh
                0x0000000000112084                ip_hton
                0x0000000000112170                ipout
                0x000000000011229f                ip_enqueue
 .text          0x0000000000112353      0x2cd binaries/net.o
                0x0000000000112353                net_init
                0x000000000011247b                netin
                0x0000000000112538                eth_hton
                0x0000000000112562                eth_ntoh
                0x000000000011258c                getport
 .text          0x0000000000112620     0x147f binaries/pdump.o
                0x0000000000112620                pdump
                0x00000000001133dd                pdumph
 .text          0x0000000000113a9f      0x613 binaries/tftp.o
                0x0000000000113a9f                tftp_send1
                0x0000000000113c17                tftpget
                0x0000000000113c49                tftpget_mb
 .text          0x00000000001140b2      0xb82 binaries/udp.o
                0x00000000001140b2                udp_init
                0x00000000001140e7                udp_in
                0x0000000000114229                udp_register
                0x0000000000114366                udp_recv
                0x0000000000114502                udp_recvaddr
                0x00000000001146b6                udp_send
                0x000000000011489e                udp_sendto
                0x0000000000114a4f                udp_release
                0x0000000000114b4a                udp_ntoh
                0x0000000000114bbf                udp_hton
 .text          0x0000000000114c34      0x141 binaries/addargs.o
                0x0000000000114c34                addargs
 .text          0x0000000000114d75      0x2c9 binaries/lexan.o
                0x0000000000114d75                lexan
 .text          0x000000000011503e      0x678 binaries/shell.o
                0x000000000011503e                shell
 .text          0x00000000001156b6       0x69 binaries/xsh_argecho.o
                0x00000000001156b6                xsh_argecho
 .text          0x000000000011571f      0x275 binaries/xsh_arp.o
                0x000000000011571f                xsh_arp
 .text          0x0000000000115994      0x2a8 binaries/xsh_cat.o
                0x0000000000115994                xsh_cat
 .text          0x0000000000115c3c       0x67 binaries/xsh_clear.o
                0x0000000000115c3c                xsh_clear
 .text          0x0000000000115ca3      0x32e binaries/xsh_date.o
                0x0000000000115ca3                xsh_date
 .text          0x0000000000115fd1       0xb7 binaries/xsh_devdump.o
                0x0000000000115fd1                xsh_devdump
 .text          0x0000000000116088       0x72 binaries/xsh_echo.o
                0x0000000000116088                xsh_echo
 .text          0x00000000001160fa        0xa binaries/xsh_exit.o
                0x00000000001160fa                xsh_exit
 .text          0x0000000000116104      0x39f binaries/xsh_help.o
                0x0000000000116104                xsh_help
 .text          0x00000000001164a3      0x27e binaries/xsh_kill.o
                0x00000000001164a3                xsh_kill
 .text          0x0000000000116721      0x583 binaries/xsh_memdump.o
                0x0000000000116721                xsh_memdump
 .text          0x0000000000116ca4      0x2cf binaries/xsh_memstat.o
                0x0000000000116ca4                xsh_memstat
 .text          0x0000000000116f73      0x539 binaries/xsh_netinfo.o
                0x0000000000116f73                xsh_netinfo
 .text          0x00000000001174ac      0x4e7 binaries/xsh_ping.o
                0x00000000001174ac                xsh_ping
 .text          0x0000000000117993      0x246 binaries/xsh_ps.o
                0x0000000000117993                xsh_ps
 .text          0x0000000000117bd9      0x25a binaries/xsh_sleep.o
                0x0000000000117bd9                xsh_sleep
 .text          0x0000000000117e33      0x290 binaries/xsh_udpdump.o
                0x0000000000117e33                xsh_udpdump
 .text          0x00000000001180c3      0x520 binaries/xsh_udpecho.o
                0x00000000001180c3                xsh_udpecho
 .text          0x00000000001185e3      0x2ea binaries/xsh_udpserver.o
                0x00000000001185e3                xsh_udpeserver
 .text          0x00000000001188cd      0x209 binaries/xsh_uptime.o
                0x00000000001188cd                xsh_uptime
 .text          0x0000000000118ad6        0xe binaries/clkdisp.o
                0x0000000000118ad6                clkdisp
 .text          0x0000000000118ae4       0x19 binaries/ctxsw.o
                0x0000000000118ae4                ctxsw
 .text          0x0000000000118afd      0x36b binaries/intr.o
                0x0000000000118afd                disable
                0x0000000000118b06                restore
                0x0000000000118b14                enable
                0x0000000000118b16                pause
                0x0000000000118b1d                halt
                0x0000000000118b23                spurious_irq7
                0x0000000000118b28                spurious_irq15
                0x0000000000118b37                _Xint0
                0x0000000000118b42                _Xint1
                0x0000000000118b4d                _Xint2
                0x0000000000118b58                _Xint3
                0x0000000000118b63                _Xint4
                0x0000000000118b6e                _Xint5
                0x0000000000118b79                _Xint6
                0x0000000000118b84                _Xint7
                0x0000000000118b8f                _Xint8
                0x0000000000118b9a                _Xint9
                0x0000000000118ba5                _Xint10
                0x0000000000118bb0                _Xint11
                0x0000000000118bbe                _Xint12
                0x0000000000118bcc                _Xint13
                0x0000000000118bda                _Xint14
                0x0000000000118be8                _Xint15
                0x0000000000118bf6                _Xint16
                0x0000000000118c04                _Xint17
                0x0000000000118c12                _Xint18
                0x0000000000118c20                _Xint19
                0x0000000000118c2e                _Xint20
                0x0000000000118c3c                _Xint21
                0x0000000000118c4a                _Xint22
                0x0000000000118c58                _Xint23
                0x0000000000118c66                _Xint24
                0x0000000000118c74                _Xint25
                0x0000000000118c82                _Xint26
                0x0000000000118c90                _Xint27
                0x0000000000118c9e                _Xint28
                0x0000000000118cac                _Xint29
                0x0000000000118cba                _Xint30
                0x0000000000118cc8                _Xint31
                0x0000000000118cd6                _Xint32
                0x0000000000118ce4                _Xint33
                0x0000000000118cf2                _Xint34
                0x0000000000118d00                _Xint35
                0x0000000000118d0e                _Xint36
                0x0000000000118d1c                _Xint37
                0x0000000000118d2a                _Xint38
                0x0000000000118d38                _Xint39
                0x0000000000118d46                _Xint40
                0x0000000000118d54                _Xint41
                0x0000000000118d62                _Xint42
                0x0000000000118d70                _Xint43
                0x0000000000118d7e                _Xint44
                0x0000000000118d8c                _Xint45
                0x0000000000118d9a                _Xint46
                0x0000000000118da8                defevec
 .text          0x0000000000118e68        0xf binaries/ttydispatch.o
                0x0000000000118e68                ttydispatch
 .text          0x0000000000118e77       0x13 binaries/ethdispatch.o
                0x0000000000118e77                ethdispatch
 *(.rodata .rodata.*)
 *fill*         0x0000000000118e8a        0x2 
 .rodata        0x0000000000118e8c       0x8e binaries/ascdate.o
 .rodata        0x0000000000118f1a       0xae binaries/conf.o
 .rodata        0x0000000000118fc8      0x22f binaries/evec.o
 *fill*         0x00000000001191f7        0x1 
 .rodata        0x00000000001191f8       0x61 binaries/getutime.o
 *fill*         0x0000000000119259        0x3 
 .rodata        0x000000000011925c       0x90 binaries/i386.o
 .rodata        0x00000000001192ec      0x180 binaries/initialize.o
 .rodata        0x000000000011946c       0x20 binaries/kill.o
 .rodata        0x000000000011948c      0x2a9 binaries/main.o
 .rodata        0x0000000000119735        0xf binaries/panic.o
 .rodata        0x0000000000119744      0x1ec binaries/pci.o
 .rodata        0x0000000000119930       0x26 binaries/print_ready_list.o
 .rodata        0x0000000000119956       0x1d binaries/ptinit.o
 *fill*         0x0000000000119973        0x1 
 .rodata        0x0000000000119974       0x25 binaries/ptsend.o
 .rodata        0x0000000000119999       0x1b binaries/resched.o
 .rodata        0x00000000001199b4       0xb7 binaries/stacktrace.o
 *fill*         0x0000000000119a6b        0x1 
 .rodata        0x0000000000119a6c       0x27 binaries/xdone.o
 *fill*         0x0000000000119a93        0xd 
 .rodata        0x0000000000119aa0       0x81 binaries/ctype_.o
                0x0000000000119aa0                _ctype_
 *fill*         0x0000000000119b21        0x3 
 .rodata        0x0000000000119b24       0xee binaries/doprnt.o
 *fill*         0x0000000000119c12        0x2 
 .rodata        0x0000000000119c14       0x98 binaries/doscan.o
 .rodata        0x0000000000119cac       0xae binaries/fdoprnt.o
 *fill*         0x0000000000119d5a        0x2 
 .rodata        0x0000000000119d5c       0x20 binaries/ttycontrol.o
 .rodata        0x0000000000119d7c       0x34 binaries/ttyhandler.o
 .rodata        0x0000000000119db0       0x80 binaries/naminit.o
 .rodata        0x0000000000119e30       0x2e binaries/82545EMInit.o
 *fill*         0x0000000000119e5e        0x2 
 .rodata        0x0000000000119e60       0x78 binaries/ethinit.o
 .rodata        0x0000000000119ed8       0x18 binaries/ethread.o
 .rodata        0x0000000000119ef0       0x2c binaries/rdsbufalloc.o
 .rodata        0x0000000000119f1c       0x76 binaries/rdscomm.o
 *fill*         0x0000000000119f92        0x2 
 .rodata        0x0000000000119f94       0x48 binaries/rdscontrol.o
 .rodata        0x0000000000119fdc       0x96 binaries/rdsinit.o
 *fill*         0x000000000011a072        0x2 
 .rodata        0x000000000011a074       0x22 binaries/rdsopen.o
 *fill*         0x000000000011a096        0x2 
 .rodata        0x000000000011a098       0x4d binaries/rdsprocess.o
 .rodata        0x000000000011a0e5        0x9 binaries/raminit.o
 *fill*         0x000000000011a0ee        0x2 
 .rodata        0x000000000011a0f0       0x37 binaries/lfdballoc.o
 .rodata        0x000000000011a127       0x14 binaries/lfiballoc.o
 *fill*         0x000000000011a13b        0x1 
 .rodata        0x000000000011a13c       0x23 binaries/lflcontrol.o
 *fill*         0x000000000011a15f        0x1 
 .rodata        0x000000000011a160      0x11b binaries/lfsckfmt.o
 *fill*         0x000000000011a27b        0x1 
 .rodata        0x000000000011a27c       0x2a binaries/lfsopen.o
 *fill*         0x000000000011a2a6        0x2 
 .rodata        0x000000000011a2a8       0x21 binaries/rflread.o
 *fill*         0x000000000011a2c9        0x3 
 .rodata        0x000000000011a2cc       0x21 binaries/rflwrite.o
 *fill*         0x000000000011a2ed        0x3 
 .rodata        0x000000000011a2f0       0x75 binaries/rfscomm.o
 *fill*         0x000000000011a365        0x3 
 .rodata        0x000000000011a368       0x3c binaries/rfscontrol.o
 .rodata        0x000000000011a3a4       0x63 binaries/rfsinit.o
 *fill*         0x000000000011a407        0x1 
 .rodata        0x000000000011a408       0x2a binaries/rfsndmsg.o
 *fill*         0x000000000011a432        0x2 
 .rodata        0x000000000011a434       0x22 binaries/rfsopen.o
 *fill*         0x000000000011a456        0x2 
 .rodata        0x000000000011a458       0x3a binaries/arp.o
 *fill*         0x000000000011a492        0x2 
 .rodata        0x000000000011a494       0xcf binaries/dhcp.o
 .rodata        0x000000000011a563       0x1a binaries/dns.o
 *fill*         0x000000000011a57d        0x3 
 .rodata        0x000000000011a580       0xc9 binaries/hexdump.o
 *fill*         0x000000000011a649        0x3 
 .rodata        0x000000000011a64c       0x29 binaries/icmp.o
 *fill*         0x000000000011a675        0x3 
 .rodata        0x000000000011a678       0x6e binaries/ip.o
 *fill*         0x000000000011a6e6        0x2 
 .rodata        0x000000000011a6e8       0x4f binaries/net.o
 *fill*         0x000000000011a737        0x1 
 .rodata        0x000000000011a738      0x26f binaries/pdump.o
 *fill*         0x000000000011a9a7        0x1 
 .rodata        0x000000000011a9a8      0x154 binaries/tftp.o
 *fill*         0x000000000011aafc        0x4 
 .rodata        0x000000000011ab00      0x3c1 binaries/shell.o
                0x000000000011ab80                cmdtab
 .rodata        0x000000000011aec1       0x28 binaries/xsh_argecho.o
 *fill*         0x000000000011aee9        0x3 
 .rodata        0x000000000011aeec      0x123 binaries/xsh_arp.o
 *fill*         0x000000000011b00f        0x1 
 .rodata        0x000000000011b010       0xc9 binaries/xsh_cat.o
 .rodata        0x000000000011b0d9       0x19 binaries/xsh_clear.o
 *fill*         0x000000000011b0f2        0x2 
 .rodata        0x000000000011b0f4      0x1c3 binaries/xsh_date.o
 .rodata        0x000000000011b2b7       0x5d binaries/xsh_devdump.o
 .rodata        0x000000000011b314        0x9 binaries/xsh_echo.o
 *fill*         0x000000000011b31d        0x3 
 .rodata        0x000000000011b320      0x169 binaries/xsh_help.o
 *fill*         0x000000000011b489        0x3 
 .rodata        0x000000000011b48c      0x12e binaries/xsh_kill.o
 *fill*         0x000000000011b5ba        0x2 
 .rodata        0x000000000011b5bc      0x266 binaries/xsh_memdump.o
 *fill*         0x000000000011b822        0x2 
 .rodata        0x000000000011b824      0x225 binaries/xsh_memstat.o
 *fill*         0x000000000011ba49        0x3 
 .rodata        0x000000000011ba4c      0x1b0 binaries/xsh_netinfo.o
 .rodata        0x000000000011bbfc      0x1a1 binaries/xsh_ping.o
 *fill*         0x000000000011bd9d        0x3 
 .rodata        0x000000000011bda0      0x1e0 binaries/xsh_ps.o
 .rodata        0x000000000011bf80       0xeb binaries/xsh_sleep.o
 *fill*         0x000000000011c06b        0x1 
 .rodata        0x000000000011c06c      0x1b8 binaries/xsh_udpdump.o
 .rodata        0x000000000011c224      0x215 binaries/xsh_udpecho.o
 *fill*         0x000000000011c439        0x3 
 .rodata        0x000000000011c43c      0x12b binaries/xsh_udpserver.o
 *fill*         0x000000000011c567        0x1 
 .rodata        0x000000000011c568      0x105 binaries/xsh_uptime.o
                0x000000000011c66d                etext = ABSOLUTE (.)
                0x000000000011d000                . = ALIGN (0x1000)
 *fill*         0x000000000011c66d      0x993 

.eh_frame       0x000000000011d000     0x2d00
 .eh_frame      0x000000000011d000       0x38 binaries/ascdate.o
 .eh_frame      0x000000000011d038       0x20 binaries/bufinit.o
                                         0x38 (size before relaxing)
 .eh_frame      0x000000000011d058       0x20 binaries/burst_execution.o
                                         0x38 (size before relaxing)
 .eh_frame      0x000000000011d078       0x20 binaries/chprio.o
                                         0x38 (size before relaxing)
 .eh_frame      0x000000000011d098       0x40 binaries/clkhandler.o
                                         0x58 (size before relaxing)
 .eh_frame      0x000000000011d0d8       0x20 binaries/clkinit.o
                                         0x38 (size before relaxing)
 .eh_frame      0x000000000011d0f8       0x20 binaries/close.o
                                         0x38 (size before relaxing)
 .eh_frame      0x000000000011d118       0x20 binaries/control.o
                                         0x38 (size before relaxing)
 .eh_frame      0x000000000011d138       0x40 binaries/create.o
                                         0x58 (size before relaxing)
 .eh_frame      0x000000000011d178       0x40 binaries/create_user_process.o
                                         0x58 (size before relaxing)
 .eh_frame      0x000000000011d1b8       0x60 binaries/evec.o
                                         0x78 (size before relaxing)
 .eh_frame      0x000000000011d218       0x20 binaries/exit.o
                                         0x38 (size before relaxing)
 .eh_frame      0x000000000011d238       0x20 binaries/freebuf.o
                                         0x38 (size before relaxing)
 .eh_frame      0x000000000011d258       0x20 binaries/freemem.o
                                         0x38 (size before relaxing)
 .eh_frame      0x000000000011d278       0x20 binaries/getbuf.o
                                         0x38 (size before relaxing)
 .eh_frame      0x000000000011d298       0x20 binaries/getc.o
                                         0x38 (size before relaxing)
 .eh_frame      0x000000000011d2b8       0x20 binaries/getdev.o
                                         0x38 (size before relaxing)
 .eh_frame      0x000000000011d2d8       0x60 binaries/getitem.o
                                         0x78 (size before relaxing)
 .eh_frame      0x000000000011d338       0x20 binaries/getmem.o
                                         0x38 (size before relaxing)
 .eh_frame      0x000000000011d358       0x20 binaries/getpid.o
                                         0x38 (size before relaxing)
 .eh_frame      0x000000000011d378       0x20 binaries/getprio.o
                                         0x38 (size before relaxing)
 .eh_frame      0x000000000011d398       0x20 binaries/getstk.o
                                         0x38 (size before relaxing)
 .eh_frame      0x000000000011d3b8       0x20 binaries/getticks.o
                                         0x38 (size before relaxing)
 .eh_frame      0x000000000011d3d8       0x20 binaries/gettime.o
                                         0x38 (size before relaxing)
 .eh_frame      0x000000000011d3f8       0x20 binaries/getutime.o
                                         0x38 (size before relaxing)
 .eh_frame      0x000000000011d418       0x8c binaries/i386.o
                                         0xa4 (size before relaxing)
 .eh_frame      0x000000000011d4a4       0x20 binaries/init.o
                                         0x38 (size before relaxing)
 .eh_frame      0x000000000011d4c4       0xa0 binaries/initialize.o
                                         0xb8 (size before relaxing)
 .eh_frame      0x000000000011d564       0x20 binaries/insert.o
                                         0x38 (size before relaxing)
 .eh_frame      0x000000000011d584       0x20 binaries/insertd.o
                                         0x38 (size before relaxing)
 .eh_frame      0x000000000011d5a4       0x20 binaries/ioerr.o
                                         0x38 (size before relaxing)
 .eh_frame      0x000000000011d5c4       0x20 binaries/ionull.o
                                         0x38 (size before relaxing)
 .eh_frame      0x000000000011d5e4       0x20 binaries/kill.o
                                         0x38 (size before relaxing)
 .eh_frame      0x000000000011d604       0x60 binaries/kprintf.o
                                         0x78 (size before relaxing)
 .eh_frame      0x000000000011d664       0x5c binaries/main.o
                                         0x74 (size before relaxing)
 .eh_frame      0x000000000011d6c0       0x40 binaries/mark.o
                                         0x58 (size before relaxing)
 .eh_frame      0x000000000011d700       0x20 binaries/meminit.o
                                         0x38 (size before relaxing)
 .eh_frame      0x000000000011d720       0x20 binaries/mkbufpool.o
                                         0x38 (size before relaxing)
 .eh_frame      0x000000000011d740       0x20 binaries/newqueue.o
                                         0x38 (size before relaxing)
 .eh_frame      0x000000000011d760       0x20 binaries/open.o
                                         0x38 (size before relaxing)
 .eh_frame      0x000000000011d780       0x1c binaries/panic.o
                                         0x34 (size before relaxing)
 .eh_frame      0x000000000011d79c      0x1c8 binaries/pci.o
                                        0x1e0 (size before relaxing)
 .eh_frame      0x000000000011d964       0x20 binaries/print_ready_list.o
                                         0x38 (size before relaxing)
 .eh_frame      0x000000000011d984       0x20 binaries/ptclear.o
                                         0x38 (size before relaxing)
 .eh_frame      0x000000000011d9a4       0x20 binaries/ptcount.o
                                         0x38 (size before relaxing)
 .eh_frame      0x000000000011d9c4       0x20 binaries/ptcreate.o
                                         0x38 (size before relaxing)
 .eh_frame      0x000000000011d9e4       0x20 binaries/ptdelete.o
                                         0x38 (size before relaxing)
 .eh_frame      0x000000000011da04       0x20 binaries/ptinit.o
                                         0x38 (size before relaxing)
 .eh_frame      0x000000000011da24       0x20 binaries/ptrecv.o
                                         0x38 (size before relaxing)
 .eh_frame      0x000000000011da44       0x20 binaries/ptreset.o
                                         0x38 (size before relaxing)
 .eh_frame      0x000000000011da64       0x20 binaries/ptsend.o
                                         0x38 (size before relaxing)
 .eh_frame      0x000000000011da84       0x20 binaries/putc.o
                                         0x38 (size before relaxing)
 .eh_frame      0x000000000011daa4       0x40 binaries/queue.o
                                         0x58 (size before relaxing)
 .eh_frame      0x000000000011dae4       0x20 binaries/read.o
                                         0x38 (size before relaxing)
 .eh_frame      0x000000000011db04       0x24 binaries/ready.o
                                         0x3c (size before relaxing)
 .eh_frame      0x000000000011db28       0x20 binaries/receive.o
                                         0x38 (size before relaxing)
 .eh_frame      0x000000000011db48       0x20 binaries/recvclr.o
                                         0x38 (size before relaxing)
 .eh_frame      0x000000000011db68       0x20 binaries/recvtime.o
                                         0x38 (size before relaxing)
 .eh_frame      0x000000000011db88       0x40 binaries/resched.o
                                         0x58 (size before relaxing)
 .eh_frame      0x000000000011dbc8       0x20 binaries/resume.o
                                         0x38 (size before relaxing)
 .eh_frame      0x000000000011dbe8       0x20 binaries/seek.o
                                         0x38 (size before relaxing)
 .eh_frame      0x000000000011dc08       0x20 binaries/semcount.o
                                         0x38 (size before relaxing)
 .eh_frame      0x000000000011dc28       0x40 binaries/semcreate.o
                                         0x58 (size before relaxing)
 .eh_frame      0x000000000011dc68       0x20 binaries/semdelete.o
                                         0x38 (size before relaxing)
 .eh_frame      0x000000000011dc88       0x20 binaries/semreset.o
                                         0x38 (size before relaxing)
 .eh_frame      0x000000000011dca8       0x20 binaries/send.o
                                         0x38 (size before relaxing)
 .eh_frame      0x000000000011dcc8       0x20 binaries/signal.o
                                         0x38 (size before relaxing)
 .eh_frame      0x000000000011dce8       0x20 binaries/signaln.o
                                         0x38 (size before relaxing)
 .eh_frame      0x000000000011dd08       0x40 binaries/sleep.o
                                         0x58 (size before relaxing)
 .eh_frame      0x000000000011dd48       0x20 binaries/stacktrace.o
                                         0x38 (size before relaxing)
 .eh_frame      0x000000000011dd68       0x20 binaries/suspend.o
                                         0x38 (size before relaxing)
 .eh_frame      0x000000000011dd88       0x20 binaries/unsleep.o
                                         0x38 (size before relaxing)
 .eh_frame      0x000000000011dda8       0x20 binaries/userret.o
                                         0x38 (size before relaxing)
 .eh_frame      0x000000000011ddc8       0x20 binaries/wait.o
                                         0x38 (size before relaxing)
 .eh_frame      0x000000000011dde8       0x20 binaries/wakeup.o
                                         0x38 (size before relaxing)
 .eh_frame      0x000000000011de08       0x20 binaries/write.o
                                         0x38 (size before relaxing)
 .eh_frame      0x000000000011de28       0x20 binaries/xdone.o
                                         0x38 (size before relaxing)
 .eh_frame      0x000000000011de48       0x20 binaries/yield.o
                                         0x38 (size before relaxing)
 .eh_frame      0x000000000011de68       0x20 binaries/abs.o
                                         0x38 (size before relaxing)
 .eh_frame      0x000000000011de88       0x20 binaries/atoi.o
                                         0x38 (size before relaxing)
 .eh_frame      0x000000000011dea8       0x20 binaries/atol.o
                                         0x38 (size before relaxing)
 .eh_frame      0x000000000011dec8       0x20 binaries/bzero.o
                                         0x38 (size before relaxing)
 .eh_frame      0x000000000011dee8       0xe0 binaries/doprnt.o
                                         0xf8 (size before relaxing)
 .eh_frame      0x000000000011dfc8       0xb0 binaries/doscan.o
                                         0xc8 (size before relaxing)
 .eh_frame      0x000000000011e078       0xc0 binaries/fdoprnt.o
                                         0xd8 (size before relaxing)
 .eh_frame      0x000000000011e138       0x20 binaries/fgetc.o
                                         0x38 (size before relaxing)
 .eh_frame      0x000000000011e158       0x20 binaries/fgets.o
                                         0x38 (size before relaxing)
 .eh_frame      0x000000000011e178       0x20 binaries/fprintf.o
                                         0x38 (size before relaxing)
 .eh_frame      0x000000000011e198       0x20 binaries/fputc.o
                                         0x38 (size before relaxing)
 .eh_frame      0x000000000011e1b8       0x20 binaries/fputs.o
                                         0x38 (size before relaxing)
 .eh_frame      0x000000000011e1d8       0x60 binaries/fscanf.o
                                         0x78 (size before relaxing)
 .eh_frame      0x000000000011e238       0x20 binaries/getchar.o
                                         0x38 (size before relaxing)
 .eh_frame      0x000000000011e258       0x20 binaries/labs.o
                                         0x38 (size before relaxing)
 .eh_frame      0x000000000011e278       0x20 binaries/memcmp.o
                                         0x38 (size before relaxing)
 .eh_frame      0x000000000011e298       0x24 binaries/memcpy.o
                                         0x3c (size before relaxing)
 .eh_frame      0x000000000011e2bc       0x24 binaries/memset.o
                                         0x3c (size before relaxing)
 .eh_frame      0x000000000011e2e0       0x20 binaries/printf.o
                                         0x38 (size before relaxing)
 .eh_frame      0x000000000011e300       0x20 binaries/putchar.o
                                         0x38 (size before relaxing)
 .eh_frame      0x000000000011e320       0xa8 binaries/qsort.o
                                         0xc0 (size before relaxing)
 .eh_frame      0x000000000011e3c8       0x60 binaries/rand.o
                                         0x78 (size before relaxing)
 .eh_frame      0x000000000011e428       0x40 binaries/sprintf.o
                                         0x58 (size before relaxing)
 .eh_frame      0x000000000011e468       0x60 binaries/sscanf.o
                                         0x78 (size before relaxing)
 .eh_frame      0x000000000011e4c8       0x20 binaries/strchr.o
                                         0x38 (size before relaxing)
 .eh_frame      0x000000000011e4e8       0x20 binaries/strcmp.o
                                         0x38 (size before relaxing)
 .eh_frame      0x000000000011e508       0x20 binaries/strcpy.o
                                         0x38 (size before relaxing)
 .eh_frame      0x000000000011e528       0x20 binaries/strlen.o
                                         0x38 (size before relaxing)
 .eh_frame      0x000000000011e548       0x20 binaries/strncat.o
                                         0x38 (size before relaxing)
 .eh_frame      0x000000000011e568       0x20 binaries/strncmp.o
                                         0x38 (size before relaxing)
 .eh_frame      0x000000000011e588       0x28 binaries/strncpy.o
                                         0x40 (size before relaxing)
 .eh_frame      0x000000000011e5b0       0x20 binaries/strnlen.o
                                         0x38 (size before relaxing)
 .eh_frame      0x000000000011e5d0       0x20 binaries/strrchr.o
                                         0x38 (size before relaxing)
 .eh_frame      0x000000000011e5f0       0x20 binaries/strstr.o
                                         0x38 (size before relaxing)
 .eh_frame      0x000000000011e610       0x20 binaries/ttycontrol.o
                                         0x38 (size before relaxing)
 .eh_frame      0x000000000011e630       0x20 binaries/ttygetc.o
                                         0x38 (size before relaxing)
 .eh_frame      0x000000000011e650       0x80 binaries/ttyhandle_in.o
                                         0x98 (size before relaxing)
 .eh_frame      0x000000000011e6d0       0x20 binaries/ttyhandle_out.o
                                         0x38 (size before relaxing)
 .eh_frame      0x000000000011e6f0       0x20 binaries/ttyhandler.o
                                         0x38 (size before relaxing)
 .eh_frame      0x000000000011e710       0x20 binaries/ttyinit.o
                                         0x38 (size before relaxing)
 .eh_frame      0x000000000011e730       0x20 binaries/ttykickout.o
                                         0x38 (size before relaxing)
 .eh_frame      0x000000000011e750       0x20 binaries/ttyputc.o
                                         0x38 (size before relaxing)
 .eh_frame      0x000000000011e770       0x24 binaries/ttyread.o
                                         0x3c (size before relaxing)
 .eh_frame      0x000000000011e794       0x20 binaries/ttywrite.o
                                         0x38 (size before relaxing)
 .eh_frame      0x000000000011e7b4       0x40 binaries/mount.o
                                         0x58 (size before relaxing)
 .eh_frame      0x000000000011e7f4       0x20 binaries/naminit.o
                                         0x38 (size before relaxing)
 .eh_frame      0x000000000011e814       0x60 binaries/nammap.o
                                         0x78 (size before relaxing)
 .eh_frame      0x000000000011e874       0x20 binaries/namopen.o
                                         0x38 (size before relaxing)
 .eh_frame      0x000000000011e894      0x150 binaries/82545EMInit.o
                                        0x168 (size before relaxing)
 .eh_frame      0x000000000011e9e4       0xa0 binaries/ethcontrol.o
                                         0xb8 (size before relaxing)
 .eh_frame      0x000000000011ea84       0x80 binaries/ethhandler.o
                                         0x98 (size before relaxing)
 .eh_frame      0x000000000011eb04       0x20 binaries/ethinit.o
                                         0x38 (size before relaxing)
 .eh_frame      0x000000000011eb24       0x60 binaries/ethread.o
                                         0x78 (size before relaxing)
 .eh_frame      0x000000000011eb84       0x60 binaries/ethwrite.o
                                         0x78 (size before relaxing)
 .eh_frame      0x000000000011ebe4       0x20 binaries/rdsbufalloc.o
                                         0x38 (size before relaxing)
 .eh_frame      0x000000000011ec04       0x20 binaries/rdsclose.o
                                         0x38 (size before relaxing)
 .eh_frame      0x000000000011ec24       0x20 binaries/rdscomm.o
                                         0x38 (size before relaxing)
 .eh_frame      0x000000000011ec44       0x20 binaries/rdscontrol.o
                                         0x38 (size before relaxing)
 .eh_frame      0x000000000011ec64       0x20 binaries/rdsinit.o
                                         0x38 (size before relaxing)
 .eh_frame      0x000000000011ec84       0x20 binaries/rdsopen.o
                                         0x38 (size before relaxing)
 .eh_frame      0x000000000011eca4       0x1c binaries/rdsprocess.o
                                         0x34 (size before relaxing)
 .eh_frame      0x000000000011ecc0       0x20 binaries/rdsread.o
                                         0x38 (size before relaxing)
 .eh_frame      0x000000000011ece0       0x20 binaries/rdswrite.o
                                         0x38 (size before relaxing)
 .eh_frame      0x000000000011ed00       0x20 binaries/ramclose.o
                                         0x38 (size before relaxing)
 .eh_frame      0x000000000011ed20       0x20 binaries/raminit.o
                                         0x38 (size before relaxing)
 .eh_frame      0x000000000011ed40       0x20 binaries/ramopen.o
                                         0x38 (size before relaxing)
 .eh_frame      0x000000000011ed60       0x20 binaries/ramread.o
                                         0x38 (size before relaxing)
 .eh_frame      0x000000000011ed80       0x20 binaries/ramwrite.o
                                         0x38 (size before relaxing)
 .eh_frame      0x000000000011eda0       0x20 binaries/lfdballoc.o
                                         0x38 (size before relaxing)
 .eh_frame      0x000000000011edc0       0x20 binaries/lfdbfree.o
                                         0x38 (size before relaxing)
 .eh_frame      0x000000000011ede0       0x20 binaries/lfflush.o
                                         0x38 (size before relaxing)
 .eh_frame      0x000000000011ee00       0x20 binaries/lfgetmode.o
                                         0x38 (size before relaxing)
 .eh_frame      0x000000000011ee20       0x20 binaries/lfiballoc.o
                                         0x38 (size before relaxing)
 .eh_frame      0x000000000011ee40       0x20 binaries/lfibclear.o
                                         0x38 (size before relaxing)
 .eh_frame      0x000000000011ee60       0x20 binaries/lfibget.o
                                         0x38 (size before relaxing)
 .eh_frame      0x000000000011ee80       0x20 binaries/lfibput.o
                                         0x38 (size before relaxing)
 .eh_frame      0x000000000011eea0       0x20 binaries/lflclose.o
                                         0x38 (size before relaxing)
 .eh_frame      0x000000000011eec0       0x20 binaries/lflcontrol.o
                                         0x38 (size before relaxing)
 .eh_frame      0x000000000011eee0       0x20 binaries/lflgetc.o
                                         0x38 (size before relaxing)
 .eh_frame      0x000000000011ef00       0x20 binaries/lflinit.o
                                         0x38 (size before relaxing)
 .eh_frame      0x000000000011ef20       0x20 binaries/lflputc.o
                                         0x38 (size before relaxing)
 .eh_frame      0x000000000011ef40       0x20 binaries/lflread.o
                                         0x38 (size before relaxing)
 .eh_frame      0x000000000011ef60       0x20 binaries/lflseek.o
                                         0x38 (size before relaxing)
 .eh_frame      0x000000000011ef80       0x20 binaries/lflwrite.o
                                         0x38 (size before relaxing)
 .eh_frame      0x000000000011efa0       0x20 binaries/lfscheck.o
                                         0x38 (size before relaxing)
 .eh_frame      0x000000000011efc0       0x20 binaries/lfsckfmt.o
                                         0x38 (size before relaxing)
 .eh_frame      0x000000000011efe0       0x20 binaries/lfscreate.o
                                         0x38 (size before relaxing)
 .eh_frame      0x000000000011f000       0x20 binaries/lfsetup.o
                                         0x38 (size before relaxing)
 .eh_frame      0x000000000011f020       0x20 binaries/lfsinit.o
                                         0x38 (size before relaxing)
 .eh_frame      0x000000000011f040       0x20 binaries/lfsopen.o
                                         0x38 (size before relaxing)
 .eh_frame      0x000000000011f060       0x20 binaries/lftruncate.o
                                         0x38 (size before relaxing)
 .eh_frame      0x000000000011f080       0x20 binaries/rflclose.o
                                         0x38 (size before relaxing)
 .eh_frame      0x000000000011f0a0       0x20 binaries/rflgetc.o
                                         0x38 (size before relaxing)
 .eh_frame      0x000000000011f0c0       0x20 binaries/rflinit.o
                                         0x38 (size before relaxing)
 .eh_frame      0x000000000011f0e0       0x20 binaries/rflputc.o
                                         0x38 (size before relaxing)
 .eh_frame      0x000000000011f100       0x20 binaries/rflread.o
                                         0x38 (size before relaxing)
 .eh_frame      0x000000000011f120       0x20 binaries/rflseek.o
                                         0x38 (size before relaxing)
 .eh_frame      0x000000000011f140       0x20 binaries/rflwrite.o
                                         0x38 (size before relaxing)
 .eh_frame      0x000000000011f160       0x20 binaries/rfscomm.o
                                         0x38 (size before relaxing)
 .eh_frame      0x000000000011f180       0x20 binaries/rfscontrol.o
                                         0x38 (size before relaxing)
 .eh_frame      0x000000000011f1a0       0x20 binaries/rfsgetmode.o
                                         0x38 (size before relaxing)
 .eh_frame      0x000000000011f1c0       0x20 binaries/rfsinit.o
                                         0x38 (size before relaxing)
 .eh_frame      0x000000000011f1e0       0x20 binaries/rfsndmsg.o
                                         0x38 (size before relaxing)
 .eh_frame      0x000000000011f200       0x20 binaries/rfsopen.o
                                         0x38 (size before relaxing)
 .eh_frame      0x000000000011f220       0xc0 binaries/arp.o
                                         0xd8 (size before relaxing)
 .eh_frame      0x000000000011f2e0       0xa0 binaries/dhcp.o
                                         0xb8 (size before relaxing)
 .eh_frame      0x000000000011f380       0x80 binaries/dns.o
                                         0x98 (size before relaxing)
 .eh_frame      0x000000000011f400       0x20 binaries/dot2ip.o
                                         0x38 (size before relaxing)
 .eh_frame      0x000000000011f420       0x40 binaries/hexdump.o
                                         0x58 (size before relaxing)
 .eh_frame      0x000000000011f460      0x14c binaries/icmp.o
                                        0x164 (size before relaxing)
 .eh_frame      0x000000000011f5ac      0x11c binaries/ip.o
                                        0x134 (size before relaxing)
 .eh_frame      0x000000000011f6c8       0xa0 binaries/net.o
                                         0xb8 (size before relaxing)
 .eh_frame      0x000000000011f768       0x60 binaries/pdump.o
                                         0x78 (size before relaxing)
 .eh_frame      0x000000000011f7c8       0x60 binaries/tftp.o
                                         0x78 (size before relaxing)
 .eh_frame      0x000000000011f828      0x140 binaries/udp.o
                                        0x158 (size before relaxing)
 .eh_frame      0x000000000011f968       0x20 binaries/addargs.o
                                         0x38 (size before relaxing)
 .eh_frame      0x000000000011f988       0x20 binaries/lexan.o
                                         0x38 (size before relaxing)
 .eh_frame      0x000000000011f9a8       0x20 binaries/shell.o
                                         0x38 (size before relaxing)
 .eh_frame      0x000000000011f9c8       0x20 binaries/xsh_argecho.o
                                         0x38 (size before relaxing)
 .eh_frame      0x000000000011f9e8       0x40 binaries/xsh_arp.o
                                         0x58 (size before relaxing)
 .eh_frame      0x000000000011fa28       0x20 binaries/xsh_cat.o
                                         0x38 (size before relaxing)
 .eh_frame      0x000000000011fa48       0x20 binaries/xsh_clear.o
                                         0x38 (size before relaxing)
 .eh_frame      0x000000000011fa68       0x20 binaries/xsh_date.o
                                         0x38 (size before relaxing)
 .eh_frame      0x000000000011fa88       0x20 binaries/xsh_devdump.o
                                         0x38 (size before relaxing)
 .eh_frame      0x000000000011faa8       0x20 binaries/xsh_echo.o
                                         0x38 (size before relaxing)
 .eh_frame      0x000000000011fac8       0x20 binaries/xsh_exit.o
                                         0x38 (size before relaxing)
 .eh_frame      0x000000000011fae8       0x20 binaries/xsh_help.o
                                         0x38 (size before relaxing)
 .eh_frame      0x000000000011fb08       0x20 binaries/xsh_kill.o
                                         0x38 (size before relaxing)
 .eh_frame      0x000000000011fb28       0x40 binaries/xsh_memdump.o
                                         0x58 (size before relaxing)
 .eh_frame      0x000000000011fb68       0x60 binaries/xsh_memstat.o
                                         0x78 (size before relaxing)
 .eh_frame      0x000000000011fbc8       0x30 binaries/xsh_netinfo.o
                                         0x48 (size before relaxing)
 .eh_frame      0x000000000011fbf8       0x24 binaries/xsh_ping.o
                                         0x3c (size before relaxing)
 .eh_frame      0x000000000011fc1c       0x30 binaries/xsh_ps.o
                                         0x48 (size before relaxing)
 .eh_frame      0x000000000011fc4c       0x20 binaries/xsh_sleep.o
                                         0x38 (size before relaxing)
 .eh_frame      0x000000000011fc6c       0x20 binaries/xsh_udpdump.o
                                         0x38 (size before relaxing)
 .eh_frame      0x000000000011fc8c       0x30 binaries/xsh_udpecho.o
                                         0x48 (size before relaxing)
 .eh_frame      0x000000000011fcbc       0x24 binaries/xsh_udpserver.o
                                         0x3c (size before relaxing)
 .eh_frame      0x000000000011fce0       0x20 binaries/xsh_uptime.o
                                         0x38 (size before relaxing)

.iplt           0x000000000011fd00        0x0
 .iplt          0x000000000011fd00        0x0 binaries/start.o

.rel.dyn        0x000000000011fd00        0x0
 .rel.iplt      0x000000000011fd00        0x0 binaries/start.o
 .rel.text      0x000000000011fd00        0x0 binaries/start.o
 .rel.data      0x000000000011fd00        0x0 binaries/start.o
 .rel.rodata    0x000000000011fd00        0x0 binaries/start.o

.data           0x000000000011fd00     0x1300
                0x000000000011fd00                data = ABSOLUTE (.)
 *(.data .data.*)
 .data          0x000000000011fd00      0x460 binaries/start.o
                0x000000000011fd00                gdt
                0x000000000011fd40                gdtr
                0x000000000011fd46                idt
                0x0000000000120146                idtr
                0x000000000012014c                cpudelay
                0x0000000000120150                _bootdev
                0x0000000000120154                _cyloffset
 .data          0x0000000000120160       0x88 binaries/ascdate.o
                0x0000000000120160                Date
 .data          0x00000000001201e8        0x0 binaries/bufinit.o
 .data          0x00000000001201e8        0x0 binaries/burst_execution.o
 .data          0x00000000001201e8        0x0 binaries/chprio.o
 .data          0x00000000001201e8        0x4 binaries/clkhandler.o
 .data          0x00000000001201ec        0x4 binaries/clkinit.o
                0x00000000001201ec                reset_counter
 .data          0x00000000001201f0        0x0 binaries/close.o
 *fill*         0x00000000001201f0       0x10 
 .data          0x0000000000120200      0x5a0 binaries/conf.o
                0x0000000000120200                devtab
 .data          0x00000000001207a0        0x0 binaries/control.o
 .data          0x00000000001207a0        0x4 binaries/create.o
 .data          0x00000000001207a4        0x4 binaries/create_user_process.o
 *fill*         0x00000000001207a8       0x18 
 .data          0x00000000001207c0       0x40 binaries/evec.o
                0x00000000001207c0                inames
 .data          0x0000000000120800        0x0 binaries/exit.o
 .data          0x0000000000120800        0x0 binaries/freebuf.o
 .data          0x0000000000120800        0x0 binaries/freemem.o
 .data          0x0000000000120800        0x0 binaries/getbuf.o
 .data          0x0000000000120800        0x0 binaries/getc.o
 .data          0x0000000000120800        0x0 binaries/getdev.o
 .data          0x0000000000120800        0x0 binaries/getitem.o
 .data          0x0000000000120800        0x0 binaries/getmem.o
 .data          0x0000000000120800        0x0 binaries/getpid.o
 .data          0x0000000000120800        0x0 binaries/getprio.o
 .data          0x0000000000120800        0x0 binaries/getstk.o
 .data          0x0000000000120800        0x0 binaries/getticks.o
 .data          0x0000000000120800        0x0 binaries/gettime.o
 .data          0x0000000000120800        0x0 binaries/getutime.o
 .data          0x0000000000120800       0x40 binaries/i386.o
                0x0000000000120800                gdt_copy
 .data          0x0000000000120840        0x0 binaries/init.o
 .data          0x0000000000120840        0x0 binaries/initialize.o
 .data          0x0000000000120840        0x0 binaries/insert.o
 .data          0x0000000000120840        0x0 binaries/insertd.o
 .data          0x0000000000120840        0x0 binaries/ioerr.o
 .data          0x0000000000120840        0x0 binaries/ionull.o
 .data          0x0000000000120840        0x0 binaries/kill.o
 .data          0x0000000000120840        0x0 binaries/kprintf.o
 .data          0x0000000000120840        0x0 binaries/main.o
 .data          0x0000000000120840        0x0 binaries/mark.o
 .data          0x0000000000120840        0x0 binaries/meminit.o
 .data          0x0000000000120840        0x0 binaries/mkbufpool.o
 .data          0x0000000000120840        0x2 binaries/newqueue.o
 .data          0x0000000000120842        0x0 binaries/open.o
 .data          0x0000000000120842        0x0 binaries/panic.o
 *fill*         0x0000000000120842        0x2 
 .data          0x0000000000120844       0x10 binaries/pci.o
 .data          0x0000000000120854        0x0 binaries/print_ready_list.o
 .data          0x0000000000120854        0x0 binaries/ptclear.o
[...]
 .comment       0x000000000000001d       0x1e binaries/icmp.o
 .comment       0x000000000000001d       0x1e binaries/ip.o
 .comment       0x000000000000001d       0x1e binaries/net.o
 .comment       0x000000000000001d       0x1e binaries/pdump.o
 .comment       0x000000000000001d       0x1e binaries/tftp.o
 .comment       0x000000000000001d       0x1e binaries/udp.o
 .comment       0x000000000000001d       0x1e binaries/addargs.o
 .comment       0x000000000000001d       0x1e binaries/lexan.o
 .comment       0x000000000000001d       0x1e binaries/shell.o
 .comment       0x000000000000001d       0x1e binaries/xsh_argecho.o
 .comment       0x000000000000001d       0x1e binaries/xsh_arp.o
 .comment       0x000000000000001d       0x1e binaries/xsh_cat.o
 .comment       0x000000000000001d       0x1e binaries/xsh_clear.o
 .comment       0x000000000000001d       0x1e binaries/xsh_date.o
 .comment       0x000000000000001d       0x1e binaries/xsh_devdump.o
 .comment       0x000000000000001d       0x1e binaries/xsh_echo.o
 .comment       0x000000000000001d       0x1e binaries/xsh_exit.o
 .comment       0x000000000000001d       0x1e binaries/xsh_help.o
 .comment       0x000000000000001d       0x1e binaries/xsh_kill.o
 .comment       0x000000000000001d       0x1e binaries/xsh_memdump.o
 .comment       0x000000000000001d       0x1e binaries/xsh_memstat.o
 .comment       0x000000000000001d       0x1e binaries/xsh_netinfo.o
 .comment       0x000000000000001d       0x1e binaries/xsh_ping.o
 .comment       0x000000000000001d       0x1e binaries/xsh_ps.o
 .comment       0x000000000000001d       0x1e binaries/xsh_sleep.o
 .comment       0x000000000000001d       0x1e binaries/xsh_udpdump.o
 .comment       0x000000000000001d       0x1e binaries/xsh_udpecho.o
 .comment       0x000000000000001d       0x1e binaries/xsh_udpserver.o
 .comment       0x000000000000001d       0x1e binaries/xsh_uptime.o

.note.GNU-stack
                0x0000000000000000        0x0
 .note.GNU-stack
                0x0000000000000000        0x0 binaries/ascdate.o
 .note.GNU-stack
                0x0000000000000000        0x0 binaries/bufinit.o
 .note.GNU-stack
                0x0000000000000000        0x0 binaries/burst_execution.o
 .note.GNU-stack
                0x0000000000000000        0x0 binaries/chprio.o
 .note.GNU-stack
                0x0000000000000000        0x0 binaries/clkhandler.o
 .note.GNU-stack
                0x0000000000000000        0x0 binaries/clkinit.o
 .note.GNU-stack
                0x0000000000000000        0x0 binaries/close.o
 .note.GNU-stack
                0x0000000000000000        0x0 binaries/conf.o
 .note.GNU-stack
                0x0000000000000000        0x0 binaries/control.o
 .note.GNU-stack
                0x0000000000000000        0x0 binaries/create.o
 .note.GNU-stack
                0x0000000000000000        0x0 binaries/create_user_process.o
 .note.GNU-stack
                0x0000000000000000        0x0 binaries/evec.o
 .note.GNU-stack
                0x0000000000000000        0x0 binaries/exit.o
 .note.GNU-stack
                0x0000000000000000        0x0 binaries/freebuf.o
 .note.GNU-stack
                0x0000000000000000        0x0 binaries/freemem.o
 .note.GNU-stack
                0x0000000000000000        0x0 binaries/getbuf.o
 .note.GNU-stack
                0x0000000000000000        0x0 binaries/getc.o
 .note.GNU-stack
                0x0000000000000000        0x0 binaries/getdev.o
 .note.GNU-stack
                0x0000000000000000        0x0 binaries/getitem.o
 .note.GNU-stack
                0x0000000000000000        0x0 binaries/getmem.o
 .note.GNU-stack
                0x0000000000000000        0x0 binaries/getpid.o
 .note.GNU-stack
                0x0000000000000000        0x0 binaries/getprio.o
 .note.GNU-stack
                0x0000000000000000        0x0 binaries/getstk.o
 .note.GNU-stack
                0x0000000000000000        0x0 binaries/getticks.o
 .note.GNU-stack
                0x0000000000000000        0x0 binaries/gettime.o
 .note.GNU-stack
                0x0000000000000000        0x0 binaries/getutime.o
 .note.GNU-stack
                0x0000000000000000        0x0 binaries/i386.o
 .note.GNU-stack
                0x0000000000000000        0x0 binaries/init.o
 .note.GNU-stack
                0x0000000000000000        0x0 binaries/initialize.o
 .note.GNU-stack
                0x0000000000000000        0x0 binaries/insert.o
 .note.GNU-stack
                0x0000000000000000        0x0 binaries/insertd.o
 .note.GNU-stack
                0x0000000000000000        0x0 binaries/ioerr.o
 .note.GNU-stack
                0x0000000000000000        0x0 binaries/ionull.o
 .note.GNU-stack
                0x0000000000000000        0x0 binaries/kill.o
 .note.GNU-stack
                0x0000000000000000        0x0 binaries/kprintf.o
 .note.GNU-stack
                0x0000000000000000        0x0 binaries/main.o
 .note.GNU-stack
                0x0000000000000000        0x0 binaries/mark.o
 .note.GNU-stack
                0x0000000000000000        0x0 binaries/meminit.o
 .note.GNU-stack
                0x0000000000000000        0x0 binaries/mkbufpool.o
 .note.GNU-stack
                0x0000000000000000        0x0 binaries/newqueue.o
 .note.GNU-stack
                0x0000000000000000        0x0 binaries/open.o
 .note.GNU-stack
                0x0000000000000000        0x0 binaries/panic.o
 .note.GNU-stack
                0x0000000000000000        0x0 binaries/pci.o
 .note.GNU-stack
                0x0000000000000000        0x0 binaries/print_ready_list.o
 .note.GNU-stack
                0x0000000000000000        0x0 binaries/ptclear.o
 .note.GNU-stack
                0x0000000000000000        0x0 binaries/ptcount.o
 .note.GNU-stack
                0x0000000000000000        0x0 binaries/ptcreate.o
 .note.GNU-stack
                0x0000000000000000        0x0 binaries/ptdelete.o
 .note.GNU-stack
                0x0000000000000000        0x0 binaries/ptinit.o
 .note.GNU-stack
                0x0000000000000000        0x0 binaries/ptrecv.o
 .note.GNU-stack
                0x0000000000000000        0x0 binaries/ptreset.o
 .note.GNU-stack
                0x0000000000000000        0x0 binaries/ptsend.o
 .note.GNU-stack
                0x0000000000000000        0x0 binaries/putc.o
 .note.GNU-stack
                0x0000000000000000        0x0 binaries/queue.o
 .note.GNU-stack
                0x0000000000000000        0x0 binaries/read.o
 .note.GNU-stack
                0x0000000000000000        0x0 binaries/ready.o
 .note.GNU-stack
                0x0000000000000000        0x0 binaries/receive.o
 .note.GNU-stack
                0x0000000000000000        0x0 binaries/recvclr.o
 .note.GNU-stack
                0x0000000000000000        0x0 binaries/recvtime.o
 .note.GNU-stack
                0x0000000000000000        0x0 binaries/resched.o
 .note.GNU-stack
                0x0000000000000000        0x0 binaries/resume.o
 .note.GNU-stack
                0x0000000000000000        0x0 binaries/seek.o
 .note.GNU-stack
                0x0000000000000000        0x0 binaries/semcount.o
 .note.GNU-stack
                0x0000000000000000        0x0 binaries/semcreate.o
 .note.GNU-stack
                0x0000000000000000        0x0 binaries/semdelete.o
 .note.GNU-stack
                0x0000000000000000        0x0 binaries/semreset.o
 .note.GNU-stack
                0x0000000000000000        0x0 binaries/send.o
 .note.GNU-stack
                0x0000000000000000        0x0 binaries/signal.o
 .note.GNU-stack
                0x0000000000000000        0x0 binaries/signaln.o
 .note.GNU-stack
                0x0000000000000000        0x0 binaries/sleep.o
 .note.GNU-stack
                0x0000000000000000        0x0 binaries/stacktrace.o
 .note.GNU-stack
                0x0000000000000000        0x0 binaries/suspend.o
 .note.GNU-stack
                0x0000000000000000        0x0 binaries/unsleep.o
 .note.GNU-stack
                0x0000000000000000        0x0 binaries/userret.o
 .note.GNU-stack
                0x0000000000000000        0x0 binaries/wait.o
 .note.GNU-stack
                0x0000000000000000        0x0 binaries/wakeup.o
 .note.GNU-stack
                0x0000000000000000        0x0 binaries/write.o
 .note.GNU-stack
                0x0000000000000000        0x0 binaries/xdone.o
 .note.GNU-stack
                0x0000000000000000        0x0 binaries/yield.o
 .note.GNU-stack
                0x0000000000000000        0x0 binaries/abs.o
 .note.GNU-stack
                0x0000000000000000        0x0 binaries/atoi.o
 .note.GNU-stack
                0x0000000000000000        0x0 binaries/atol.o
 .note.GNU-stack
                0x0000000000000000        0x0 binaries/bzero.o
 .note.GNU-stack
                0x0000000000000000        0x0 binaries/ctype_.o
 .note.GNU-stack
                0x0000000000000000        0x0 binaries/doprnt.o
 .note.GNU-stack
                0x0000000000000000        0x0 binaries/doscan.o
 .note.GNU-stack
                0x0000000000000000        0x0 binaries/fdoprnt.o
 .note.GNU-stack
                0x0000000000000000        0x0 binaries/fgetc.o
 .note.GNU-stack
                0x0000000000000000        0x0 binaries/fgets.o
 .note.GNU-stack
                0x0000000000000000        0x0 binaries/fprintf.o
 .note.GNU-stack
                0x0000000000000000        0x0 binaries/fputc.o
 .note.GNU-stack
                0x0000000000000000        0x0 binaries/fputs.o
 .note.GNU-stack
                0x0000000000000000        0x0 binaries/fscanf.o
 .note.GNU-stack
                0x0000000000000000        0x0 binaries/getchar.o
 .note.GNU-stack
                0x0000000000000000        0x0 binaries/labs.o
 .note.GNU-stack
                0x0000000000000000        0x0 binaries/memchr.o
 .note.GNU-stack
                0x0000000000000000        0x0 binaries/memcmp.o
 .note.GNU-stack
                0x0000000000000000        0x0 binaries/memcpy.o
 .note.GNU-stack
                0x0000000000000000        0x0 binaries/memset.o
 .note.GNU-stack
                0x0000000000000000        0x0 binaries/printf.o
 .note.GNU-stack
                0x0000000000000000        0x0 binaries/putchar.o
 .note.GNU-stack
                0x0000000000000000        0x0 binaries/qsort.o
 .note.GNU-stack
                0x0000000000000000        0x0 binaries/rand.o
 .note.GNU-stack
                0x0000000000000000        0x0 binaries/sprintf.o
 .note.GNU-stack
                0x0000000000000000        0x0 binaries/sscanf.o
 .note.GNU-stack
                0x0000000000000000        0x0 binaries/strchr.o
 .note.GNU-stack
                0x0000000000000000        0x0 binaries/strcmp.o
 .note.GNU-stack
                0x0000000000000000        0x0 binaries/strcpy.o
 .note.GNU-stack
                0x0000000000000000        0x0 binaries/strlen.o
 .note.GNU-stack
                0x0000000000000000        0x0 binaries/strncat.o
 .note.GNU-stack
                0x0000000000000000        0x0 binaries/strncmp.o
 .note.GNU-stack
                0x0000000000000000        0x0 binaries/strncpy.o
 .note.GNU-stack
                0x0000000000000000        0x0 binaries/strnlen.o
 .note.GNU-stack
                0x0000000000000000        0x0 binaries/strrchr.o
 .note.GNU-stack
                0x0000000000000000        0x0 binaries/strstr.o
 .note.GNU-stack
                0x0000000000000000        0x0 binaries/ttycontrol.o
 .note.GNU-stack
                0x0000000000000000        0x0 binaries/ttygetc.o
 .note.GNU-stack
                0x0000000000000000        0x0 binaries/ttyhandle_in.o
 .note.GNU-stack
                0x0000000000000000        0x0 binaries/ttyhandle_out.o
 .note.GNU-stack
                0x0000000000000000        0x0 binaries/ttyhandler.o
 .note.GNU-stack
                0x0000000000000000        0x0 binaries/ttyinit.o
 .note.GNU-stack
                0x0000000000000000        0x0 binaries/ttykickout.o
 .note.GNU-stack
                0x0000000000000000        0x0 binaries/ttyputc.o
 .note.GNU-stack
                0x0000000000000000        0x0 binaries/ttyread.o
 .note.GNU-stack
                0x0000000000000000        0x0 binaries/ttywrite.o
 .note.GNU-stack
                0x0000000000000000        0x0 binaries/mount.o
 .note.GNU-stack
                0x0000000000000000        0x0 binaries/naminit.o
 .note.GNU-stack
                0x0000000000000000        0x0 binaries/nammap.o
 .note.GNU-stack
                0x0000000000000000        0x0 binaries/namopen.o
 .note.GNU-stack
                0x0000000000000000        0x0 binaries/82545EMInit.o
 .note.GNU-stack
                0x0000000000000000        0x0 binaries/ethcontrol.o
 .note.GNU-stack
                0x0000000000000000        0x0 binaries/ethhandler.o
 .note.GNU-stack
                0x0000000000000000        0x0 binaries/ethinit.o
 .note.GNU-stack
                0x0000000000000000        0x0 binaries/ethread.o
 .note.GNU-stack
                0x0000000000000000        0x0 binaries/ethwrite.o
 .note.GNU-stack
                0x0000000000000000        0x0 binaries/rdsbufalloc.o
 .note.GNU-stack
                0x0000000000000000        0x0 binaries/rdsclose.o
 .note.GNU-stack
                0x0000000000000000        0x0 binaries/rdscomm.o
 .note.GNU-stack
                0x0000000000000000        0x0 binaries/rdscontrol.o
 .note.GNU-stack
                0x0000000000000000        0x0 binaries/rdsinit.o
 .note.GNU-stack
                0x0000000000000000        0x0 binaries/rdsopen.o
 .note.GNU-stack
                0x0000000000000000        0x0 binaries/rdsprocess.o
 .note.GNU-stack
                0x0000000000000000        0x0 binaries/rdsread.o
 .note.GNU-stack
                0x0000000000000000        0x0 binaries/rdswrite.o
 .note.GNU-stack
                0x0000000000000000        0x0 binaries/ramclose.o
 .note.GNU-stack
                0x0000000000000000        0x0 binaries/raminit.o
 .note.GNU-stack
                0x0000000000000000        0x0 binaries/ramopen.o
 .note.GNU-stack
                0x0000000000000000        0x0 binaries/ramread.o
 .note.GNU-stack
                0x0000000000000000        0x0 binaries/ramwrite.o
 .note.GNU-stack
                0x0000000000000000        0x0 binaries/lfdballoc.o
 .note.GNU-stack
                0x0000000000000000        0x0 binaries/lfdbfree.o
 .note.GNU-stack
                0x0000000000000000        0x0 binaries/lfflush.o
 .note.GNU-stack
                0x0000000000000000        0x0 binaries/lfgetmode.o
 .note.GNU-stack
                0x0000000000000000        0x0 binaries/lfiballoc.o
 .note.GNU-stack
                0x0000000000000000        0x0 binaries/lfibclear.o
 .note.GNU-stack
                0x0000000000000000        0x0 binaries/lfibget.o
 .note.GNU-stack
                0x0000000000000000        0x0 binaries/lfibput.o
 .note.GNU-stack
                0x0000000000000000        0x0 binaries/lflclose.o
 .note.GNU-stack
                0x0000000000000000        0x0 binaries/lflcontrol.o
 .note.GNU-stack
                0x0000000000000000        0x0 binaries/lflgetc.o
 .note.GNU-stack
                0x0000000000000000        0x0 binaries/lflinit.o
 .note.GNU-stack
                0x0000000000000000        0x0 binaries/lflputc.o
 .note.GNU-stack
                0x0000000000000000        0x0 binaries/lflread.o
 .note.GNU-stack
                0x0000000000000000        0x0 binaries/lflseek.o
 .note.GNU-stack
                0x0000000000000000        0x0 binaries/lflwrite.o
 .note.GNU-stack
                0x0000000000000000        0x0 binaries/lfscheck.o
 .note.GNU-stack
                0x0000000000000000        0x0 binaries/lfsckfmt.o
 .note.GNU-stack
                0x0000000000000000        0x0 binaries/lfscreate.o
 .note.GNU-stack
                0x0000000000000000        0x0 binaries/lfsetup.o
 .note.GNU-stack
                0x0000000000000000        0x0 binaries/lfsinit.o
 .note.GNU-stack
                0x0000000000000000        0x0 binaries/lfsopen.o
 .note.GNU-stack
                0x0000000000000000        0x0 binaries/lftruncate.o
 .note.GNU-stack
                0x0000000000000000        0x0 binaries/rflclose.o
 .note.GNU-stack
                0x0000000000000000        0x0 binaries/rflgetc.o
 .note.GNU-stack
                0x0000000000000000        0x0 binaries/rflinit.o
 .note.GNU-stack
                0x0000000000000000        0x0 binaries/rflputc.o
 .note.GNU-stack
                0x0000000000000000        0x0 binaries/rflread.o
 .note.GNU-stack
                0x0000000000000000        0x0 binaries/rflseek.o
 .note.GNU-stack
                0x0000000000000000        0x0 binaries/rflwrite.o
 .note.GNU-stack
                0x0000000000000000        0x0 binaries/rfscomm.o
 .note.GNU-stack
                0x0000000000000000        0x0 binaries/rfscontrol.o
 .note.GNU-stack
                0x0000000000000000        0x0 binaries/rfsgetmode.o
 .note.GNU-stack
                0x0000000000000000        0x0 binaries/rfsinit.o
 .note.GNU-stack
                0x0000000000000000        0x0 binaries/rfsndmsg.o
 .note.GNU-stack
                0x0000000000000000        0x0 binaries/rfsopen.o
 .note.GNU-stack
                0x0000000000000000        0x0 binaries/arp.o
 .note.GNU-stack
                0x0000000000000000        0x0 binaries/dhcp.o
 .note.GNU-stack
                0x0000000000000000        0x0 binaries/dns.o
 .note.GNU-stack
                0x0000000000000000        0x0 binaries/dot2ip.o
 .note.GNU-stack
                0x0000000000000000        0x0 binaries/hexdump.o
 .note.GNU-stack
                0x0000000000000000        0x0 binaries/icmp.o
 .note.GNU-stack
                0x0000000000000000        0x0 binaries/ip.o
 .note.GNU-stack
                0x0000000000000000        0x0 binaries/net.o
 .note.GNU-stack
                0x0000000000000000        0x0 binaries/pdump.o
 .note.GNU-stack
                0x0000000000000000        0x0 binaries/tftp.o
 .note.GNU-stack
                0x0000000000000000        0x0 binaries/udp.o
 .note.GNU-stack
                0x0000000000000000        0x0 binaries/addargs.o
 .note.GNU-stack
                0x0000000000000000        0x0 binaries/lexan.o
 .note.GNU-stack
                0x0000000000000000        0x0 binaries/shell.o
 .note.GNU-stack
                0x0000000000000000        0x0 binaries/xsh_argecho.o
 .note.GNU-stack
                0x0000000000000000        0x0 binaries/xsh_arp.o
 .note.GNU-stack
                0x0000000000000000        0x0 binaries/xsh_cat.o
 .note.GNU-stack
                0x0000000000000000        0x0 binaries/xsh_clear.o
 .note.GNU-stack
                0x0000000000000000        0x0 binaries/xsh_date.o
 .note.GNU-stack
                0x0000000000000000        0x0 binaries/xsh_devdump.o
 .note.GNU-stack
                0x0000000000000000        0x0 binaries/xsh_echo.o
 .note.GNU-stack
                0x0000000000000000        0x0 binaries/xsh_exit.o
 .note.GNU-stack
                0x0000000000000000        0x0 binaries/xsh_help.o
 .note.GNU-stack
                0x0000000000000000        0x0 binaries/xsh_kill.o
 .note.GNU-stack
                0x0000000000000000        0x0 binaries/xsh_memdump.o
 .note.GNU-stack
                0x0000000000000000        0x0 binaries/xsh_memstat.o
 .note.GNU-stack
                0x0000000000000000        0x0 binaries/xsh_netinfo.o
 .note.GNU-stack
                0x0000000000000000        0x0 binaries/xsh_ping.o
 .note.GNU-stack
                0x0000000000000000        0x0 binaries/xsh_ps.o
 .note.GNU-stack
                0x0000000000000000        0x0 binaries/xsh_sleep.o
 .note.GNU-stack
                0x0000000000000000        0x0 binaries/xsh_udpdump.o
 .note.GNU-stack
                0x0000000000000000        0x0 binaries/xsh_udpecho.o
 .note.GNU-stack
                0x0000000000000000        0x0 binaries/xsh_udpserver.o
 .note.GNU-stack
                0x0000000000000000        0x0 binaries/xsh_uptime.o
