
Allocating common symbols
Common symbol       size              file

netbufpool          0x4               binaries/net.o
readylist           0x2               binaries/ready.o
rfltab              0x5a0             binaries/rflinit.o
netportseed         0x8               binaries/net.o
sleepq              0x2               binaries/clkinit.o
nnames              0x4               binaries/naminit.o
udptab              0x168             binaries/udp.o
minheap             0x4               binaries/meminit.o
marks               0x50              binaries/mark.o
currpid             0x4               binaries/initialize.o
Lf_data             0x20c             binaries/lfsinit.o
porttab             0x2d0             binaries/ptinit.o
girmask             0x2               binaries/evec.o
ttytab              0x110             binaries/ttyinit.o
userproclist        0x2               binaries/ready.o
proctab             0x28a0            binaries/initialize.o
prcount             0x4               binaries/initialize.o
lfltab              0xf00             binaries/lflinit.o
rdstab              0x8c              binaries/rdsinit.o
ethertab            0x130             binaries/ethinit.o
NetData             0xb0              binaries/net.o
total_tickets       0x4               binaries/initialize.o
nmarks              0x4               binaries/mark.o
initsp              0x4               binaries/i386.o
Defer               0x8               binaries/resched.o
semtab              0x4b0             binaries/initialize.o
maxheap             0x4               binaries/meminit.o
preempt             0x4               binaries/clkinit.o
buftab              0xf0              binaries/bufinit.o
Rf_data             0x18              binaries/rfsinit.o
mkmutex             0x4               binaries/mark.o
clktime             0x4               binaries/clkinit.o
arpcache            0x140             binaries/arp.o
icmptab             0x230             binaries/icmp.o
nbpools             0x4               binaries/bufinit.o
queuetab            0x990             binaries/queue.o
ptnextid            0x4               binaries/ptinit.o
flag_print_debug_logs
                    0x1               binaries/initialize.o
Ram                 0x19000           binaries/raminit.o
ipoqueue            0x2c              binaries/ip.o
memlist             0x8               binaries/initialize.o
nametab             0x19a0            binaries/naminit.o
ptfree              0x4               binaries/ptinit.o

Memory Configuration

Name             Origin             Length             Attributes
*default*        0x0000000000000000 0xffffffffffffffff

Linker script and memory map

                0x0000000000100000                physbase = 0x100000
                0x0000000000100000                . = physbase
                0x0000000000100000                . = ALIGN (0x1000)

.text           0x0000000000100000    0x1b000
                0x0000000000100000                text = ABSOLUTE (.)
 *(.text .text.*)
 .text          0x0000000000100000      0x165 binaries/start.o
                0x0000000000100020                entry
                0x000000000010003d                start
                0x00000000001000a5                inb
                0x00000000001000ad                inw
                0x00000000001000b6                inl
                0x00000000001000be                outb
                0x00000000001000c8                outw
                0x00000000001000d3                outl
                0x00000000001000dd                _rtcin
                0x00000000001000e8                ___udivsi3
                0x00000000001000f3                ___divsi3
                0x00000000001000ff                sbzero
                0x000000000010010f                bcopy
                0x0000000000100123                insw
                0x0000000000100139                outsw
                0x000000000010014f                lidt
                0x0000000000100157                jumptocode
                0x000000000010015e                jumptobootcode
 .text          0x0000000000100165      0x3e3 binaries/ascdate.o
                0x0000000000100165                ascdate
 .text          0x0000000000100548       0x14 binaries/bufinit.o
                0x0000000000100548                bufinit
 .text          0x000000000010055c       0x95 binaries/burst_execution.o
                0x000000000010055c                burst_execution
 .text          0x00000000001005f1       0x95 binaries/chprio.o
                0x00000000001005f1                chprio
 .text          0x0000000000100686      0x1bc binaries/clkhandler.o
                0x0000000000100686                clkhandler
 .text          0x0000000000100842       0x7e binaries/clkinit.o
                0x0000000000100842                clkinit
 .text          0x00000000001008c0       0x75 binaries/close.o
                0x00000000001008c0                close
 .text          0x0000000000100935        0x0 binaries/conf.o
 .text          0x0000000000100935       0x7b binaries/control.o
                0x0000000000100935                control
 .text          0x00000000001009b0      0x32f binaries/create.o
                0x00000000001009b0                create
 .text          0x0000000000100cdf      0x366 binaries/create_user_process.o
                0x0000000000100cdf                create_user_process
                0x0000000000101007                set_tickets
 .text          0x0000000000101045      0x35f binaries/evec.o
                0x0000000000101045                initevec
                0x000000000010109c                set_evec
                0x000000000010113e                trap
 .text          0x00000000001013a4       0x19 binaries/exit.o
                0x00000000001013a4                exit
 .text          0x00000000001013bd       0x8c binaries/freebuf.o
                0x00000000001013bd                freebuf
 .text          0x0000000000101449      0x172 binaries/freemem.o
                0x0000000000101449                freemem
 .text          0x00000000001015bb       0x8a binaries/getbuf.o
                0x00000000001015bb                getbuf
 .text          0x0000000000101645       0x75 binaries/getc.o
                0x0000000000101645                getc
 .text          0x00000000001016ba       0x74 binaries/getdev.o
                0x00000000001016ba                getdev
 .text          0x000000000010172e       0xd0 binaries/getitem.o
                0x000000000010172e                getfirst
                0x0000000000101773                getlast
                0x00000000001017ba                getitem
 .text          0x00000000001017fe      0x10a binaries/getmem.o
                0x00000000001017fe                getmem
 .text          0x0000000000101908        0xa binaries/getpid.o
                0x0000000000101908                getpid
 .text          0x0000000000101912       0x7d binaries/getprio.o
                0x0000000000101912                getprio
 .text          0x000000000010198f       0xfb binaries/getstk.o
                0x000000000010198f                getstk
 .text          0x0000000000101a8a       0x16 binaries/getticks.o
                0x0000000000101a8a                getticks
 .text          0x0000000000101aa0       0x3a binaries/gettime.o
                0x0000000000101aa0                gettime
 .text          0x0000000000101ada      0x1ea binaries/getutime.o
                0x0000000000101ada                getutime
 .text          0x0000000000101cc4      0x3c5 binaries/i386.o
                0x0000000000101cc4                setsegs
                0x0000000000101dd6                init8259
                0x0000000000101e88                pseg
                0x0000000000102030                setirmask
 .text          0x0000000000102089       0x75 binaries/init.o
                0x0000000000102089                init
 .text          0x00000000001020fe      0x4e1 binaries/initialize.o
                0x00000000001020fe                nulluser
                0x0000000000102586                stop
                0x00000000001025b1                delay
 .text          0x00000000001025df      0x1bc binaries/insert.o
                0x00000000001025df                insert
                0x00000000001026bd                insert_usr_proc
 .text          0x000000000010279b      0x110 binaries/insertd.o
                0x000000000010279b                insertd
 .text          0x00000000001028ab        0xa binaries/ioerr.o
                0x00000000001028ab                ioerr
 .text          0x00000000001028b5        0xa binaries/ionull.o
                0x00000000001028b5                ionull
 .text          0x00000000001028bf      0x1d2 binaries/kill.o
                0x00000000001028bf                kill
 .text          0x0000000000102a91      0x14e binaries/kprintf.o
                0x0000000000102a91                kputc
                0x0000000000102b24                kgetc
                0x0000000000102bb5                kprintf
 .text          0x0000000000102bdf      0x427 binaries/main.o
                0x0000000000102bdf                timed_execution
                0x0000000000102c09                sync_printf
                0x0000000000102cb9                main
 .text          0x0000000000103006       0xb5 binaries/mark.o
                0x0000000000103006                markinit
                0x000000000010302a                mark
 .text          0x00000000001030bb       0xcc binaries/meminit.o
                0x00000000001030bb                meminit
 .text          0x0000000000103187      0x174 binaries/mkbufpool.o
                0x0000000000103187                mkbufpool
 .text          0x00000000001032fb       0x94 binaries/newqueue.o
                0x00000000001032fb                newqueue
 .text          0x000000000010338f       0x7b binaries/open.o
                0x000000000010338f                open
 .text          0x000000000010340a       0x20 binaries/panic.o
                0x000000000010340a                panic
 .text          0x000000000010342a      0x489 binaries/pci.o
                0x000000000010342a                pci_init
                0x00000000001036e7                find_pci_device
                0x0000000000103735                pci_bios_read_config_byte
                0x0000000000103774                pci_bios_read_config_word
                0x00000000001037b6                pci_bios_read_config_dword
                0x00000000001037f5                pci_bios_write_config_byte
                0x0000000000103836                pci_bios_write_config_word
                0x0000000000103878                pci_bios_write_config_dword
 .text          0x00000000001038b3       0x90 binaries/print_ready_list.o
                0x00000000001038b3                print_ready_list
 .text          0x0000000000103943       0xf1 binaries/ptclear.o
                0x0000000000103943                _ptclear
 .text          0x0000000000103a34       0x9d binaries/ptcount.o
                0x0000000000103a34                ptcount
 .text          0x0000000000103ad1      0x116 binaries/ptcreate.o
                0x0000000000103ad1                ptcreate
 .text          0x0000000000103be7       0x7f binaries/ptdelete.o
                0x0000000000103be7                ptdelete
 .text          0x0000000000103c66       0xbf binaries/ptinit.o
                0x0000000000103c66                ptinit
 .text          0x0000000000103d25      0x11b binaries/ptrecv.o
                0x0000000000103d25                ptrecv
 .text          0x0000000000103e40       0x77 binaries/ptreset.o
                0x0000000000103e40                ptreset
 .text          0x0000000000103eb7      0x13d binaries/ptsend.o
                0x0000000000103eb7                ptsend
 .text          0x0000000000103ff4       0x80 binaries/putc.o
                0x0000000000103ff4                putc
 .text          0x0000000000104074      0x216 binaries/queue.o
                0x0000000000104074                enqueue
                0x0000000000104118                dequeue
                0x0000000000104185                dequeue_userproclist
 .text          0x000000000010428a       0x7b binaries/read.o
                0x000000000010428a                read
 .text          0x0000000000104305       0xaa binaries/ready.o
                0x0000000000104305                ready
 .text          0x00000000001043af       0x64 binaries/receive.o
                0x00000000001043af                receive
 .text          0x0000000000104413       0x60 binaries/recvclr.o
                0x0000000000104413                recvclr
 .text          0x0000000000104473       0xbf binaries/recvtime.o
                0x0000000000104473                recvtime
 .text          0x0000000000104532      0x5da binaries/resched.o
                0x0000000000104532                lottery_winner
                0x00000000001045d5                resched
                0x0000000000104a97                resched_cntl
 .text          0x0000000000104b0c       0xb2 binaries/resume.o
                0x0000000000104b0c                resume
 .text          0x0000000000104bbe       0x79 binaries/seek.o
                0x0000000000104bbe                seek
 .text          0x0000000000104c37       0x70 binaries/semcount.o
                0x0000000000104c37                semcount
 .text          0x0000000000104ca7       0xd6 binaries/semcreate.o
                0x0000000000104ca7                semcreate
 .text          0x0000000000104d7d       0xcd binaries/semdelete.o
                0x0000000000104d7d                semdelete
 .text          0x0000000000104e4a       0xcb binaries/semreset.o
                0x0000000000104e4a                semreset
 .text          0x0000000000104f15       0xee binaries/send.o
                0x0000000000104f15                send
 .text          0x0000000000105003       0xa8 binaries/signal.o
                0x0000000000105003                signal
 .text          0x00000000001050ab       0xd6 binaries/signaln.o
                0x00000000001050ab                signaln
 .text          0x0000000000105181      0x10d binaries/sleep.o
                0x0000000000105181                sleep
                0x00000000001051cf                sleepms
 .text          0x000000000010528e      0x193 binaries/stacktrace.o
                0x000000000010528e                stacktrace
 .text          0x0000000000105421       0xe8 binaries/suspend.o
                0x0000000000105421                suspend
 .text          0x0000000000105509       0xea binaries/unsleep.o
                0x0000000000105509                unsleep
 .text          0x00000000001055f3       0x19 binaries/userret.o
                0x00000000001055f3                userret
 .text          0x000000000010560c       0xdf binaries/wait.o
                0x000000000010560c                wait
 .text          0x00000000001056eb       0x72 binaries/wakeup.o
                0x00000000001056eb                wakeup
 .text          0x000000000010575d       0x7b binaries/write.o
                0x000000000010575d                write
 .text          0x00000000001057d8       0x1d binaries/xdone.o
                0x00000000001057d8                xdone
 .text          0x00000000001057f5       0x28 binaries/yield.o
                0x00000000001057f5                yield
 .text          0x000000000010581d       0x11 binaries/abs.o
                0x000000000010581d                abs
 .text          0x000000000010582e       0x8f binaries/atoi.o
                0x000000000010582e                atoi
 .text          0x00000000001058bd       0x8f binaries/atol.o
                0x00000000001058bd                atol
 .text          0x000000000010594c       0x31 binaries/bzero.o
                0x000000000010594c                bzero
 .text          0x000000000010597d        0x0 binaries/ctype_.o
 .text          0x000000000010597d      0x8ed binaries/doprnt.o
                0x000000000010597d                _doprnt
 .text          0x000000000010626a      0x65c binaries/doscan.o
                0x000000000010626a                _doscan
 .text          0x00000000001068c6      0x711 binaries/fdoprnt.o
                0x00000000001068c6                _fdoprnt
 .text          0x0000000000106fd7       0x29 binaries/fgetc.o
                0x0000000000106fd7                fgetc
 .text          0x0000000000107000       0x75 binaries/fgets.o
                0x0000000000107000                fgets
 .text          0x0000000000107075       0x2a binaries/fprintf.o
                0x0000000000107075                fprintf
 .text          0x000000000010709f       0x2c binaries/fputc.o
                0x000000000010709f                fputc
 .text          0x00000000001070cb       0x43 binaries/fputs.o
                0x00000000001070cb                fputs
 .text          0x000000000010710e       0x8a binaries/fscanf.o
                0x000000000010710e                fscanf
 .text          0x0000000000107198       0x35 binaries/getchar.o
                0x0000000000107198                getchar
 .text          0x00000000001071cd       0x11 binaries/labs.o
                0x00000000001071cd                labs
 .text          0x00000000001071de        0x0 binaries/memchr.o
 .text          0x00000000001071de       0x51 binaries/memcmp.o
                0x00000000001071de                memcmp
 .text          0x000000000010722f       0x3f binaries/memcpy.o
                0x000000000010722f                memcpy
 .text          0x000000000010726e       0x30 binaries/memset.o
                0x000000000010726e                memset
 .text          0x000000000010729e       0x4b binaries/printf.o
                0x000000000010729e                printf
 .text          0x00000000001072e9       0x38 binaries/putchar.o
                0x00000000001072e9                putchar
 .text          0x0000000000107321      0x27e binaries/qsort.o
                0x0000000000107321                qsort
 .text          0x000000000010759f       0x63 binaries/rand.o
                0x000000000010759f                rand
                0x00000000001075b7                rand_r
                0x00000000001075f5                srand
 .text          0x0000000000107602       0x66 binaries/sprintf.o
                0x0000000000107602                sprintf
 .text          0x0000000000107668       0x70 binaries/sscanf.o
                0x0000000000107668                sscanf
 .text          0x00000000001076d8       0x3c binaries/strchr.o
                0x00000000001076d8                strchr
 .text          0x0000000000107714       0x45 binaries/strcmp.o
                0x0000000000107714                strcmp
 .text          0x0000000000107759       0x27 binaries/strcpy.o
                0x0000000000107759                strcpy
 .text          0x0000000000107780       0x26 binaries/strlen.o
                0x0000000000107780                strlen
 .text          0x00000000001077a6       0x56 binaries/strncat.o
                0x00000000001077a6                strncat
 .text          0x00000000001077fc       0x5f binaries/strncmp.o
                0x00000000001077fc                strncmp
 .text          0x000000000010785b       0x4f binaries/strncpy.o
                0x000000000010785b                strncpy
 .text          0x00000000001078aa       0x2e binaries/strnlen.o
                0x00000000001078aa                strnlen
 .text          0x00000000001078d8       0x45 binaries/strrchr.o
                0x00000000001078d8                strrchr
 .text          0x000000000010791d       0x6d binaries/strstr.o
                0x000000000010791d                strstr
 .text          0x000000000010798a       0xe4 binaries/ttycontrol.o
                0x000000000010798a                ttycontrol
 .text          0x0000000000107a6e       0x97 binaries/ttygetc.o
                0x0000000000107a6e                ttygetc
 .text          0x0000000000107b05      0x6ee binaries/ttyhandle_in.o
                0x0000000000107b05                ttyhandle_in
 .text          0x00000000001081f3      0x1ae binaries/ttyhandle_out.o
                0x00000000001081f3                ttyhandle_out
 .text          0x00000000001083a1       0xce binaries/ttyhandler.o
                0x00000000001083a1                ttyhandler
 .text          0x000000000010846f      0x22f binaries/ttyinit.o
                0x000000000010846f                ttyinit
 .text          0x000000000010869e       0x1b binaries/ttykickout.o
                0x000000000010869e                ttykickout
 .text          0x00000000001086b9       0xb7 binaries/ttyputc.o
                0x00000000001086b9                ttyputc
 .text          0x0000000000108770      0x11b binaries/ttyread.o
                0x0000000000108770                ttyread
 .text          0x000000000010888b       0x4f binaries/ttywrite.o
                0x000000000010888b                ttywrite
 .text          0x00000000001088da      0x14b binaries/mount.o
                0x00000000001088da                mount
                0x00000000001089ef                namlen
 .text          0x0000000000108a25      0x1ea binaries/naminit.o
                0x0000000000108a25                naminit
 .text          0x0000000000108c0f      0x211 binaries/nammap.o
                0x0000000000108c0f                nammap
                0x0000000000108c9a                namrepl
                0x0000000000108dd0                namcpy
 .text          0x0000000000108e20       0x4e binaries/namopen.o
                0x0000000000108e20                namopen
 .text          0x0000000000108e6e      0xec3 binaries/82545EMInit.o
                0x0000000000108ecc                _82545EMInit
                0x0000000000109b9d                _82545EM_read_phy_reg
                0x0000000000109c63                _82545EM_write_phy_reg
 .text          0x0000000000109d31      0x241 binaries/ethcontrol.o
                0x0000000000109d8f                ethcontrol
                0x0000000000109f05                ethIrqDisable
                0x0000000000109f3a                ethIrqEnable
 .text          0x0000000000109f72      0x252 binaries/ethhandler.o
                0x000000000010a0e2                ethhandler
 .text          0x000000000010a1c4      0x126 binaries/ethinit.o
                0x000000000010a1c4                ethinit
 .text          0x000000000010a2ea      0x1f4 binaries/ethread.o
                0x000000000010a348                ethread
 .text          0x000000000010a4de      0x19f binaries/ethwrite.o
                0x000000000010a53c                ethwrite
 .text          0x000000000010a67d       0x9e binaries/rdsbufalloc.o
                0x000000000010a67d                rdsbufalloc
 .text          0x000000000010a71b       0xcc binaries/rdsclose.o
                0x000000000010a71b                rdsclose
 .text          0x000000000010a7e7      0x2e8 binaries/rdscomm.o
                0x000000000010a7e7                rdscomm
 .text          0x000000000010aacf      0x233 binaries/rdscontrol.o
                0x000000000010aacf                rdscontrol
 .text          0x000000000010ad02      0x1f3 binaries/rdsinit.o
                0x000000000010ad02                rdsinit
 .text          0x000000000010aef5      0x19b binaries/rdsopen.o
                0x000000000010aef5                rdsopen
 .text          0x000000000010b090      0x461 binaries/rdsprocess.o
                0x000000000010b090                rdsprocess
 .text          0x000000000010b4f1      0x259 binaries/rdsread.o
                0x000000000010b4f1                rdsread
 .text          0x000000000010b74a      0x1fe binaries/rdswrite.o
                0x000000000010b74a                rdswrite
 .text          0x000000000010b948        0xa binaries/ramclose.o
                0x000000000010b948                ramclose
 .text          0x000000000010b952       0x3e binaries/raminit.o
                0x000000000010b952                raminit
 .text          0x000000000010b990        0xa binaries/ramopen.o
                0x000000000010b990                ramopen
 .text          0x000000000010b99a       0x32 binaries/ramread.o
                0x000000000010b99a                ramread
 .text          0x000000000010b9cc       0x32 binaries/ramwrite.o
                0x000000000010b9cc                ramwrite
 .text          0x000000000010b9fe       0x98 binaries/lfdballoc.o
                0x000000000010b9fe                lfdballoc
 .text          0x000000000010ba96       0x58 binaries/lfdbfree.o
                0x000000000010ba96                lfdbfree
 .text          0x000000000010baee       0xb6 binaries/lfflush.o
                0x000000000010baee                lfflush
 .text          0x000000000010bba4       0xd8 binaries/lfgetmode.o
                0x000000000010bba4                lfgetmode
 .text          0x000000000010bc7c       0x68 binaries/lfiballoc.o
                0x000000000010bc7c                lfiballoc
 .text          0x000000000010bce4       0x3b binaries/lfibclear.o
                0x000000000010bce4                lfibclear
 .text          0x000000000010bd1f       0xad binaries/lfibget.o
                0x000000000010bd1f                lfibget
 .text          0x000000000010bdcc       0xdc binaries/lfibput.o
                0x000000000010bdcc                lfibput
 .text          0x000000000010bea8       0xa2 binaries/lflclose.o
                0x000000000010bea8                lflclose
 .text          0x000000000010bf4a       0xd0 binaries/lflcontrol.o
                0x000000000010bf4a                lflcontrol
 .text          0x000000000010c01a       0xf2 binaries/lflgetc.o
                0x000000000010c01a                lflgetc
 .text          0x000000000010c10c       0xf1 binaries/lflinit.o
                0x000000000010c10c                lflinit
 .text          0x000000000010c1fd      0x122 binaries/lflputc.o
                0x000000000010c1fd                lflputc
 .text          0x000000000010c31f       0x70 binaries/lflread.o
                0x000000000010c31f                lflread
 .text          0x000000000010c38f       0xac binaries/lflseek.o
                0x000000000010c38f                lflseek
 .text          0x000000000010c43b       0x55 binaries/lflwrite.o
                0x000000000010c43b                lflwrite
 .text          0x000000000010c490       0x62 binaries/lfscheck.o
                0x000000000010c490                lfscheck
 .text          0x000000000010c4f2      0x175 binaries/lfsckfmt.o
                0x000000000010c4f2                lfsckfmt
 .text          0x000000000010c667      0x1ad binaries/lfscreate.o
                0x000000000010c667                lfscreate
 .text          0x000000000010c814      0x278 binaries/lfsetup.o
                0x000000000010c814                lfsetup
 .text          0x000000000010ca8c       0x51 binaries/lfsinit.o
                0x000000000010ca8c                lfsinit
 .text          0x000000000010cadd      0x3c0 binaries/lfsopen.o
                0x000000000010cadd                lfsopen
 .text          0x000000000010ce9d      0x15e binaries/lftruncate.o
                0x000000000010ce9d                lftruncate
 .text          0x000000000010cffb       0x71 binaries/rflclose.o
                0x000000000010cffb                rflclose
 .text          0x000000000010d06c       0x32 binaries/rflgetc.o
                0x000000000010d06c                rflgetc
 .text          0x000000000010d09e       0x76 binaries/rflinit.o
                0x000000000010d09e                rflinit
 .text          0x000000000010d114       0x33 binaries/rflputc.o
                0x000000000010d114                rflputc
 .text          0x000000000010d147      0x360 binaries/rflread.o
                0x000000000010d147                rflread
 .text          0x000000000010d4a7       0x74 binaries/rflseek.o
                0x000000000010d4a7                rflseek
 .text          0x000000000010d51b      0x34d binaries/rflwrite.o
                0x000000000010d51b                rflwrite
 .text          0x000000000010d868      0x1e2 binaries/rfscomm.o
                0x000000000010d868                rfscomm
 .text          0x000000000010da4a      0x26d binaries/rfscontrol.o
                0x000000000010da4a                rfscontrol
 .text          0x000000000010dcb7       0xd8 binaries/rfsgetmode.o
                0x000000000010dcb7                rfsgetmode
 .text          0x000000000010dd8f       0x86 binaries/rfsinit.o
                0x000000000010dd8f                rfsinit
 .text          0x000000000010de15      0x111 binaries/rfsndmsg.o
                0x000000000010de15                rfsndmsg
 .text          0x000000000010df26      0x2aa binaries/rfsopen.o
                0x000000000010df26                rfsopen
 .text          0x000000000010e1d0      0x836 binaries/arp.o
                0x000000000010e1d0                arp_init
                0x000000000010e202                arp_resolve
                0x000000000010e4b6                arp_in
                0x000000000010e76e                arp_alloc
                0x000000000010e82e                arp_ntoh
                0x000000000010e91a                arp_hton
 .text          0x000000000010ea06      0x8e3 binaries/dhcp.o
                0x000000000010ea06                dhcp_get_opt_val
                0x000000000010ea5f                dhcp_bld_bootp_msg
                0x000000000010eb6c                dhcp_bld_disc
                0x000000000010ec55                dhcp_bld_req
                0x000000000010edc7                getlocalip
 .text          0x000000000010f2e9      0x59f binaries/dns.o
                0x000000000010f2e9                dnslookup
 .text          0x000000000010f888       0xe8 binaries/dot2ip.o
                0x000000000010f888                dot2ip
 .text          0x000000000010f970      0x4c4 binaries/hexdump.o
                0x000000000010f970                hexdump
                0x000000000010fb17                hexadump
 .text          0x000000000010fe34      0x8af binaries/icmp.o
                0x000000000010fe34                icmp_init
                0x000000000010fe6b                icmp_in
                0x0000000000110041                icmp_register
                0x000000000011013c                icmp_recv
                0x00000000001102c8                icmp_send
                0x0000000000110350                icmp_mkpkt
                0x000000000011046a                icmp_release
                0x0000000000110568                icmp_cksum
                0x00000000001105fb                icmp_hton
                0x000000000011066f                icmp_ntoh
 .text          0x00000000001106e3      0x8a5 binaries/ip.o
                0x00000000001106e3                ip_in
                0x0000000000110867                ip_send
                0x00000000001109c2                ip_local
                0x0000000000110a0e                ip_out
                0x0000000000110b47                ipcksum
                0x0000000000110bcd                ip_ntoh
                0x0000000000110cb9                ip_hton
                0x0000000000110da5                ipout
                0x0000000000110ed4                ip_enqueue
 .text          0x0000000000110f88      0x2cd binaries/net.o
                0x0000000000110f88                net_init
                0x00000000001110b0                netin
                0x000000000011116d                eth_hton
                0x0000000000111197                eth_ntoh
                0x00000000001111c1                getport
 .text          0x0000000000111255     0x147f binaries/pdump.o
                0x0000000000111255                pdump
                0x0000000000112012                pdumph
 .text          0x00000000001126d4      0x613 binaries/tftp.o
                0x00000000001126d4                tftp_send1
                0x000000000011284c                tftpget
                0x000000000011287e                tftpget_mb
 .text          0x0000000000112ce7      0xb82 binaries/udp.o
                0x0000000000112ce7                udp_init
                0x0000000000112d1c                udp_in
                0x0000000000112e5e                udp_register
                0x0000000000112f9b                udp_recv
                0x0000000000113137                udp_recvaddr
                0x00000000001132eb                udp_send
                0x00000000001134d3                udp_sendto
                0x0000000000113684                udp_release
                0x000000000011377f                udp_ntoh
                0x00000000001137f4                udp_hton
 .text          0x0000000000113869      0x13c binaries/addargs.o
                0x0000000000113869                addargs
 .text          0x00000000001139a5      0x2c9 binaries/lexan.o
                0x00000000001139a5                lexan
 .text          0x0000000000113c6e      0x66b binaries/shell.o
                0x0000000000113c6e                shell
 .text          0x00000000001142d9       0x69 binaries/xsh_argecho.o
                0x00000000001142d9                xsh_argecho
 .text          0x0000000000114342      0x275 binaries/xsh_arp.o
                0x0000000000114342                xsh_arp
 .text          0x00000000001145b7      0x28a binaries/xsh_cat.o
                0x00000000001145b7                xsh_cat
 .text          0x0000000000114841       0x62 binaries/xsh_clear.o
                0x0000000000114841                xsh_clear
 .text          0x00000000001148a3      0x30e binaries/xsh_date.o
                0x00000000001148a3                xsh_date
 .text          0x0000000000114bb1       0xb2 binaries/xsh_devdump.o
                0x0000000000114bb1                xsh_devdump
 .text          0x0000000000114c63       0x72 binaries/xsh_echo.o
                0x0000000000114c63                xsh_echo
 .text          0x0000000000114cd5        0xa binaries/xsh_exit.o
                0x0000000000114cd5                xsh_exit
 .text          0x0000000000114cdf      0x391 binaries/xsh_help.o
                0x0000000000114cdf                xsh_help
 .text          0x0000000000115070      0x25d binaries/xsh_kill.o
                0x0000000000115070                xsh_kill
 .text          0x00000000001152cd      0x55d binaries/xsh_memdump.o
                0x00000000001152cd                xsh_memdump
 .text          0x000000000011582a      0x2b7 binaries/xsh_memstat.o
                0x000000000011582a                xsh_memstat
 .text          0x0000000000115ae1      0x51d binaries/xsh_netinfo.o
                0x0000000000115ae1                xsh_netinfo
 .text          0x0000000000115ffe      0x4b3 binaries/xsh_ping.o
                0x0000000000115ffe                xsh_ping
 .text          0x00000000001164b1      0x230 binaries/xsh_ps.o
                0x00000000001164b1                xsh_ps
 .text          0x00000000001166e1      0x239 binaries/xsh_sleep.o
                0x00000000001166e1                xsh_sleep
 .text          0x000000000011691a      0x282 binaries/xsh_udpdump.o
                0x000000000011691a                xsh_udpdump
 .text          0x0000000000116b9c      0x4ea binaries/xsh_udpecho.o
                0x0000000000116b9c                xsh_udpecho
 .text          0x0000000000117086      0x2c8 binaries/xsh_udpserver.o
                0x0000000000117086                xsh_udpeserver
 .text          0x000000000011734e      0x1fb binaries/xsh_uptime.o
                0x000000000011734e                xsh_uptime
 .text          0x0000000000117549        0xe binaries/clkdisp.o
                0x0000000000117549                clkdisp
 .text          0x0000000000117557       0x19 binaries/ctxsw.o
                0x0000000000117557                ctxsw
 .text          0x0000000000117570      0x36b binaries/intr.o
                0x0000000000117570                disable
                0x0000000000117579                restore
                0x0000000000117587                enable
                0x0000000000117589                pause
                0x0000000000117590                halt
                0x0000000000117596                spurious_irq7
                0x000000000011759b                spurious_irq15
                0x00000000001175aa                _Xint0
                0x00000000001175b5                _Xint1
                0x00000000001175c0                _Xint2
                0x00000000001175cb                _Xint3
                0x00000000001175d6                _Xint4
                0x00000000001175e1                _Xint5
                0x00000000001175ec                _Xint6
                0x00000000001175f7                _Xint7
                0x0000000000117602                _Xint8
                0x000000000011760d                _Xint9
                0x0000000000117618                _Xint10
                0x0000000000117623                _Xint11
                0x0000000000117631                _Xint12
                0x000000000011763f                _Xint13
                0x000000000011764d                _Xint14
                0x000000000011765b                _Xint15
                0x0000000000117669                _Xint16
                0x0000000000117677                _Xint17
                0x0000000000117685                _Xint18
                0x0000000000117693                _Xint19
                0x00000000001176a1                _Xint20
                0x00000000001176af                _Xint21
                0x00000000001176bd                _Xint22
                0x00000000001176cb                _Xint23
                0x00000000001176d9                _Xint24
                0x00000000001176e7                _Xint25
                0x00000000001176f5                _Xint26
                0x0000000000117703                _Xint27
                0x0000000000117711                _Xint28
                0x000000000011771f                _Xint29
                0x000000000011772d                _Xint30
                0x000000000011773b                _Xint31
                0x0000000000117749                _Xint32
                0x0000000000117757                _Xint33
                0x0000000000117765                _Xint34
                0x0000000000117773                _Xint35
                0x0000000000117781                _Xint36
                0x000000000011778f                _Xint37
                0x000000000011779d                _Xint38
                0x00000000001177ab                _Xint39
                0x00000000001177b9                _Xint40
                0x00000000001177c7                _Xint41
                0x00000000001177d5                _Xint42
                0x00000000001177e3                _Xint43
                0x00000000001177f1                _Xint44
                0x00000000001177ff                _Xint45
                0x000000000011780d                _Xint46
                0x000000000011781b                defevec
 .text          0x00000000001178db        0xf binaries/ttydispatch.o
                0x00000000001178db                ttydispatch
 .text          0x00000000001178ea       0x13 binaries/ethdispatch.o
                0x00000000001178ea                ethdispatch
 *(.rodata .rodata.*)
 *fill*         0x00000000001178fd        0x3 
 .rodata        0x0000000000117900       0x8e binaries/ascdate.o
 .rodata        0x000000000011798e       0xae binaries/conf.o
 .rodata        0x0000000000117a3c      0x22f binaries/evec.o
 *fill*         0x0000000000117c6b        0x1 
 .rodata        0x0000000000117c6c       0x61 binaries/getutime.o
 *fill*         0x0000000000117ccd        0x3 
 .rodata        0x0000000000117cd0       0x90 binaries/i386.o
 .rodata        0x0000000000117d60      0x1a9 binaries/initialize.o
 *fill*         0x0000000000117f09        0x3 
 .rodata        0x0000000000117f0c       0x20 binaries/kill.o
 .rodata        0x0000000000117f2c      0x10b binaries/main.o
 .rodata        0x0000000000118037        0xf binaries/panic.o
 *fill*         0x0000000000118046        0x2 
 .rodata        0x0000000000118048      0x1ec binaries/pci.o
 .rodata        0x0000000000118234       0x2f binaries/print_ready_list.o
 .rodata        0x0000000000118263       0x1d binaries/ptinit.o
 .rodata        0x0000000000118280       0x25 binaries/ptsend.o
 *fill*         0x00000000001182a5        0x3 
 .rodata        0x00000000001182a8       0xb7 binaries/stacktrace.o
 *fill*         0x000000000011835f        0x1 
 .rodata        0x0000000000118360       0x27 binaries/xdone.o
 *fill*         0x0000000000118387       0x19 
 .rodata        0x00000000001183a0       0x81 binaries/ctype_.o
                0x00000000001183a0                _ctype_
 *fill*         0x0000000000118421        0x3 
 .rodata        0x0000000000118424       0xee binaries/doprnt.o
 *fill*         0x0000000000118512        0x2 
 .rodata        0x0000000000118514       0x98 binaries/doscan.o
 .rodata        0x00000000001185ac       0xae binaries/fdoprnt.o
 *fill*         0x000000000011865a        0x2 
 .rodata        0x000000000011865c       0x20 binaries/ttycontrol.o
 .rodata        0x000000000011867c       0x34 binaries/ttyhandler.o
 .rodata        0x00000000001186b0       0x80 binaries/naminit.o
 .rodata        0x0000000000118730       0x2e binaries/82545EMInit.o
 *fill*         0x000000000011875e        0x2 
 .rodata        0x0000000000118760       0x78 binaries/ethinit.o
 .rodata        0x00000000001187d8       0x18 binaries/ethread.o
 .rodata        0x00000000001187f0       0x2c binaries/rdsbufalloc.o
 .rodata        0x000000000011881c       0x76 binaries/rdscomm.o
 *fill*         0x0000000000118892        0x2 
 .rodata        0x0000000000118894       0x48 binaries/rdscontrol.o
 .rodata        0x00000000001188dc       0x96 binaries/rdsinit.o
 *fill*         0x0000000000118972        0x2 
 .rodata        0x0000000000118974       0x22 binaries/rdsopen.o
 *fill*         0x0000000000118996        0x2 
 .rodata        0x0000000000118998       0x4d binaries/rdsprocess.o
 .rodata        0x00000000001189e5        0x9 binaries/raminit.o
 *fill*         0x00000000001189ee        0x2 
 .rodata        0x00000000001189f0       0x37 binaries/lfdballoc.o
 .rodata        0x0000000000118a27       0x14 binaries/lfiballoc.o
 *fill*         0x0000000000118a3b        0x1 
 .rodata        0x0000000000118a3c       0x23 binaries/lflcontrol.o
 *fill*         0x0000000000118a5f        0x1 
 .rodata        0x0000000000118a60      0x11b binaries/lfsckfmt.o
 *fill*         0x0000000000118b7b        0x1 
 .rodata        0x0000000000118b7c       0x2a binaries/lfsopen.o
 *fill*         0x0000000000118ba6        0x2 
 .rodata        0x0000000000118ba8       0x21 binaries/rflread.o
 *fill*         0x0000000000118bc9        0x3 
 .rodata        0x0000000000118bcc       0x21 binaries/rflwrite.o
 *fill*         0x0000000000118bed        0x3 
 .rodata        0x0000000000118bf0       0x75 binaries/rfscomm.o
 *fill*         0x0000000000118c65        0x3 
 .rodata        0x0000000000118c68       0x3c binaries/rfscontrol.o
 .rodata        0x0000000000118ca4       0x63 binaries/rfsinit.o
 *fill*         0x0000000000118d07        0x1 
 .rodata        0x0000000000118d08       0x2a binaries/rfsndmsg.o
 *fill*         0x0000000000118d32        0x2 
 .rodata        0x0000000000118d34       0x22 binaries/rfsopen.o
 *fill*         0x0000000000118d56        0x2 
 .rodata        0x0000000000118d58       0x3a binaries/arp.o
 *fill*         0x0000000000118d92        0x2 
 .rodata        0x0000000000118d94       0xcf binaries/dhcp.o
 .rodata        0x0000000000118e63       0x1a binaries/dns.o
 *fill*         0x0000000000118e7d        0x3 
 .rodata        0x0000000000118e80       0xc9 binaries/hexdump.o
 *fill*         0x0000000000118f49        0x3 
 .rodata        0x0000000000118f4c       0x29 binaries/icmp.o
 *fill*         0x0000000000118f75        0x3 
 .rodata        0x0000000000118f78       0x6e binaries/ip.o
 *fill*         0x0000000000118fe6        0x2 
 .rodata        0x0000000000118fe8       0x4f binaries/net.o
 *fill*         0x0000000000119037        0x1 
 .rodata        0x0000000000119038      0x26f binaries/pdump.o
 *fill*         0x00000000001192a7        0x1 
 .rodata        0x00000000001192a8      0x154 binaries/tftp.o
 *fill*         0x00000000001193fc        0x4 
 .rodata        0x0000000000119400      0x3c1 binaries/shell.o
                0x0000000000119480                cmdtab
 .rodata        0x00000000001197c1       0x28 binaries/xsh_argecho.o
 *fill*         0x00000000001197e9        0x3 
 .rodata        0x00000000001197ec      0x123 binaries/xsh_arp.o
 *fill*         0x000000000011990f        0x1 
 .rodata        0x0000000000119910       0xc9 binaries/xsh_cat.o
 .rodata        0x00000000001199d9       0x19 binaries/xsh_clear.o
 *fill*         0x00000000001199f2        0x2 
 .rodata        0x00000000001199f4      0x1c3 binaries/xsh_date.o
 .rodata        0x0000000000119bb7       0x5d binaries/xsh_devdump.o
 .rodata        0x0000000000119c14        0x9 binaries/xsh_echo.o
 *fill*         0x0000000000119c1d        0x3 
 .rodata        0x0000000000119c20      0x169 binaries/xsh_help.o
 *fill*         0x0000000000119d89        0x3 
 .rodata        0x0000000000119d8c      0x12e binaries/xsh_kill.o
 *fill*         0x0000000000119eba        0x2 
 .rodata        0x0000000000119ebc      0x266 binaries/xsh_memdump.o
 *fill*         0x000000000011a122        0x2 
 .rodata        0x000000000011a124      0x225 binaries/xsh_memstat.o
 *fill*         0x000000000011a349        0x3 
 .rodata        0x000000000011a34c      0x1b0 binaries/xsh_netinfo.o
 .rodata        0x000000000011a4fc      0x1a1 binaries/xsh_ping.o
 *fill*         0x000000000011a69d        0x3 
 .rodata        0x000000000011a6a0      0x1e0 binaries/xsh_ps.o
 .rodata        0x000000000011a880       0xeb binaries/xsh_sleep.o
 *fill*         0x000000000011a96b        0x1 
 .rodata        0x000000000011a96c      0x1b8 binaries/xsh_udpdump.o
 .rodata        0x000000000011ab24      0x215 binaries/xsh_udpecho.o
 *fill*         0x000000000011ad39        0x3 
 .rodata        0x000000000011ad3c      0x12b binaries/xsh_udpserver.o
 *fill*         0x000000000011ae67        0x1 
 .rodata        0x000000000011ae68      0x105 binaries/xsh_uptime.o
                0x000000000011af6d                etext = ABSOLUTE (.)
                0x000000000011b000                . = ALIGN (0x1000)
 *fill*         0x000000000011af6d       0x93 

.eh_frame       0x000000000011b000     0x2d88
 .eh_frame      0x000000000011b000       0x38 binaries/ascdate.o
 .eh_frame      0x000000000011b038       0x20 binaries/bufinit.o
                                         0x38 (size before relaxing)
 .eh_frame      0x000000000011b058       0x20 binaries/burst_execution.o
                                         0x38 (size before relaxing)
 .eh_frame      0x000000000011b078       0x20 binaries/chprio.o
                                         0x38 (size before relaxing)
 .eh_frame      0x000000000011b098       0x20 binaries/clkhandler.o
                                         0x38 (size before relaxing)
 .eh_frame      0x000000000011b0b8       0x20 binaries/clkinit.o
                                         0x38 (size before relaxing)
 .eh_frame      0x000000000011b0d8       0x20 binaries/close.o
                                         0x38 (size before relaxing)
 .eh_frame      0x000000000011b0f8       0x20 binaries/control.o
                                         0x38 (size before relaxing)
 .eh_frame      0x000000000011b118       0x40 binaries/create.o
                                         0x58 (size before relaxing)
 .eh_frame      0x000000000011b158       0x60 binaries/create_user_process.o
                                         0x78 (size before relaxing)
 .eh_frame      0x000000000011b1b8       0x60 binaries/evec.o
                                         0x78 (size before relaxing)
 .eh_frame      0x000000000011b218       0x20 binaries/exit.o
                                         0x38 (size before relaxing)
 .eh_frame      0x000000000011b238       0x20 binaries/freebuf.o
                                         0x38 (size before relaxing)
 .eh_frame      0x000000000011b258       0x20 binaries/freemem.o
                                         0x38 (size before relaxing)
 .eh_frame      0x000000000011b278       0x20 binaries/getbuf.o
                                         0x38 (size before relaxing)
 .eh_frame      0x000000000011b298       0x20 binaries/getc.o
                                         0x38 (size before relaxing)
 .eh_frame      0x000000000011b2b8       0x20 binaries/getdev.o
                                         0x38 (size before relaxing)
 .eh_frame      0x000000000011b2d8       0x60 binaries/getitem.o
                                         0x78 (size before relaxing)
 .eh_frame      0x000000000011b338       0x20 binaries/getmem.o
                                         0x38 (size before relaxing)
 .eh_frame      0x000000000011b358       0x20 binaries/getpid.o
                                         0x38 (size before relaxing)
 .eh_frame      0x000000000011b378       0x20 binaries/getprio.o
                                         0x38 (size before relaxing)
 .eh_frame      0x000000000011b398       0x20 binaries/getstk.o
                                         0x38 (size before relaxing)
 .eh_frame      0x000000000011b3b8       0x20 binaries/getticks.o
                                         0x38 (size before relaxing)
 .eh_frame      0x000000000011b3d8       0x20 binaries/gettime.o
                                         0x38 (size before relaxing)
 .eh_frame      0x000000000011b3f8       0x20 binaries/getutime.o
                                         0x38 (size before relaxing)
 .eh_frame      0x000000000011b418       0x8c binaries/i386.o
                                         0xa4 (size before relaxing)
 .eh_frame      0x000000000011b4a4       0x20 binaries/init.o
                                         0x38 (size before relaxing)
 .eh_frame      0x000000000011b4c4       0xa0 binaries/initialize.o
                                         0xb8 (size before relaxing)
 .eh_frame      0x000000000011b564       0x40 binaries/insert.o
                                         0x58 (size before relaxing)
 .eh_frame      0x000000000011b5a4       0x20 binaries/insertd.o
                                         0x38 (size before relaxing)
 .eh_frame      0x000000000011b5c4       0x20 binaries/ioerr.o
                                         0x38 (size before relaxing)
 .eh_frame      0x000000000011b5e4       0x20 binaries/ionull.o
                                         0x38 (size before relaxing)
 .eh_frame      0x000000000011b604       0x20 binaries/kill.o
                                         0x38 (size before relaxing)
 .eh_frame      0x000000000011b624       0x60 binaries/kprintf.o
                                         0x78 (size before relaxing)
 .eh_frame      0x000000000011b684       0x84 binaries/main.o
                                         0x9c (size before relaxing)
 .eh_frame      0x000000000011b708       0x40 binaries/mark.o
                                         0x58 (size before relaxing)
 .eh_frame      0x000000000011b748       0x20 binaries/meminit.o
                                         0x38 (size before relaxing)
 .eh_frame      0x000000000011b768       0x20 binaries/mkbufpool.o
                                         0x38 (size before relaxing)
 .eh_frame      0x000000000011b788       0x20 binaries/newqueue.o
                                         0x38 (size before relaxing)
 .eh_frame      0x000000000011b7a8       0x20 binaries/open.o
                                         0x38 (size before relaxing)
 .eh_frame      0x000000000011b7c8       0x1c binaries/panic.o
                                         0x34 (size before relaxing)
 .eh_frame      0x000000000011b7e4      0x1c8 binaries/pci.o
                                        0x1e0 (size before relaxing)
 .eh_frame      0x000000000011b9ac       0x20 binaries/print_ready_list.o
                                         0x38 (size before relaxing)
 .eh_frame      0x000000000011b9cc       0x20 binaries/ptclear.o
                                         0x38 (size before relaxing)
 .eh_frame      0x000000000011b9ec       0x20 binaries/ptcount.o
                                         0x38 (size before relaxing)
 .eh_frame      0x000000000011ba0c       0x20 binaries/ptcreate.o
                                         0x38 (size before relaxing)
 .eh_frame      0x000000000011ba2c       0x20 binaries/ptdelete.o
                                         0x38 (size before relaxing)
 .eh_frame      0x000000000011ba4c       0x20 binaries/ptinit.o
                                         0x38 (size before relaxing)
 .eh_frame      0x000000000011ba6c       0x20 binaries/ptrecv.o
                                         0x38 (size before relaxing)
 .eh_frame      0x000000000011ba8c       0x20 binaries/ptreset.o
                                         0x38 (size before relaxing)
 .eh_frame      0x000000000011baac       0x20 binaries/ptsend.o
                                         0x38 (size before relaxing)
 .eh_frame      0x000000000011bacc       0x20 binaries/putc.o
                                         0x38 (size before relaxing)
 .eh_frame      0x000000000011baec       0x60 binaries/queue.o
                                         0x78 (size before relaxing)
 .eh_frame      0x000000000011bb4c       0x20 binaries/read.o
                                         0x38 (size before relaxing)
 .eh_frame      0x000000000011bb6c       0x24 binaries/ready.o
                                         0x3c (size before relaxing)
 .eh_frame      0x000000000011bb90       0x20 binaries/receive.o
                                         0x38 (size before relaxing)
 .eh_frame      0x000000000011bbb0       0x20 binaries/recvclr.o
                                         0x38 (size before relaxing)
 .eh_frame      0x000000000011bbd0       0x20 binaries/recvtime.o
                                         0x38 (size before relaxing)
 .eh_frame      0x000000000011bbf0       0x60 binaries/resched.o
                                         0x78 (size before relaxing)
 .eh_frame      0x000000000011bc50       0x20 binaries/resume.o
                                         0x38 (size before relaxing)
 .eh_frame      0x000000000011bc70       0x20 binaries/seek.o
                                         0x38 (size before relaxing)
 .eh_frame      0x000000000011bc90       0x20 binaries/semcount.o
                                         0x38 (size before relaxing)
 .eh_frame      0x000000000011bcb0       0x40 binaries/semcreate.o
                                         0x58 (size before relaxing)
 .eh_frame      0x000000000011bcf0       0x20 binaries/semdelete.o
                                         0x38 (size before relaxing)
 .eh_frame      0x000000000011bd10       0x20 binaries/semreset.o
                                         0x38 (size before relaxing)
 .eh_frame      0x000000000011bd30       0x20 binaries/send.o
                                         0x38 (size before relaxing)
 .eh_frame      0x000000000011bd50       0x20 binaries/signal.o
                                         0x38 (size before relaxing)
 .eh_frame      0x000000000011bd70       0x20 binaries/signaln.o
                                         0x38 (size before relaxing)
 .eh_frame      0x000000000011bd90       0x40 binaries/sleep.o
                                         0x58 (size before relaxing)
 .eh_frame      0x000000000011bdd0       0x20 binaries/stacktrace.o
                                         0x38 (size before relaxing)
 .eh_frame      0x000000000011bdf0       0x20 binaries/suspend.o
                                         0x38 (size before relaxing)
 .eh_frame      0x000000000011be10       0x20 binaries/unsleep.o
                                         0x38 (size before relaxing)
 .eh_frame      0x000000000011be30       0x20 binaries/userret.o
                                         0x38 (size before relaxing)
 .eh_frame      0x000000000011be50       0x20 binaries/wait.o
                                         0x38 (size before relaxing)
 .eh_frame      0x000000000011be70       0x20 binaries/wakeup.o
                                         0x38 (size before relaxing)
 .eh_frame      0x000000000011be90       0x20 binaries/write.o
                                         0x38 (size before relaxing)
 .eh_frame      0x000000000011beb0       0x20 binaries/xdone.o
                                         0x38 (size before relaxing)
 .eh_frame      0x000000000011bed0       0x20 binaries/yield.o
                                         0x38 (size before relaxing)
 .eh_frame      0x000000000011bef0       0x20 binaries/abs.o
                                         0x38 (size before relaxing)
 .eh_frame      0x000000000011bf10       0x20 binaries/atoi.o
                                         0x38 (size before relaxing)
 .eh_frame      0x000000000011bf30       0x20 binaries/atol.o
                                         0x38 (size before relaxing)
 .eh_frame      0x000000000011bf50       0x20 binaries/bzero.o
                                         0x38 (size before relaxing)
 .eh_frame      0x000000000011bf70       0xe0 binaries/doprnt.o
                                         0xf8 (size before relaxing)
 .eh_frame      0x000000000011c050       0xb0 binaries/doscan.o
                                         0xc8 (size before relaxing)
 .eh_frame      0x000000000011c100       0xc0 binaries/fdoprnt.o
                                         0xd8 (size before relaxing)
 .eh_frame      0x000000000011c1c0       0x20 binaries/fgetc.o
                                         0x38 (size before relaxing)
 .eh_frame      0x000000000011c1e0       0x20 binaries/fgets.o
                                         0x38 (size before relaxing)
 .eh_frame      0x000000000011c200       0x20 binaries/fprintf.o
                                         0x38 (size before relaxing)
 .eh_frame      0x000000000011c220       0x20 binaries/fputc.o
                                         0x38 (size before relaxing)
 .eh_frame      0x000000000011c240       0x20 binaries/fputs.o
                                         0x38 (size before relaxing)
 .eh_frame      0x000000000011c260       0x60 binaries/fscanf.o
                                         0x78 (size before relaxing)
 .eh_frame      0x000000000011c2c0       0x20 binaries/getchar.o
                                         0x38 (size before relaxing)
 .eh_frame      0x000000000011c2e0       0x20 binaries/labs.o
                                         0x38 (size before relaxing)
 .eh_frame      0x000000000011c300       0x20 binaries/memcmp.o
                                         0x38 (size before relaxing)
 .eh_frame      0x000000000011c320       0x24 binaries/memcpy.o
                                         0x3c (size before relaxing)
 .eh_frame      0x000000000011c344       0x24 binaries/memset.o
                                         0x3c (size before relaxing)
 .eh_frame      0x000000000011c368       0x20 binaries/printf.o
                                         0x38 (size before relaxing)
 .eh_frame      0x000000000011c388       0x20 binaries/putchar.o
                                         0x38 (size before relaxing)
 .eh_frame      0x000000000011c3a8       0xa8 binaries/qsort.o
                                         0xc0 (size before relaxing)
 .eh_frame      0x000000000011c450       0x60 binaries/rand.o
                                         0x78 (size before relaxing)
 .eh_frame      0x000000000011c4b0       0x40 binaries/sprintf.o
                                         0x58 (size before relaxing)
 .eh_frame      0x000000000011c4f0       0x60 binaries/sscanf.o
                                         0x78 (size before relaxing)
 .eh_frame      0x000000000011c550       0x20 binaries/strchr.o
                                         0x38 (size before relaxing)
 .eh_frame      0x000000000011c570       0x20 binaries/strcmp.o
                                         0x38 (size before relaxing)
 .eh_frame      0x000000000011c590       0x20 binaries/strcpy.o
                                         0x38 (size before relaxing)
 .eh_frame      0x000000000011c5b0       0x20 binaries/strlen.o
                                         0x38 (size before relaxing)
 .eh_frame      0x000000000011c5d0       0x20 binaries/strncat.o
                                         0x38 (size before relaxing)
 .eh_frame      0x000000000011c5f0       0x20 binaries/strncmp.o
                                         0x38 (size before relaxing)
 .eh_frame      0x000000000011c610       0x28 binaries/strncpy.o
                                         0x40 (size before relaxing)
 .eh_frame      0x000000000011c638       0x20 binaries/strnlen.o
                                         0x38 (size before relaxing)
 .eh_frame      0x000000000011c658       0x20 binaries/strrchr.o
                                         0x38 (size before relaxing)
 .eh_frame      0x000000000011c678       0x20 binaries/strstr.o
                                         0x38 (size before relaxing)
 .eh_frame      0x000000000011c698       0x20 binaries/ttycontrol.o
                                         0x38 (size before relaxing)
 .eh_frame      0x000000000011c6b8       0x20 binaries/ttygetc.o
                                         0x38 (size before relaxing)
 .eh_frame      0x000000000011c6d8       0x80 binaries/ttyhandle_in.o
                                         0x98 (size before relaxing)
 .eh_frame      0x000000000011c758       0x20 binaries/ttyhandle_out.o
                                         0x38 (size before relaxing)
 .eh_frame      0x000000000011c778       0x20 binaries/ttyhandler.o
                                         0x38 (size before relaxing)
 .eh_frame      0x000000000011c798       0x20 binaries/ttyinit.o
                                         0x38 (size before relaxing)
 .eh_frame      0x000000000011c7b8       0x20 binaries/ttykickout.o
                                         0x38 (size before relaxing)
 .eh_frame      0x000000000011c7d8       0x20 binaries/ttyputc.o
                                         0x38 (size before relaxing)
 .eh_frame      0x000000000011c7f8       0x24 binaries/ttyread.o
                                         0x3c (size before relaxing)
 .eh_frame      0x000000000011c81c       0x20 binaries/ttywrite.o
                                         0x38 (size before relaxing)
 .eh_frame      0x000000000011c83c       0x40 binaries/mount.o
                                         0x58 (size before relaxing)
 .eh_frame      0x000000000011c87c       0x20 binaries/naminit.o
                                         0x38 (size before relaxing)
 .eh_frame      0x000000000011c89c       0x60 binaries/nammap.o
                                         0x78 (size before relaxing)
 .eh_frame      0x000000000011c8fc       0x20 binaries/namopen.o
                                         0x38 (size before relaxing)
 .eh_frame      0x000000000011c91c      0x150 binaries/82545EMInit.o
                                        0x168 (size before relaxing)
 .eh_frame      0x000000000011ca6c       0xa0 binaries/ethcontrol.o
                                         0xb8 (size before relaxing)
 .eh_frame      0x000000000011cb0c       0x80 binaries/ethhandler.o
                                         0x98 (size before relaxing)
 .eh_frame      0x000000000011cb8c       0x20 binaries/ethinit.o
                                         0x38 (size before relaxing)
 .eh_frame      0x000000000011cbac       0x60 binaries/ethread.o
                                         0x78 (size before relaxing)
 .eh_frame      0x000000000011cc0c       0x60 binaries/ethwrite.o
                                         0x78 (size before relaxing)
 .eh_frame      0x000000000011cc6c       0x20 binaries/rdsbufalloc.o
                                         0x38 (size before relaxing)
 .eh_frame      0x000000000011cc8c       0x20 binaries/rdsclose.o
                                         0x38 (size before relaxing)
 .eh_frame      0x000000000011ccac       0x20 binaries/rdscomm.o
                                         0x38 (size before relaxing)
 .eh_frame      0x000000000011cccc       0x20 binaries/rdscontrol.o
                                         0x38 (size before relaxing)
 .eh_frame      0x000000000011ccec       0x20 binaries/rdsinit.o
                                         0x38 (size before relaxing)
 .eh_frame      0x000000000011cd0c       0x20 binaries/rdsopen.o
                                         0x38 (size before relaxing)
 .eh_frame      0x000000000011cd2c       0x1c binaries/rdsprocess.o
                                         0x34 (size before relaxing)
 .eh_frame      0x000000000011cd48       0x20 binaries/rdsread.o
                                         0x38 (size before relaxing)
 .eh_frame      0x000000000011cd68       0x20 binaries/rdswrite.o
                                         0x38 (size before relaxing)
 .eh_frame      0x000000000011cd88       0x20 binaries/ramclose.o
                                         0x38 (size before relaxing)
 .eh_frame      0x000000000011cda8       0x20 binaries/raminit.o
                                         0x38 (size before relaxing)
 .eh_frame      0x000000000011cdc8       0x20 binaries/ramopen.o
                                         0x38 (size before relaxing)
 .eh_frame      0x000000000011cde8       0x20 binaries/ramread.o
                                         0x38 (size before relaxing)
 .eh_frame      0x000000000011ce08       0x20 binaries/ramwrite.o
                                         0x38 (size before relaxing)
 .eh_frame      0x000000000011ce28       0x20 binaries/lfdballoc.o
                                         0x38 (size before relaxing)
 .eh_frame      0x000000000011ce48       0x20 binaries/lfdbfree.o
                                         0x38 (size before relaxing)
 .eh_frame      0x000000000011ce68       0x20 binaries/lfflush.o
                                         0x38 (size before relaxing)
 .eh_frame      0x000000000011ce88       0x20 binaries/lfgetmode.o
                                         0x38 (size before relaxing)
 .eh_frame      0x000000000011cea8       0x20 binaries/lfiballoc.o
                                         0x38 (size before relaxing)
 .eh_frame      0x000000000011cec8       0x20 binaries/lfibclear.o
                                         0x38 (size before relaxing)
 .eh_frame      0x000000000011cee8       0x20 binaries/lfibget.o
                                         0x38 (size before relaxing)
 .eh_frame      0x000000000011cf08       0x20 binaries/lfibput.o
                                         0x38 (size before relaxing)
 .eh_frame      0x000000000011cf28       0x20 binaries/lflclose.o
                                         0x38 (size before relaxing)
 .eh_frame      0x000000000011cf48       0x20 binaries/lflcontrol.o
                                         0x38 (size before relaxing)
 .eh_frame      0x000000000011cf68       0x20 binaries/lflgetc.o
                                         0x38 (size before relaxing)
 .eh_frame      0x000000000011cf88       0x20 binaries/lflinit.o
                                         0x38 (size before relaxing)
 .eh_frame      0x000000000011cfa8       0x20 binaries/lflputc.o
                                         0x38 (size before relaxing)
 .eh_frame      0x000000000011cfc8       0x20 binaries/lflread.o
                                         0x38 (size before relaxing)
 .eh_frame      0x000000000011cfe8       0x20 binaries/lflseek.o
                                         0x38 (size before relaxing)
 .eh_frame      0x000000000011d008       0x20 binaries/lflwrite.o
                                         0x38 (size before relaxing)
 .eh_frame      0x000000000011d028       0x20 binaries/lfscheck.o
                                         0x38 (size before relaxing)
 .eh_frame      0x000000000011d048       0x20 binaries/lfsckfmt.o
                                         0x38 (size before relaxing)
 .eh_frame      0x000000000011d068       0x20 binaries/lfscreate.o
                                         0x38 (size before relaxing)
 .eh_frame      0x000000000011d088       0x20 binaries/lfsetup.o
                                         0x38 (size before relaxing)
 .eh_frame      0x000000000011d0a8       0x20 binaries/lfsinit.o
                                         0x38 (size before relaxing)
 .eh_frame      0x000000000011d0c8       0x20 binaries/lfsopen.o
                                         0x38 (size before relaxing)
 .eh_frame      0x000000000011d0e8       0x20 binaries/lftruncate.o
                                         0x38 (size before relaxing)
 .eh_frame      0x000000000011d108       0x20 binaries/rflclose.o
                                         0x38 (size before relaxing)
 .eh_frame      0x000000000011d128       0x20 binaries/rflgetc.o
                                         0x38 (size before relaxing)
 .eh_frame      0x000000000011d148       0x20 binaries/rflinit.o
                                         0x38 (size before relaxing)
 .eh_frame      0x000000000011d168       0x20 binaries/rflputc.o
                                         0x38 (size before relaxing)
 .eh_frame      0x000000000011d188       0x20 binaries/rflread.o
                                         0x38 (size before relaxing)
 .eh_frame      0x000000000011d1a8       0x20 binaries/rflseek.o
                                         0x38 (size before relaxing)
 .eh_frame      0x000000000011d1c8       0x20 binaries/rflwrite.o
                                         0x38 (size before relaxing)
 .eh_frame      0x000000000011d1e8       0x20 binaries/rfscomm.o
                                         0x38 (size before relaxing)
 .eh_frame      0x000000000011d208       0x20 binaries/rfscontrol.o
                                         0x38 (size before relaxing)
 .eh_frame      0x000000000011d228       0x20 binaries/rfsgetmode.o
                                         0x38 (size before relaxing)
 .eh_frame      0x000000000011d248       0x20 binaries/rfsinit.o
                                         0x38 (size before relaxing)
 .eh_frame      0x000000000011d268       0x20 binaries/rfsndmsg.o
                                         0x38 (size before relaxing)
 .eh_frame      0x000000000011d288       0x20 binaries/rfsopen.o
                                         0x38 (size before relaxing)
 .eh_frame      0x000000000011d2a8       0xc0 binaries/arp.o
                                         0xd8 (size before relaxing)
 .eh_frame      0x000000000011d368       0xa0 binaries/dhcp.o
                                         0xb8 (size before relaxing)
 .eh_frame      0x000000000011d408       0x80 binaries/dns.o
                                         0x98 (size before relaxing)
 .eh_frame      0x000000000011d488       0x20 binaries/dot2ip.o
                                         0x38 (size before relaxing)
 .eh_frame      0x000000000011d4a8       0x40 binaries/hexdump.o
                                         0x58 (size before relaxing)
 .eh_frame      0x000000000011d4e8      0x14c binaries/icmp.o
                                        0x164 (size before relaxing)
 .eh_frame      0x000000000011d634      0x11c binaries/ip.o
                                        0x134 (size before relaxing)
 .eh_frame      0x000000000011d750       0xa0 binaries/net.o
                                         0xb8 (size before relaxing)
 .eh_frame      0x000000000011d7f0       0x60 binaries/pdump.o
                                         0x78 (size before relaxing)
 .eh_frame      0x000000000011d850       0x60 binaries/tftp.o
                                         0x78 (size before relaxing)
 .eh_frame      0x000000000011d8b0      0x140 binaries/udp.o
                                        0x158 (size before relaxing)
 .eh_frame      0x000000000011d9f0       0x20 binaries/addargs.o
                                         0x38 (size before relaxing)
 .eh_frame      0x000000000011da10       0x20 binaries/lexan.o
                                         0x38 (size before relaxing)
 .eh_frame      0x000000000011da30       0x20 binaries/shell.o
                                         0x38 (size before relaxing)
 .eh_frame      0x000000000011da50       0x20 binaries/xsh_argecho.o
                                         0x38 (size before relaxing)
 .eh_frame      0x000000000011da70       0x40 binaries/xsh_arp.o
                                         0x58 (size before relaxing)
 .eh_frame      0x000000000011dab0       0x20 binaries/xsh_cat.o
                                         0x38 (size before relaxing)
 .eh_frame      0x000000000011dad0       0x20 binaries/xsh_clear.o
                                         0x38 (size before relaxing)
 .eh_frame      0x000000000011daf0       0x20 binaries/xsh_date.o
                                         0x38 (size before relaxing)
 .eh_frame      0x000000000011db10       0x20 binaries/xsh_devdump.o
                                         0x38 (size before relaxing)
 .eh_frame      0x000000000011db30       0x20 binaries/xsh_echo.o
                                         0x38 (size before relaxing)
 .eh_frame      0x000000000011db50       0x20 binaries/xsh_exit.o
                                         0x38 (size before relaxing)
 .eh_frame      0x000000000011db70       0x20 binaries/xsh_help.o
                                         0x38 (size before relaxing)
 .eh_frame      0x000000000011db90       0x20 binaries/xsh_kill.o
                                         0x38 (size before relaxing)
 .eh_frame      0x000000000011dbb0       0x40 binaries/xsh_memdump.o
                                         0x58 (size before relaxing)
 .eh_frame      0x000000000011dbf0       0x60 binaries/xsh_memstat.o
                                         0x78 (size before relaxing)
 .eh_frame      0x000000000011dc50       0x30 binaries/xsh_netinfo.o
                                         0x48 (size before relaxing)
 .eh_frame      0x000000000011dc80       0x24 binaries/xsh_ping.o
                                         0x3c (size before relaxing)
 .eh_frame      0x000000000011dca4       0x30 binaries/xsh_ps.o
                                         0x48 (size before relaxing)
 .eh_frame      0x000000000011dcd4       0x20 binaries/xsh_sleep.o
                                         0x38 (size before relaxing)
 .eh_frame      0x000000000011dcf4       0x20 binaries/xsh_udpdump.o
                                         0x38 (size before relaxing)
 .eh_frame      0x000000000011dd14       0x30 binaries/xsh_udpecho.o
                                         0x48 (size before relaxing)
 .eh_frame      0x000000000011dd44       0x24 binaries/xsh_udpserver.o
                                         0x3c (size before relaxing)
 .eh_frame      0x000000000011dd68       0x20 binaries/xsh_uptime.o
                                         0x38 (size before relaxing)

.iplt           0x000000000011dd90        0x0
 .iplt          0x000000000011dd90        0x0 binaries/start.o

.rel.dyn        0x000000000011dd88        0x0
 .rel.iplt      0x000000000011dd88        0x0 binaries/start.o
 .rel.text      0x000000000011dd88        0x0 binaries/start.o
 .rel.data      0x000000000011dd88        0x0 binaries/start.o
 .rel.rodata    0x000000000011dd88        0x0 binaries/start.o

.data           0x000000000011dda0     0x1260
                0x000000000011dda0                data = ABSOLUTE (.)
 *(.data .data.*)
 .data          0x000000000011dda0      0x460 binaries/start.o
                0x000000000011dda0                gdt
                0x000000000011dde0                gdtr
                0x000000000011dde6                idt
                0x000000000011e1e6                idtr
                0x000000000011e1ec                cpudelay
                0x000000000011e1f0                _bootdev
                0x000000000011e1f4                _cyloffset
 .data          0x000000000011e200       0x88 binaries/ascdate.o
                0x000000000011e200                Date
 .data          0x000000000011e288        0x0 binaries/bufinit.o
 .data          0x000000000011e288        0x0 binaries/burst_execution.o
 .data          0x000000000011e288        0x0 binaries/chprio.o
 .data          0x000000000011e288        0x4 binaries/clkhandler.o
 .data          0x000000000011e28c        0x0 binaries/clkinit.o
 .data          0x000000000011e28c        0x0 binaries/close.o
 *fill*         0x000000000011e28c       0x14 
 .data          0x000000000011e2a0      0x5a0 binaries/conf.o
                0x000000000011e2a0                devtab
 .data          0x000000000011e840        0x0 binaries/control.o
 .data          0x000000000011e840        0x4 binaries/create.o
 .data          0x000000000011e844        0x4 binaries/create_user_process.o
 *fill*         0x000000000011e848       0x18 
 .data          0x000000000011e860       0x40 binaries/evec.o
                0x000000000011e860                inames
 .data          0x000000000011e8a0        0x0 binaries/exit.o
 .data          0x000000000011e8a0        0x0 binaries/freebuf.o
 .data          0x000000000011e8a0        0x0 binaries/freemem.o
 .data          0x000000000011e8a0        0x0 binaries/getbuf.o
 .data          0x000000000011e8a0        0x0 binaries/getc.o
 .data          0x000000000011e8a0        0x0 binaries/getdev.o
 .data          0x000000000011e8a0        0x0 binaries/getitem.o
 .data          0x000000000011e8a0        0x0 binaries/getmem.o
 .data          0x000000000011e8a0        0x0 binaries/getpid.o
 .data          0x000000000011e8a0        0x0 binaries/getprio.o
 .data          0x000000000011e8a0        0x0 binaries/getstk.o
 .data          0x000000000011e8a0        0x0 binaries/getticks.o
 .data          0x000000000011e8a0        0x0 binaries/gettime.o
 .data          0x000000000011e8a0        0x0 binaries/getutime.o
 .data          0x000000000011e8a0       0x40 binaries/i386.o
                0x000000000011e8a0                gdt_copy
 .data          0x000000000011e8e0        0x0 binaries/init.o
 .data          0x000000000011e8e0        0x0 binaries/initialize.o
 .data          0x000000000011e8e0        0x0 binaries/insert.o
 .data          0x000000000011e8e0        0x0 binaries/insertd.o
 .data          0x000000000011e8e0        0x0 binaries/ioerr.o
 .data          0x000000000011e8e0        0x0 binaries/ionull.o
 .data          0x000000000011e8e0        0x0 binaries/kill.o
 .data          0x000000000011e8e0        0x0 binaries/kprintf.o
 .data          0x000000000011e8e0        0x0 binaries/main.o
 .data          0x000000000011e8e0        0x0 binaries/mark.o
 .data          0x000000000011e8e0        0x0 binaries/meminit.o
 .data          0x000000000011e8e0        0x0 binaries/mkbufpool.o
 .data          0x000000000011e8e0        0x2 binaries/newqueue.o
 .data          0x000000000011e8e2        0x0 binaries/open.o
 .data          0x000000000011e8e2        0x0 binaries/panic.o
 *fill*         0x000000000011e8e2        0x2 
 .data          0x000000000011e8e4       0x10 binaries/pci.o
[...]
 .comment       0x000000000000001d       0x1e binaries/icmp.o
 .comment       0x000000000000001d       0x1e binaries/ip.o
 .comment       0x000000000000001d       0x1e binaries/net.o
 .comment       0x000000000000001d       0x1e binaries/pdump.o
 .comment       0x000000000000001d       0x1e binaries/tftp.o
 .comment       0x000000000000001d       0x1e binaries/udp.o
 .comment       0x000000000000001d       0x1e binaries/addargs.o
 .comment       0x000000000000001d       0x1e binaries/lexan.o
 .comment       0x000000000000001d       0x1e binaries/shell.o
 .comment       0x000000000000001d       0x1e binaries/xsh_argecho.o
 .comment       0x000000000000001d       0x1e binaries/xsh_arp.o
 .comment       0x000000000000001d       0x1e binaries/xsh_cat.o
 .comment       0x000000000000001d       0x1e binaries/xsh_clear.o
 .comment       0x000000000000001d       0x1e binaries/xsh_date.o
 .comment       0x000000000000001d       0x1e binaries/xsh_devdump.o
 .comment       0x000000000000001d       0x1e binaries/xsh_echo.o
 .comment       0x000000000000001d       0x1e binaries/xsh_exit.o
 .comment       0x000000000000001d       0x1e binaries/xsh_help.o
 .comment       0x000000000000001d       0x1e binaries/xsh_kill.o
 .comment       0x000000000000001d       0x1e binaries/xsh_memdump.o
 .comment       0x000000000000001d       0x1e binaries/xsh_memstat.o
 .comment       0x000000000000001d       0x1e binaries/xsh_netinfo.o
 .comment       0x000000000000001d       0x1e binaries/xsh_ping.o
 .comment       0x000000000000001d       0x1e binaries/xsh_ps.o
 .comment       0x000000000000001d       0x1e binaries/xsh_sleep.o
 .comment       0x000000000000001d       0x1e binaries/xsh_udpdump.o
 .comment       0x000000000000001d       0x1e binaries/xsh_udpecho.o
 .comment       0x000000000000001d       0x1e binaries/xsh_udpserver.o
 .comment       0x000000000000001d       0x1e binaries/xsh_uptime.o

.note.GNU-stack
                0x0000000000000000        0x0
 .note.GNU-stack
                0x0000000000000000        0x0 binaries/ascdate.o
 .note.GNU-stack
                0x0000000000000000        0x0 binaries/bufinit.o
 .note.GNU-stack
                0x0000000000000000        0x0 binaries/burst_execution.o
 .note.GNU-stack
                0x0000000000000000        0x0 binaries/chprio.o
 .note.GNU-stack
                0x0000000000000000        0x0 binaries/clkhandler.o
 .note.GNU-stack
                0x0000000000000000        0x0 binaries/clkinit.o
 .note.GNU-stack
                0x0000000000000000        0x0 binaries/close.o
 .note.GNU-stack
                0x0000000000000000        0x0 binaries/conf.o
 .note.GNU-stack
                0x0000000000000000        0x0 binaries/control.o
 .note.GNU-stack
                0x0000000000000000        0x0 binaries/create.o
 .note.GNU-stack
                0x0000000000000000        0x0 binaries/create_user_process.o
 .note.GNU-stack
                0x0000000000000000        0x0 binaries/evec.o
 .note.GNU-stack
                0x0000000000000000        0x0 binaries/exit.o
 .note.GNU-stack
                0x0000000000000000        0x0 binaries/freebuf.o
 .note.GNU-stack
                0x0000000000000000        0x0 binaries/freemem.o
 .note.GNU-stack
                0x0000000000000000        0x0 binaries/getbuf.o
 .note.GNU-stack
                0x0000000000000000        0x0 binaries/getc.o
 .note.GNU-stack
                0x0000000000000000        0x0 binaries/getdev.o
 .note.GNU-stack
                0x0000000000000000        0x0 binaries/getitem.o
 .note.GNU-stack
                0x0000000000000000        0x0 binaries/getmem.o
 .note.GNU-stack
                0x0000000000000000        0x0 binaries/getpid.o
 .note.GNU-stack
                0x0000000000000000        0x0 binaries/getprio.o
 .note.GNU-stack
                0x0000000000000000        0x0 binaries/getstk.o
 .note.GNU-stack
                0x0000000000000000        0x0 binaries/getticks.o
 .note.GNU-stack
                0x0000000000000000        0x0 binaries/gettime.o
 .note.GNU-stack
                0x0000000000000000        0x0 binaries/getutime.o
 .note.GNU-stack
                0x0000000000000000        0x0 binaries/i386.o
 .note.GNU-stack
                0x0000000000000000        0x0 binaries/init.o
 .note.GNU-stack
                0x0000000000000000        0x0 binaries/initialize.o
 .note.GNU-stack
                0x0000000000000000        0x0 binaries/insert.o
 .note.GNU-stack
                0x0000000000000000        0x0 binaries/insertd.o
 .note.GNU-stack
                0x0000000000000000        0x0 binaries/ioerr.o
 .note.GNU-stack
                0x0000000000000000        0x0 binaries/ionull.o
 .note.GNU-stack
                0x0000000000000000        0x0 binaries/kill.o
 .note.GNU-stack
                0x0000000000000000        0x0 binaries/kprintf.o
 .note.GNU-stack
                0x0000000000000000        0x0 binaries/main.o
 .note.GNU-stack
                0x0000000000000000        0x0 binaries/mark.o
 .note.GNU-stack
                0x0000000000000000        0x0 binaries/meminit.o
 .note.GNU-stack
                0x0000000000000000        0x0 binaries/mkbufpool.o
 .note.GNU-stack
                0x0000000000000000        0x0 binaries/newqueue.o
 .note.GNU-stack
                0x0000000000000000        0x0 binaries/open.o
 .note.GNU-stack
                0x0000000000000000        0x0 binaries/panic.o
 .note.GNU-stack
                0x0000000000000000        0x0 binaries/pci.o
 .note.GNU-stack
                0x0000000000000000        0x0 binaries/print_ready_list.o
 .note.GNU-stack
                0x0000000000000000        0x0 binaries/ptclear.o
 .note.GNU-stack
                0x0000000000000000        0x0 binaries/ptcount.o
 .note.GNU-stack
                0x0000000000000000        0x0 binaries/ptcreate.o
 .note.GNU-stack
                0x0000000000000000        0x0 binaries/ptdelete.o
 .note.GNU-stack
                0x0000000000000000        0x0 binaries/ptinit.o
 .note.GNU-stack
                0x0000000000000000        0x0 binaries/ptrecv.o
 .note.GNU-stack
                0x0000000000000000        0x0 binaries/ptreset.o
 .note.GNU-stack
                0x0000000000000000        0x0 binaries/ptsend.o
 .note.GNU-stack
                0x0000000000000000        0x0 binaries/putc.o
 .note.GNU-stack
                0x0000000000000000        0x0 binaries/queue.o
 .note.GNU-stack
                0x0000000000000000        0x0 binaries/read.o
 .note.GNU-stack
                0x0000000000000000        0x0 binaries/ready.o
 .note.GNU-stack
                0x0000000000000000        0x0 binaries/receive.o
 .note.GNU-stack
                0x0000000000000000        0x0 binaries/recvclr.o
 .note.GNU-stack
                0x0000000000000000        0x0 binaries/recvtime.o
 .note.GNU-stack
                0x0000000000000000        0x0 binaries/resched.o
 .note.GNU-stack
                0x0000000000000000        0x0 binaries/resume.o
 .note.GNU-stack
                0x0000000000000000        0x0 binaries/seek.o
 .note.GNU-stack
                0x0000000000000000        0x0 binaries/semcount.o
 .note.GNU-stack
                0x0000000000000000        0x0 binaries/semcreate.o
 .note.GNU-stack
                0x0000000000000000        0x0 binaries/semdelete.o
 .note.GNU-stack
                0x0000000000000000        0x0 binaries/semreset.o
 .note.GNU-stack
                0x0000000000000000        0x0 binaries/send.o
 .note.GNU-stack
                0x0000000000000000        0x0 binaries/signal.o
 .note.GNU-stack
                0x0000000000000000        0x0 binaries/signaln.o
 .note.GNU-stack
                0x0000000000000000        0x0 binaries/sleep.o
 .note.GNU-stack
                0x0000000000000000        0x0 binaries/stacktrace.o
 .note.GNU-stack
                0x0000000000000000        0x0 binaries/suspend.o
 .note.GNU-stack
                0x0000000000000000        0x0 binaries/unsleep.o
 .note.GNU-stack
                0x0000000000000000        0x0 binaries/userret.o
 .note.GNU-stack
                0x0000000000000000        0x0 binaries/wait.o
 .note.GNU-stack
                0x0000000000000000        0x0 binaries/wakeup.o
 .note.GNU-stack
                0x0000000000000000        0x0 binaries/write.o
 .note.GNU-stack
                0x0000000000000000        0x0 binaries/xdone.o
 .note.GNU-stack
                0x0000000000000000        0x0 binaries/yield.o
 .note.GNU-stack
                0x0000000000000000        0x0 binaries/abs.o
 .note.GNU-stack
                0x0000000000000000        0x0 binaries/atoi.o
 .note.GNU-stack
                0x0000000000000000        0x0 binaries/atol.o
 .note.GNU-stack
                0x0000000000000000        0x0 binaries/bzero.o
 .note.GNU-stack
                0x0000000000000000        0x0 binaries/ctype_.o
 .note.GNU-stack
                0x0000000000000000        0x0 binaries/doprnt.o
 .note.GNU-stack
                0x0000000000000000        0x0 binaries/doscan.o
 .note.GNU-stack
                0x0000000000000000        0x0 binaries/fdoprnt.o
 .note.GNU-stack
                0x0000000000000000        0x0 binaries/fgetc.o
 .note.GNU-stack
                0x0000000000000000        0x0 binaries/fgets.o
 .note.GNU-stack
                0x0000000000000000        0x0 binaries/fprintf.o
 .note.GNU-stack
                0x0000000000000000        0x0 binaries/fputc.o
 .note.GNU-stack
                0x0000000000000000        0x0 binaries/fputs.o
 .note.GNU-stack
                0x0000000000000000        0x0 binaries/fscanf.o
 .note.GNU-stack
                0x0000000000000000        0x0 binaries/getchar.o
 .note.GNU-stack
                0x0000000000000000        0x0 binaries/labs.o
 .note.GNU-stack
                0x0000000000000000        0x0 binaries/memchr.o
 .note.GNU-stack
                0x0000000000000000        0x0 binaries/memcmp.o
 .note.GNU-stack
                0x0000000000000000        0x0 binaries/memcpy.o
 .note.GNU-stack
                0x0000000000000000        0x0 binaries/memset.o
 .note.GNU-stack
                0x0000000000000000        0x0 binaries/printf.o
 .note.GNU-stack
                0x0000000000000000        0x0 binaries/putchar.o
 .note.GNU-stack
                0x0000000000000000        0x0 binaries/qsort.o
 .note.GNU-stack
                0x0000000000000000        0x0 binaries/rand.o
 .note.GNU-stack
                0x0000000000000000        0x0 binaries/sprintf.o
 .note.GNU-stack
                0x0000000000000000        0x0 binaries/sscanf.o
 .note.GNU-stack
                0x0000000000000000        0x0 binaries/strchr.o
 .note.GNU-stack
                0x0000000000000000        0x0 binaries/strcmp.o
 .note.GNU-stack
                0x0000000000000000        0x0 binaries/strcpy.o
 .note.GNU-stack
                0x0000000000000000        0x0 binaries/strlen.o
 .note.GNU-stack
                0x0000000000000000        0x0 binaries/strncat.o
 .note.GNU-stack
                0x0000000000000000        0x0 binaries/strncmp.o
 .note.GNU-stack
                0x0000000000000000        0x0 binaries/strncpy.o
 .note.GNU-stack
                0x0000000000000000        0x0 binaries/strnlen.o
 .note.GNU-stack
                0x0000000000000000        0x0 binaries/strrchr.o
 .note.GNU-stack
                0x0000000000000000        0x0 binaries/strstr.o
 .note.GNU-stack
                0x0000000000000000        0x0 binaries/ttycontrol.o
 .note.GNU-stack
                0x0000000000000000        0x0 binaries/ttygetc.o
 .note.GNU-stack
                0x0000000000000000        0x0 binaries/ttyhandle_in.o
 .note.GNU-stack
                0x0000000000000000        0x0 binaries/ttyhandle_out.o
 .note.GNU-stack
                0x0000000000000000        0x0 binaries/ttyhandler.o
 .note.GNU-stack
                0x0000000000000000        0x0 binaries/ttyinit.o
 .note.GNU-stack
                0x0000000000000000        0x0 binaries/ttykickout.o
 .note.GNU-stack
                0x0000000000000000        0x0 binaries/ttyputc.o
 .note.GNU-stack
                0x0000000000000000        0x0 binaries/ttyread.o
 .note.GNU-stack
                0x0000000000000000        0x0 binaries/ttywrite.o
 .note.GNU-stack
                0x0000000000000000        0x0 binaries/mount.o
 .note.GNU-stack
                0x0000000000000000        0x0 binaries/naminit.o
 .note.GNU-stack
                0x0000000000000000        0x0 binaries/nammap.o
 .note.GNU-stack
                0x0000000000000000        0x0 binaries/namopen.o
 .note.GNU-stack
                0x0000000000000000        0x0 binaries/82545EMInit.o
 .note.GNU-stack
                0x0000000000000000        0x0 binaries/ethcontrol.o
 .note.GNU-stack
                0x0000000000000000        0x0 binaries/ethhandler.o
 .note.GNU-stack
                0x0000000000000000        0x0 binaries/ethinit.o
 .note.GNU-stack
                0x0000000000000000        0x0 binaries/ethread.o
 .note.GNU-stack
                0x0000000000000000        0x0 binaries/ethwrite.o
 .note.GNU-stack
                0x0000000000000000        0x0 binaries/rdsbufalloc.o
 .note.GNU-stack
                0x0000000000000000        0x0 binaries/rdsclose.o
 .note.GNU-stack
                0x0000000000000000        0x0 binaries/rdscomm.o
 .note.GNU-stack
                0x0000000000000000        0x0 binaries/rdscontrol.o
 .note.GNU-stack
                0x0000000000000000        0x0 binaries/rdsinit.o
 .note.GNU-stack
                0x0000000000000000        0x0 binaries/rdsopen.o
 .note.GNU-stack
                0x0000000000000000        0x0 binaries/rdsprocess.o
 .note.GNU-stack
                0x0000000000000000        0x0 binaries/rdsread.o
 .note.GNU-stack
                0x0000000000000000        0x0 binaries/rdswrite.o
 .note.GNU-stack
                0x0000000000000000        0x0 binaries/ramclose.o
 .note.GNU-stack
                0x0000000000000000        0x0 binaries/raminit.o
 .note.GNU-stack
                0x0000000000000000        0x0 binaries/ramopen.o
 .note.GNU-stack
                0x0000000000000000        0x0 binaries/ramread.o
 .note.GNU-stack
                0x0000000000000000        0x0 binaries/ramwrite.o
 .note.GNU-stack
                0x0000000000000000        0x0 binaries/lfdballoc.o
 .note.GNU-stack
                0x0000000000000000        0x0 binaries/lfdbfree.o
 .note.GNU-stack
                0x0000000000000000        0x0 binaries/lfflush.o
 .note.GNU-stack
                0x0000000000000000        0x0 binaries/lfgetmode.o
 .note.GNU-stack
                0x0000000000000000        0x0 binaries/lfiballoc.o
 .note.GNU-stack
                0x0000000000000000        0x0 binaries/lfibclear.o
 .note.GNU-stack
                0x0000000000000000        0x0 binaries/lfibget.o
 .note.GNU-stack
                0x0000000000000000        0x0 binaries/lfibput.o
 .note.GNU-stack
                0x0000000000000000        0x0 binaries/lflclose.o
 .note.GNU-stack
                0x0000000000000000        0x0 binaries/lflcontrol.o
 .note.GNU-stack
                0x0000000000000000        0x0 binaries/lflgetc.o
 .note.GNU-stack
                0x0000000000000000        0x0 binaries/lflinit.o
 .note.GNU-stack
                0x0000000000000000        0x0 binaries/lflputc.o
 .note.GNU-stack
                0x0000000000000000        0x0 binaries/lflread.o
 .note.GNU-stack
                0x0000000000000000        0x0 binaries/lflseek.o
 .note.GNU-stack
                0x0000000000000000        0x0 binaries/lflwrite.o
 .note.GNU-stack
                0x0000000000000000        0x0 binaries/lfscheck.o
 .note.GNU-stack
                0x0000000000000000        0x0 binaries/lfsckfmt.o
 .note.GNU-stack
                0x0000000000000000        0x0 binaries/lfscreate.o
 .note.GNU-stack
                0x0000000000000000        0x0 binaries/lfsetup.o
 .note.GNU-stack
                0x0000000000000000        0x0 binaries/lfsinit.o
 .note.GNU-stack
                0x0000000000000000        0x0 binaries/lfsopen.o
 .note.GNU-stack
                0x0000000000000000        0x0 binaries/lftruncate.o
 .note.GNU-stack
                0x0000000000000000        0x0 binaries/rflclose.o
 .note.GNU-stack
                0x0000000000000000        0x0 binaries/rflgetc.o
 .note.GNU-stack
                0x0000000000000000        0x0 binaries/rflinit.o
 .note.GNU-stack
                0x0000000000000000        0x0 binaries/rflputc.o
 .note.GNU-stack
                0x0000000000000000        0x0 binaries/rflread.o
 .note.GNU-stack
                0x0000000000000000        0x0 binaries/rflseek.o
 .note.GNU-stack
                0x0000000000000000        0x0 binaries/rflwrite.o
 .note.GNU-stack
                0x0000000000000000        0x0 binaries/rfscomm.o
 .note.GNU-stack
                0x0000000000000000        0x0 binaries/rfscontrol.o
 .note.GNU-stack
                0x0000000000000000        0x0 binaries/rfsgetmode.o
 .note.GNU-stack
                0x0000000000000000        0x0 binaries/rfsinit.o
 .note.GNU-stack
                0x0000000000000000        0x0 binaries/rfsndmsg.o
 .note.GNU-stack
                0x0000000000000000        0x0 binaries/rfsopen.o
 .note.GNU-stack
                0x0000000000000000        0x0 binaries/arp.o
 .note.GNU-stack
                0x0000000000000000        0x0 binaries/dhcp.o
 .note.GNU-stack
                0x0000000000000000        0x0 binaries/dns.o
 .note.GNU-stack
                0x0000000000000000        0x0 binaries/dot2ip.o
 .note.GNU-stack
                0x0000000000000000        0x0 binaries/hexdump.o
 .note.GNU-stack
                0x0000000000000000        0x0 binaries/icmp.o
 .note.GNU-stack
                0x0000000000000000        0x0 binaries/ip.o
 .note.GNU-stack
                0x0000000000000000        0x0 binaries/net.o
 .note.GNU-stack
                0x0000000000000000        0x0 binaries/pdump.o
 .note.GNU-stack
                0x0000000000000000        0x0 binaries/tftp.o
 .note.GNU-stack
                0x0000000000000000        0x0 binaries/udp.o
 .note.GNU-stack
                0x0000000000000000        0x0 binaries/addargs.o
 .note.GNU-stack
                0x0000000000000000        0x0 binaries/lexan.o
 .note.GNU-stack
                0x0000000000000000        0x0 binaries/shell.o
 .note.GNU-stack
                0x0000000000000000        0x0 binaries/xsh_argecho.o
 .note.GNU-stack
                0x0000000000000000        0x0 binaries/xsh_arp.o
 .note.GNU-stack
                0x0000000000000000        0x0 binaries/xsh_cat.o
 .note.GNU-stack
                0x0000000000000000        0x0 binaries/xsh_clear.o
 .note.GNU-stack
                0x0000000000000000        0x0 binaries/xsh_date.o
 .note.GNU-stack
                0x0000000000000000        0x0 binaries/xsh_devdump.o
 .note.GNU-stack
                0x0000000000000000        0x0 binaries/xsh_echo.o
 .note.GNU-stack
                0x0000000000000000        0x0 binaries/xsh_exit.o
 .note.GNU-stack
                0x0000000000000000        0x0 binaries/xsh_help.o
 .note.GNU-stack
                0x0000000000000000        0x0 binaries/xsh_kill.o
 .note.GNU-stack
                0x0000000000000000        0x0 binaries/xsh_memdump.o
 .note.GNU-stack
                0x0000000000000000        0x0 binaries/xsh_memstat.o
 .note.GNU-stack
                0x0000000000000000        0x0 binaries/xsh_netinfo.o
 .note.GNU-stack
                0x0000000000000000        0x0 binaries/xsh_ping.o
 .note.GNU-stack
                0x0000000000000000        0x0 binaries/xsh_ps.o
 .note.GNU-stack
                0x0000000000000000        0x0 binaries/xsh_sleep.o
 .note.GNU-stack
                0x0000000000000000        0x0 binaries/xsh_udpdump.o
 .note.GNU-stack
                0x0000000000000000        0x0 binaries/xsh_udpecho.o
 .note.GNU-stack
                0x0000000000000000        0x0 binaries/xsh_udpserver.o
 .note.GNU-stack
                0x0000000000000000        0x0 binaries/xsh_uptime.o
